Return-Path: <intel-gfx-bounces@lists.freedesktop.org>
X-Original-To: lists+intel-gfx@lfdr.de
Delivered-To: lists+intel-gfx@lfdr.de
Received: from gabe.freedesktop.org (gabe.freedesktop.org [IPv6:2610:10:20:722:a800:ff:fe36:1795])
	by mail.lfdr.de (Postfix) with ESMTPS id E3EE81EE4F4
	for <lists+intel-gfx@lfdr.de>; Thu,  4 Jun 2020 15:06:56 +0200 (CEST)
Received: from gabe.freedesktop.org (localhost [127.0.0.1])
	by gabe.freedesktop.org (Postfix) with ESMTP id 437786E369;
	Thu,  4 Jun 2020 13:06:53 +0000 (UTC)
X-Original-To: intel-gfx@lists.freedesktop.org
Delivered-To: intel-gfx@lists.freedesktop.org
Received: from merlin.infradead.org (unknown [IPv6:2001:8b0:10b:1231::1])
 by gabe.freedesktop.org (Postfix) with ESMTPS id E9DAD6E2F2
 for <intel-gfx@lists.freedesktop.org>; Thu,  4 Jun 2020 10:11:32 +0000 (UTC)
DKIM-Signature: v=1; a=rsa-sha256; q=dns/txt; c=relaxed/relaxed;
 d=infradead.org; s=merlin.20170209; h=In-Reply-To:Content-Transfer-Encoding:
 Content-Type:MIME-Version:References:Message-ID:Subject:Cc:To:From:Date:
 Sender:Reply-To:Content-ID:Content-Description;
 bh=sPVituAFEDMHSq7AMsDjvSjCcWkHIgDlk9nDjf5jJRk=; b=l3k/Vyj+32d7/bema8wC3tGIMv
 BA3EAWZAk5Eiw0V52wykjKF5mQLl6O7AzxJZBuyDfVbTnVYtxYy5x1PBVkgCutaHAXjDlvfrSfuqp
 mg1W9Mj4h+cPQcCrlkHxdu8lbaTEHpw4Q9zc6SF/6l9gDWGT/zdazvgYOfAjCAc6SxF3k3jDNZkZB
 +/L6hSJAcE9PG7nG6Tn6bvikM7ewEy7shT0tOvuULMh26AiztNY5YVWQdwle5uv/2+fs3gp4axiy4
 OdV69BdjGVKFUmzu/MZV36CHv7tVWrYmQGf9RhwLLUo9OS6li3SDqeFCnpa5Gs1WYoTVeSINOwrtL
 Cgd+n3fg==;
Received: from j217100.upc-j.chello.nl ([24.132.217.100]
 helo=noisy.programming.kicks-ass.net)
 by merlin.infradead.org with esmtpsa (Exim 4.92.3 #3 (Red Hat Linux))
 id 1jgmq7-0003bT-Cl; Thu, 04 Jun 2020 10:11:13 +0000
Received: from hirez.programming.kicks-ass.net
 (hirez.programming.kicks-ass.net [192.168.1.225])
 (using TLSv1.2 with cipher ECDHE-RSA-AES256-GCM-SHA384 (256/256 bits))
 (Client did not present a certificate)
 by noisy.programming.kicks-ass.net (Postfix) with ESMTPS id 6D9B9301ABC;
 Thu,  4 Jun 2020 12:11:08 +0200 (CEST)
Received: by hirez.programming.kicks-ass.net (Postfix, from userid 1000)
 id EEAB1209C23C0; Thu,  4 Jun 2020 12:11:07 +0200 (CEST)
Date: Thu, 4 Jun 2020 12:11:07 +0200
From: Peter Zijlstra <peterz@infradead.org>
To: "Souza, Jose" <jose.souza@intel.com>
Message-ID: <20200604101107.GA2948@hirez.programming.kicks-ass.net>
References: <20200602174639.GB2604@hirez.programming.kicks-ass.net>
 <5a40182c8a865d6c5603de4a1ff72c450ff403c3.camel@intel.com>
 <20200602182710.GD2604@hirez.programming.kicks-ass.net>
MIME-Version: 1.0
Content-Type: multipart/mixed; boundary="zhXaljGHf11kAtnf"
Content-Disposition: inline
Content-Transfer-Encoding: 8bit
In-Reply-To: <20200602182710.GD2604@hirez.programming.kicks-ass.net>
X-Mailman-Approved-At: Thu, 04 Jun 2020 13:06:51 +0000
Subject: Re: [Intel-gfx] [drm:gen8_de_irq_handler [i915]] *ERROR* Fault
 errors on pipe B: 0x00000080
X-BeenThere: intel-gfx@lists.freedesktop.org
X-Mailman-Version: 2.1.29
Precedence: list
List-Id: Intel graphics driver community testing & development
 <intel-gfx.lists.freedesktop.org>
List-Unsubscribe: <https://lists.freedesktop.org/mailman/options/intel-gfx>,
 <mailto:intel-gfx-request@lists.freedesktop.org?subject=unsubscribe>
List-Archive: <https://lists.freedesktop.org/archives/intel-gfx>
List-Post: <mailto:intel-gfx@lists.freedesktop.org>
List-Help: <mailto:intel-gfx-request@lists.freedesktop.org?subject=help>
List-Subscribe: <https://lists.freedesktop.org/mailman/listinfo/intel-gfx>,
 <mailto:intel-gfx-request@lists.freedesktop.org?subject=subscribe>
Cc: "intel-gfx@lists.freedesktop.org" <intel-gfx@lists.freedesktop.org>,
 "Wilson, Chris P" <chris.p.wilson@intel.com>
Errors-To: intel-gfx-bounces@lists.freedesktop.org
Sender: "Intel-gfx" <intel-gfx-bounces@lists.freedesktop.org>


--zhXaljGHf11kAtnf
Content-Type: text/plain; charset=us-ascii
Content-Disposition: inline

On Tue, Jun 02, 2020 at 08:27:10PM +0200, Peter Zijlstra wrote:
> On Tue, Jun 02, 2020 at 06:08:03PM +0000, Souza, Jose wrote:
> > Hi Peter
> > Please file a bug by follow this instructions: https://gitlab.freedesktop.org/drm/intel/-/wikis/How-to-file-i915-bugs
> 
> *sigh*, top posting and webforms :-(
> 
> Steps to reproduce: Boot into X
> 
> How often: Always
> 
> uname -r: 5.6.0-2-amd64
> 
> Machine: Supermicro X11SSZ-F
> 
> Display connector:
> 
> [    14.907] (II) intel(0): switch to mode 3840x2160@60.0 on DP2 using pipe 0, position (0, 0), rotation normal, reflection none
> [    14.918] (II) intel(0): switch to mode 3840x2160@60.0 on DP3 using pipe 1, position (0, 0), rotation normal, reflection none
> 
> 
> I'll add the kernel parameters next time I reboot this thing, I'll also
> add the latest drm next time I build a kernel for this machine.

dmesg attached, I've yet to build a new kernel for this box..

--zhXaljGHf11kAtnf
Content-Type: text/plain; charset=utf-8
Content-Disposition: attachment; filename=dmesg-i915
Content-Transfer-Encoding: 8bit

[    0.000000] microcode: microcode updated early to revision 0xd6, date = 2019-10-03
[    0.000000] Linux version 5.6.0-2-amd64 (debian-kernel@lists.debian.org) (gcc version 9.3.0 (Debian 9.3.0-13)) #1 SMP Debian 5.6.14-1 (2020-05-23)
[    0.000000] Command line: BOOT_IMAGE=/boot/vmlinuz-5.6.0-2-amd64 root=UUID=8b0cce80-c4f1-4b44-8227-b0e10b4cb575 ro drm.debug=0x1e log_buf_len=1M quiet drm.debug=0x1e log_buf_len=1M
[    0.000000] x86/fpu: Supporting XSAVE feature 0x001: 'x87 floating point registers'
[    0.000000] x86/fpu: Supporting XSAVE feature 0x002: 'SSE registers'
[    0.000000] x86/fpu: Supporting XSAVE feature 0x004: 'AVX registers'
[    0.000000] x86/fpu: Supporting XSAVE feature 0x008: 'MPX bounds registers'
[    0.000000] x86/fpu: Supporting XSAVE feature 0x010: 'MPX CSR'
[    0.000000] x86/fpu: xstate_offset[2]:  576, xstate_sizes[2]:  256
[    0.000000] x86/fpu: xstate_offset[3]:  832, xstate_sizes[3]:   64
[    0.000000] x86/fpu: xstate_offset[4]:  896, xstate_sizes[4]:   64
[    0.000000] x86/fpu: Enabled xstate features 0x1f, context size is 960 bytes, using 'compacted' format.
[    0.000000] BIOS-provided physical RAM map:
[    0.000000] BIOS-e820: [mem 0x0000000000000000-0x0000000000098bff] usable
[    0.000000] BIOS-e820: [mem 0x0000000000098c00-0x000000000009ffff] reserved
[    0.000000] BIOS-e820: [mem 0x00000000000e0000-0x00000000000fffff] reserved
[    0.000000] BIOS-e820: [mem 0x0000000000100000-0x0000000080be4fff] usable
[    0.000000] BIOS-e820: [mem 0x0000000080be5000-0x0000000080be5fff] ACPI NVS
[    0.000000] BIOS-e820: [mem 0x0000000080be6000-0x0000000080be6fff] reserved
[    0.000000] BIOS-e820: [mem 0x0000000080be7000-0x000000008ac6efff] usable
[    0.000000] BIOS-e820: [mem 0x000000008ac6f000-0x000000008b022fff] reserved
[    0.000000] BIOS-e820: [mem 0x000000008b023000-0x000000008b158fff] usable
[    0.000000] BIOS-e820: [mem 0x000000008b159000-0x000000008b82efff] ACPI NVS
[    0.000000] BIOS-e820: [mem 0x000000008b82f000-0x000000008bffefff] reserved
[    0.000000] BIOS-e820: [mem 0x000000008bfff000-0x000000008bffffff] usable
[    0.000000] BIOS-e820: [mem 0x000000008c000000-0x000000008f7fffff] reserved
[    0.000000] BIOS-e820: [mem 0x00000000e0000000-0x00000000efffffff] reserved
[    0.000000] BIOS-e820: [mem 0x00000000fe000000-0x00000000fe010fff] reserved
[    0.000000] BIOS-e820: [mem 0x00000000fec00000-0x00000000fec00fff] reserved
[    0.000000] BIOS-e820: [mem 0x00000000fed00000-0x00000000fed00fff] reserved
[    0.000000] BIOS-e820: [mem 0x00000000fee00000-0x00000000fee00fff] reserved
[    0.000000] BIOS-e820: [mem 0x00000000ff000000-0x00000000ffffffff] reserved
[    0.000000] BIOS-e820: [mem 0x0000000100000000-0x000000086e7fffff] usable
[    0.000000] NX (Execute Disable) protection: active
[    0.000000] SMBIOS 3.0.0 present.
[    0.000000] DMI: Supermicro Super Server/X11SSZ-F, BIOS 2.0 01/26/2017
[    0.000000] tsc: Detected 3500.000 MHz processor
[    0.001405] tsc: Detected 3499.912 MHz TSC
[    0.001406] e820: update [mem 0x00000000-0x00000fff] usable ==> reserved
[    0.001407] e820: remove [mem 0x000a0000-0x000fffff] usable
[    0.001411] last_pfn = 0x86e800 max_arch_pfn = 0x400000000
[    0.001414] MTRR default type: write-back
[    0.001414] MTRR fixed ranges enabled:
[    0.001415]   00000-9FFFF write-back
[    0.001416]   A0000-BFFFF uncachable
[    0.001416]   C0000-FFFFF write-protect
[    0.001417] MTRR variable ranges enabled:
[    0.001418]   0 base 00C0000000 mask 7FC0000000 uncachable
[    0.001418]   1 base 00A0000000 mask 7FE0000000 uncachable
[    0.001419]   2 base 0090000000 mask 7FF0000000 uncachable
[    0.001419]   3 base 008E000000 mask 7FFE000000 uncachable
[    0.001420]   4 base 008D000000 mask 7FFF000000 uncachable
[    0.001420]   5 disabled
[    0.001420]   6 disabled
[    0.001421]   7 disabled
[    0.001421]   8 disabled
[    0.001421]   9 disabled
[    0.001815] x86/PAT: Configuration [0-7]: WB  WC  UC- UC  WB  WP  UC- WT  
[    0.001948] last_pfn = 0x8c000 max_arch_pfn = 0x400000000
[    0.007624] found SMP MP-table at [mem 0x000fcce0-0x000fccef]
[    0.007674] Using GB pages for direct mapping
[    0.007676] BRK [0x6bb201000, 0x6bb201fff] PGTABLE
[    0.007677] BRK [0x6bb202000, 0x6bb202fff] PGTABLE
[    0.007677] BRK [0x6bb203000, 0x6bb203fff] PGTABLE
[    0.007694] BRK [0x6bb204000, 0x6bb204fff] PGTABLE
[    0.007695] BRK [0x6bb205000, 0x6bb205fff] PGTABLE
[    0.007767] BRK [0x6bb206000, 0x6bb206fff] PGTABLE
[    0.007792] BRK [0x6bb207000, 0x6bb207fff] PGTABLE
[    0.007869] BRK [0x6bb208000, 0x6bb208fff] PGTABLE
[    0.007910] BRK [0x6bb209000, 0x6bb209fff] PGTABLE
[    0.007942] BRK [0x6bb20a000, 0x6bb20afff] PGTABLE
[    0.008010] printk: log_buf_len: 1048576 bytes
[    0.008011] printk: early log buf free: 126272(96%)
[    0.008012] RAMDISK: [mem 0x32ae7000-0x3556afff]
[    0.008016] ACPI: Early table checksum verification disabled
[    0.008018] ACPI: RSDP 0x00000000000F05B0 000024 (v02 SUPERM)
[    0.008020] ACPI: XSDT 0x000000008B1590C0 0000FC (v01 SUPERM SUPERM   01072009 AMI  00010013)
[    0.008024] ACPI: FACP 0x000000008B17F320 000114 (v06                 01072009 AMI  00010013)
[    0.008028] ACPI: DSDT 0x000000008B159250 0260CB (v02 SUPERM SMCI--MB 01072009 INTL 20160422)
[    0.008030] ACPI: FACS 0x000000008B82EC80 000040
[    0.008032] ACPI: APIC 0x000000008B17F438 0000BC (v03                 01072009 AMI  00010013)
[    0.008033] ACPI: FPDT 0x000000008B17F4F8 000044 (v01                 01072009 AMI  00010013)
[    0.008035] ACPI: SPMI 0x000000008B17F540 000040 (v05 SUPERM SMCI--MB 00000000 AMI. 00000000)
[    0.008037] ACPI: MCFG 0x000000008B17F580 00003C (v01 SUPERM SMCI--MB 01072009 MSFT 00000097)
[    0.008039] ACPI: SSDT 0x000000008B17F5C0 000224 (v01 SataRe SataTabl 00001000 INTL 20160422)
[    0.008040] ACPI: FIDT 0x000000008B17F7E8 00009C (v01 SUPERM SMCI--MB 01072009 AMI  00010013)
[    0.008042] ACPI: SSDT 0x000000008B17F888 003159 (v02 SaSsdt SaSsdt   00003000 INTL 20160422)
[    0.008044] ACPI: SSDT 0x000000008B1829E8 00255F (v02 PegSsd PegSsdt  00001000 INTL 20160422)
[    0.008046] ACPI: HPET 0x000000008B184F48 000038 (v01 INTEL  SKL      00000001 MSFT 0000005F)
[    0.008047] ACPI: SSDT 0x000000008B184F80 000024 (v02 INTEL  OEM_RTD3 00001000 INTL 20160422)
[    0.008049] ACPI: SSDT 0x000000008B184FA8 000DE5 (v02 INTEL  Ther_Rvp 00001000 INTL 20160422)
[    0.008051] ACPI: SSDT 0x000000008B185D90 000AF2 (v02 INTEL  xh_rvp08 00000000 INTL 20160422)
[    0.008052] ACPI: UEFI 0x000000008B186888 000042 (v01 INTEL  EDK2     00000002      01000013)
[    0.008054] ACPI: SSDT 0x000000008B1868D0 000EDE (v02 CpuRef CpuSsdt  00003000 INTL 20160422)
[    0.008056] ACPI: LPIT 0x000000008B1877B0 000094 (v01 INTEL  SKL      00000000 MSFT 0000005F)
[    0.008057] ACPI: WSMT 0x000000008B187848 000028 (v01 INTEL  SKL      00000000 MSFT 0000005F)
[    0.008059] ACPI: SSDT 0x000000008B187870 00029F (v02 INTEL  sensrhub 00000000 INTL 20160422)
[    0.008061] ACPI: SSDT 0x000000008B187B10 003002 (v02 INTEL  PtidDevc 00001000 INTL 20160422)
[    0.008062] ACPI: DBGP 0x000000008B18AB18 000034 (v01 INTEL           00000002 MSFT 0000005F)
[    0.008064] ACPI: DBG2 0x000000008B18AB50 000054 (v00 INTEL           00000002 MSFT 0000005F)
[    0.008065] ACPI: DMAR 0x000000008B18ABA8 000114 (v01 INTEL  SKL      00000001 INTL 00000001)
[    0.008067] ACPI: ASF! 0x000000008B18ACC0 0000A0 (v32 INTEL   HCG     00000001 TFSM 000F4240)
[    0.008069] ACPI: EINJ 0x000000008B18AD60 000130 (v01 AMI    AMI.EINJ 00000000 AMI. 00000000)
[    0.008071] ACPI: ERST 0x000000008B18AE90 000230 (v01 AMIER  AMI.ERST 00000000 AMI. 00000000)
[    0.008072] ACPI: BERT 0x000000008B18B0C0 000030 (v01 AMI    AMI.BERT 00000000 AMI. 00000000)
[    0.008074] ACPI: HEST 0x000000008B18B0F0 0000A8 (v01 AMI    AMI.HEST 00000000 AMI. 00000000)
[    0.008079] ACPI: Local APIC address 0xfee00000
[    0.008229] No NUMA configuration found
[    0.008229] Faking a node at [mem 0x0000000000000000-0x000000086e7fffff]
[    0.008232] NODE_DATA(0) allocated [mem 0x86e6fb000-0x86e6fffff]
[    0.008261] Zone ranges:
[    0.008262]   DMA      [mem 0x0000000000001000-0x0000000000ffffff]
[    0.008262]   DMA32    [mem 0x0000000001000000-0x00000000ffffffff]
[    0.008263]   Normal   [mem 0x0000000100000000-0x000000086e7fffff]
[    0.008264]   Device   empty
[    0.008264] Movable zone start for each node
[    0.008265] Early memory node ranges
[    0.008265]   node   0: [mem 0x0000000000001000-0x0000000000097fff]
[    0.008266]   node   0: [mem 0x0000000000100000-0x0000000080be4fff]
[    0.008266]   node   0: [mem 0x0000000080be7000-0x000000008ac6efff]
[    0.008267]   node   0: [mem 0x000000008b023000-0x000000008b158fff]
[    0.008267]   node   0: [mem 0x000000008bfff000-0x000000008bffffff]
[    0.008267]   node   0: [mem 0x0000000100000000-0x000000086e7fffff]
[    0.008451] Zeroed struct page in unavailable ranges: 27333 pages
[    0.008452] Initmem setup node 0 [mem 0x0000000000001000-0x000000086e7fffff]
[    0.008453] On node 0 totalpages: 8361275
[    0.008454]   DMA zone: 64 pages used for memmap
[    0.008454]   DMA zone: 21 pages reserved
[    0.008455]   DMA zone: 3991 pages, LIFO batch:0
[    0.008498]   DMA32 zone: 8823 pages used for memmap
[    0.008498]   DMA32 zone: 564644 pages, LIFO batch:63
[    0.014514]   Normal zone: 121760 pages used for memmap
[    0.014515]   Normal zone: 7792640 pages, LIFO batch:63
[    0.014866] Reserving Intel graphics memory at [mem 0x8d800000-0x8f7fffff]
[    0.015181] ACPI: PM-Timer IO Port: 0x1808
[    0.015182] ACPI: Local APIC address 0xfee00000
[    0.015186] ACPI: LAPIC_NMI (acpi_id[0x01] high edge lint[0x1])
[    0.015187] ACPI: LAPIC_NMI (acpi_id[0x02] high edge lint[0x1])
[    0.015187] ACPI: LAPIC_NMI (acpi_id[0x03] high edge lint[0x1])
[    0.015188] ACPI: LAPIC_NMI (acpi_id[0x04] high edge lint[0x1])
[    0.015188] ACPI: LAPIC_NMI (acpi_id[0x05] high edge lint[0x1])
[    0.015188] ACPI: LAPIC_NMI (acpi_id[0x06] high edge lint[0x1])
[    0.015189] ACPI: LAPIC_NMI (acpi_id[0x07] high edge lint[0x1])
[    0.015189] ACPI: LAPIC_NMI (acpi_id[0x08] high edge lint[0x1])
[    0.015215] IOAPIC[0]: apic_id 2, version 32, address 0xfec00000, GSI 0-119
[    0.015216] ACPI: INT_SRC_OVR (bus 0 bus_irq 0 global_irq 2 dfl dfl)
[    0.015217] ACPI: INT_SRC_OVR (bus 0 bus_irq 9 global_irq 9 high level)
[    0.015218] ACPI: IRQ0 used by override.
[    0.015218] ACPI: IRQ9 used by override.
[    0.015219] Using ACPI (MADT) for SMP configuration information
[    0.015220] ACPI: HPET id: 0x8086a201 base: 0xfed00000
[    0.015223] smpboot: Allowing 8 CPUs, 0 hotplug CPUs
[    0.015235] PM: hibernation: Registered nosave memory: [mem 0x00000000-0x00000fff]
[    0.015236] PM: hibernation: Registered nosave memory: [mem 0x00098000-0x00098fff]
[    0.015236] PM: hibernation: Registered nosave memory: [mem 0x00099000-0x0009ffff]
[    0.015236] PM: hibernation: Registered nosave memory: [mem 0x000a0000-0x000dffff]
[    0.015237] PM: hibernation: Registered nosave memory: [mem 0x000e0000-0x000fffff]
[    0.015238] PM: hibernation: Registered nosave memory: [mem 0x80be5000-0x80be5fff]
[    0.015238] PM: hibernation: Registered nosave memory: [mem 0x80be6000-0x80be6fff]
[    0.015239] PM: hibernation: Registered nosave memory: [mem 0x8ac6f000-0x8b022fff]
[    0.015240] PM: hibernation: Registered nosave memory: [mem 0x8b159000-0x8b82efff]
[    0.015240] PM: hibernation: Registered nosave memory: [mem 0x8b82f000-0x8bffefff]
[    0.015241] PM: hibernation: Registered nosave memory: [mem 0x8c000000-0x8f7fffff]
[    0.015242] PM: hibernation: Registered nosave memory: [mem 0x8f800000-0xdfffffff]
[    0.015242] PM: hibernation: Registered nosave memory: [mem 0xe0000000-0xefffffff]
[    0.015242] PM: hibernation: Registered nosave memory: [mem 0xf0000000-0xfdffffff]
[    0.015243] PM: hibernation: Registered nosave memory: [mem 0xfe000000-0xfe010fff]
[    0.015243] PM: hibernation: Registered nosave memory: [mem 0xfe011000-0xfebfffff]
[    0.015243] PM: hibernation: Registered nosave memory: [mem 0xfec00000-0xfec00fff]
[    0.015244] PM: hibernation: Registered nosave memory: [mem 0xfec01000-0xfecfffff]
[    0.015244] PM: hibernation: Registered nosave memory: [mem 0xfed00000-0xfed00fff]
[    0.015244] PM: hibernation: Registered nosave memory: [mem 0xfed01000-0xfedfffff]
[    0.015245] PM: hibernation: Registered nosave memory: [mem 0xfee00000-0xfee00fff]
[    0.015245] PM: hibernation: Registered nosave memory: [mem 0xfee01000-0xfeffffff]
[    0.015245] PM: hibernation: Registered nosave memory: [mem 0xff000000-0xffffffff]
[    0.015246] [mem 0x8f800000-0xdfffffff] available for PCI devices
[    0.015247] Booting paravirtualized kernel on bare hardware
[    0.015249] clocksource: refined-jiffies: mask: 0xffffffff max_cycles: 0xffffffff, max_idle_ns: 7645519600211568 ns
[    0.017968] setup_percpu: NR_CPUS:512 nr_cpumask_bits:512 nr_cpu_ids:8 nr_node_ids:1
[    0.018085] percpu: Embedded 55 pages/cpu s188120 r8192 d28968 u262144
[    0.018090] pcpu-alloc: s188120 r8192 d28968 u262144 alloc=1*2097152
[    0.018090] pcpu-alloc: [0] 0 1 2 3 4 5 6 7 
[    0.018105] Built 1 zonelists, mobility grouping on.  Total pages: 8230607
[    0.018105] Policy zone: Normal
[    0.018106] Kernel command line: BOOT_IMAGE=/boot/vmlinuz-5.6.0-2-amd64 root=UUID=8b0cce80-c4f1-4b44-8227-b0e10b4cb575 ro drm.debug=0x1e log_buf_len=1M quiet drm.debug=0x1e log_buf_len=1M
[    0.019244] Dentry cache hash table entries: 4194304 (order: 13, 33554432 bytes, linear)
[    0.019780] Inode-cache hash table entries: 2097152 (order: 12, 16777216 bytes, linear)
[    0.019835] mem auto-init: stack:off, heap alloc:off, heap free:off
[    0.033348] Memory: 2296456K/33445100K available (10243K kernel code, 1285K rwdata, 3976K rodata, 1612K init, 1976K bss, 710496K reserved, 0K cma-reserved)
[    0.033354] random: get_random_u64 called from __kmem_cache_create+0x3e/0x530 with crng_init=0
[    0.033429] SLUB: HWalign=64, Order=0-3, MinObjects=0, CPUs=8, Nodes=1
[    0.033437] Kernel/User page tables isolation: enabled
[    0.033446] ftrace: allocating 34646 entries in 136 pages
[    0.042912] ftrace: allocated 136 pages with 2 groups
[    0.042970] rcu: Hierarchical RCU implementation.
[    0.042971] rcu: 	RCU restricting CPUs from NR_CPUS=512 to nr_cpu_ids=8.
[    0.042972] rcu: RCU calculated value of scheduler-enlistment delay is 25 jiffies.
[    0.042972] rcu: Adjusting geometry for rcu_fanout_leaf=16, nr_cpu_ids=8
[    0.044921] NR_IRQS: 33024, nr_irqs: 2048, preallocated irqs: 16
[    0.045216] random: crng done (trusting CPU's manufacturer)
[    0.047453] Console: colour VGA+ 80x25
[    0.047456] printk: console [tty0] enabled
[    0.047468] ACPI: Core revision 20200110
[    0.047689] clocksource: hpet: mask: 0xffffffff max_cycles: 0xffffffff, max_idle_ns: 79635855245 ns
[    0.047753] APIC: Switch to symmetric I/O mode setup
[    0.047754] DMAR: Host address width 39
[    0.047755] DMAR: DRHD base: 0x000000fed90000 flags: 0x0
[    0.047758] DMAR: dmar0: reg_base_addr fed90000 ver 1:0 cap 1c0000c40660462 ecap 7e3ff0505e
[    0.047759] DMAR: DRHD base: 0x000000fed91000 flags: 0x1
[    0.047761] DMAR: dmar1: reg_base_addr fed91000 ver 1:0 cap d2008c40660462 ecap f050da
[    0.047762] DMAR: RMRR base: 0x0000008af45000 end: 0x0000008af64fff
[    0.047763] DMAR: RMRR base: 0x0000008d000000 end: 0x0000008f7fffff
[    0.047763] DMAR: ANDD device: 1 name: \_SB.PCI0.I2C0
[    0.047764] DMAR: ANDD device: 2 name: \_SB.PCI0.I2C1
[    0.047764] DMAR: ANDD device: 9 name: \_SB.PCI0.UA00
[    0.047765] DMAR-IR: IOAPIC id 2 under DRHD base  0xfed91000 IOMMU 1
[    0.047766] DMAR-IR: HPET id 0 under DRHD base 0xfed91000
[    0.047766] DMAR-IR: Queued invalidation will be enabled to support x2apic and Intr-remapping.
[    0.049206] DMAR-IR: Enabled IRQ remapping in x2apic mode
[    0.049207] x2apic enabled
[    0.049219] Switched APIC routing to cluster x2apic.
[    0.053180] ..TIMER: vector=0x30 apic1=0 pin1=2 apic2=-1 pin2=-1
[    0.071756] clocksource: tsc-early: mask: 0xffffffffffffffff max_cycles: 0x3272fd97217, max_idle_ns: 440795241220 ns
[    0.071759] Calibrating delay loop (skipped), value calculated using timer frequency.. 6999.82 BogoMIPS (lpj=13999648)
[    0.071760] pid_max: default: 32768 minimum: 301
[    0.071779] LSM: Security Framework initializing
[    0.071783] Yama: disabled by default; enable with sysctl kernel.yama.*
[    0.071798] AppArmor: AppArmor initialized
[    0.071799] TOMOYO Linux initialized
[    0.071846] Mount-cache hash table entries: 65536 (order: 7, 524288 bytes, linear)
[    0.071883] Mountpoint-cache hash table entries: 65536 (order: 7, 524288 bytes, linear)
[    0.072051] mce: CPU0: Thermal monitoring enabled (TM1)
[    0.072066] process: using mwait in idle threads
[    0.072067] Last level iTLB entries: 4KB 64, 2MB 8, 4MB 8
[    0.072068] Last level dTLB entries: 4KB 64, 2MB 0, 4MB 0, 1GB 4
[    0.072069] Spectre V1 : Mitigation: usercopy/swapgs barriers and __user pointer sanitization
[    0.072070] Spectre V2 : Mitigation: Full generic retpoline
[    0.072071] Spectre V2 : Spectre v2 / SpectreRSB mitigation: Filling RSB on context switch
[    0.072071] Spectre V2 : Enabling Restricted Speculation for firmware calls
[    0.072072] Spectre V2 : mitigation: Enabling conditional Indirect Branch Prediction Barrier
[    0.072072] Spectre V2 : User space: Mitigation: STIBP via seccomp and prctl
[    0.072073] Speculative Store Bypass: Mitigation: Speculative Store Bypass disabled via prctl and seccomp
[    0.072075] TAA: Mitigation: Clear CPU buffers
[    0.072075] MDS: Mitigation: Clear CPU buffers
[    0.072245] Freeing SMP alternatives memory: 32K
[    0.075804] TSC deadline timer enabled
[    0.075809] smpboot: CPU0: Intel(R) Xeon(R) CPU E3-1245 v5 @ 3.50GHz (family: 0x6, model: 0x5e, stepping: 0x3)
[    0.075874] Performance Events: PEBS fmt3+, Skylake events, 32-deep LBR, full-width counters, Intel PMU driver.
[    0.075878] ... version:                4
[    0.075878] ... bit width:              48
[    0.075879] ... generic registers:      4
[    0.075879] ... value mask:             0000ffffffffffff
[    0.075879] ... max period:             00007fffffffffff
[    0.075880] ... fixed-purpose events:   3
[    0.075880] ... event mask:             000000070000000f
[    0.075907] rcu: Hierarchical SRCU implementation.
[    0.076474] NMI watchdog: Enabled. Permanently consumes one hw-PMU counter.
[    0.076517] smp: Bringing up secondary CPUs ...
[    0.076563] x86: Booting SMP configuration:
[    0.076564] .... node  #0, CPUs:      #1 #2 #3 #4
[    0.081378] MDS CPU bug present and SMT on, data leak possible. See https://www.kernel.org/doc/html/latest/admin-guide/hw-vuln/mds.html for more details.
[    0.081378] TAA CPU bug present and SMT on, data leak possible. See https://www.kernel.org/doc/html/latest/admin-guide/hw-vuln/tsx_async_abort.html for more details.
[    0.081378]  #5 #6 #7
[    0.081378] smp: Brought up 1 node, 8 CPUs
[    0.081378] smpboot: Max logical packages: 1
[    0.081378] smpboot: Total of 8 processors activated (55998.59 BogoMIPS)
[    0.155762] node 0 initialised, 7609537 pages in 72ms
[    0.156270] devtmpfs: initialized
[    0.156270] x86/mm: Memory block size: 128MB
[    0.160353] PM: Registering ACPI NVS region [mem 0x80be5000-0x80be5fff] (4096 bytes)
[    0.160353] PM: Registering ACPI NVS region [mem 0x8b159000-0x8b82efff] (7168000 bytes)
[    0.160353] clocksource: jiffies: mask: 0xffffffff max_cycles: 0xffffffff, max_idle_ns: 7645041785100000 ns
[    0.160353] futex hash table entries: 2048 (order: 5, 131072 bytes, linear)
[    0.160353] pinctrl core: initialized pinctrl subsystem
[    0.160353] thermal_sys: Registered thermal governor 'fair_share'
[    0.160353] thermal_sys: Registered thermal governor 'bang_bang'
[    0.160353] thermal_sys: Registered thermal governor 'step_wise'
[    0.160353] thermal_sys: Registered thermal governor 'user_space'
[    0.160353] NET: Registered protocol family 16
[    0.160353] audit: initializing netlink subsys (disabled)
[    0.160353] audit: type=2000 audit(1591264845.112:1): state=initialized audit_enabled=0 res=1
[    0.160353] cpuidle: using governor ladder
[    0.160353] cpuidle: using governor menu
[    0.160353] ACPI: bus type PCI registered
[    0.160353] acpiphp: ACPI Hot Plug PCI Controller Driver version: 0.5
[    0.160353] PCI: MMCONFIG for domain 0000 [bus 00-ff] at [mem 0xe0000000-0xefffffff] (base 0xe0000000)
[    0.160353] PCI: MMCONFIG at [mem 0xe0000000-0xefffffff] reserved in E820
[    0.160353] PCI: Using configuration type 1 for base access
[    0.161723] ENERGY_PERF_BIAS: Set to 'normal', was 'performance'
[    0.161727] HugeTLB registered 1.00 GiB page size, pre-allocated 0 pages
[    0.161727] HugeTLB registered 2.00 MiB page size, pre-allocated 0 pages
[    0.256378] ACPI: Added _OSI(Module Device)
[    0.256378] ACPI: Added _OSI(Processor Device)
[    0.256378] ACPI: Added _OSI(3.0 _SCP Extensions)
[    0.256378] ACPI: Added _OSI(Processor Aggregator Device)
[    0.256378] ACPI: Added _OSI(Linux-Dell-Video)
[    0.256378] ACPI: Added _OSI(Linux-Lenovo-NV-HDMI-Audio)
[    0.256378] ACPI: Added _OSI(Linux-HPI-Hybrid-Graphics)
[    0.285387] ACPI: 10 ACPI AML tables successfully acquired and loaded
[    0.287173] ACPI: [Firmware Bug]: BIOS _OSI(Linux) query ignored
[    0.290492] ACPI: Dynamic OEM Table Load:
[    0.290496] ACPI: SSDT 0xFFFF8D5D471C8800 000738 (v02 PmRef  Cpu0Ist  00003000 INTL 20160422)
[    0.291399] ACPI: \_PR_.CPU0: _OSC native thermal LVT Acked
[    0.292269] ACPI: Dynamic OEM Table Load:
[    0.292273] ACPI: SSDT 0xFFFF8D62FB315C00 0003FF (v02 PmRef  Cpu0Cst  00003001 INTL 20160422)
[    0.293140] ACPI: Dynamic OEM Table Load:
[    0.293143] ACPI: SSDT 0xFFFF8D5D47338200 000115 (v02 PmRef  Cpu0Hwp  00003000 INTL 20160422)
[    0.293929] ACPI: Dynamic OEM Table Load:
[    0.293931] ACPI: SSDT 0xFFFF8D5D4733BE00 0001A4 (v02 PmRef  HwpLvt   00003000 INTL 20160422)
[    0.294919] ACPI: Dynamic OEM Table Load:
[    0.294924] ACPI: SSDT 0xFFFF8D648B0D6800 00065C (v02 PmRef  ApIst    00003000 INTL 20160422)
[    0.295947] ACPI: Dynamic OEM Table Load:
[    0.295950] ACPI: SSDT 0xFFFF8D5D4733B000 000197 (v02 PmRef  ApHwp    00003000 INTL 20160422)
[    0.296809] ACPI: Dynamic OEM Table Load:
[    0.296811] ACPI: SSDT 0xFFFF8D5D47338000 00018A (v02 PmRef  ApCst    00003000 INTL 20160422)
[    0.299965] ACPI: Interpreter enabled
[    0.299995] ACPI: (supports S0 S3 S4 S5)
[    0.299995] ACPI: Using IOAPIC for interrupt routing
[    0.300040] HEST: Table parsing has been initialized.
[    0.300041] PCI: Using host bridge windows from ACPI; if necessary, use "pci=nocrs" and report a bug
[    0.300687] ACPI: Enabled 6 GPEs in block 00 to 7F
[    0.302397] ACPI: Power Resource [PG00] (on)
[    0.302684] ACPI: Power Resource [PG01] (on)
[    0.302955] ACPI: Power Resource [PG02] (on)
[    0.304697] ACPI: Power Resource [WRST] (on)
[    0.304941] ACPI: Power Resource [WRST] (on)
[    0.305205] ACPI: Power Resource [WRST] (on)
[    0.305466] ACPI: Power Resource [WRST] (on)
[    0.305697] ACPI: Power Resource [WRST] (on)
[    0.305935] ACPI: Power Resource [WRST] (on)
[    0.306163] ACPI: Power Resource [WRST] (on)
[    0.306389] ACPI: Power Resource [WRST] (on)
[    0.306616] ACPI: Power Resource [WRST] (on)
[    0.306845] ACPI: Power Resource [WRST] (on)
[    0.307100] ACPI: Power Resource [WRST] (on)
[    0.307327] ACPI: Power Resource [WRST] (on)
[    0.307554] ACPI: Power Resource [WRST] (on)
[    0.307785] ACPI: Power Resource [WRST] (on)
[    0.308016] ACPI: Power Resource [WRST] (on)
[    0.308247] ACPI: Power Resource [WRST] (on)
[    0.308477] ACPI: Power Resource [WRST] (on)
[    0.309341] ACPI: Power Resource [WRST] (on)
[    0.309569] ACPI: Power Resource [WRST] (on)
[    0.309796] ACPI: Power Resource [WRST] (on)
[    0.318885] ACPI: Power Resource [FN00] (off)
[    0.318941] ACPI: Power Resource [FN01] (off)
[    0.318993] ACPI: Power Resource [FN02] (off)
[    0.319045] ACPI: Power Resource [FN03] (off)
[    0.319099] ACPI: Power Resource [FN04] (off)
[    0.319874] ACPI: PCI Root Bridge [PCI0] (domain 0000 [bus 00-fe])
[    0.319878] acpi PNP0A08:00: _OSC: OS supports [ExtendedConfig ASPM ClockPM Segments MSI HPX-Type3]
[    0.321077] acpi PNP0A08:00: _OSC: OS now controls [PCIeHotplug SHPCHotplug PME AER PCIeCapability LTR]
[    0.321595] PCI host bridge to bus 0000:00
[    0.321596] pci_bus 0000:00: root bus resource [io  0x0000-0x0cf7 window]
[    0.321597] pci_bus 0000:00: root bus resource [io  0x0d00-0xffff window]
[    0.321598] pci_bus 0000:00: root bus resource [mem 0x000a0000-0x000bffff window]
[    0.321598] pci_bus 0000:00: root bus resource [mem 0x8f800000-0xdfffffff window]
[    0.321599] pci_bus 0000:00: root bus resource [mem 0xfd000000-0xfe7fffff window]
[    0.321600] pci_bus 0000:00: root bus resource [bus 00-fe]
[    0.321607] pci 0000:00:00.0: [8086:1918] type 00 class 0x060000
[    0.321855] pci 0000:00:02.0: [8086:191d] type 00 class 0x030000
[    0.321863] pci 0000:00:02.0: reg 0x10: [mem 0xdd000000-0xddffffff 64bit]
[    0.321867] pci 0000:00:02.0: reg 0x18: [mem 0xc0000000-0xcfffffff 64bit pref]
[    0.321870] pci 0000:00:02.0: reg 0x20: [io  0xf000-0xf03f]
[    0.321988] pci 0000:00:08.0: [8086:1911] type 00 class 0x088000
[    0.321997] pci 0000:00:08.0: reg 0x10: [mem 0xdf253000-0xdf253fff 64bit]
[    0.322118] pci 0000:00:14.0: [8086:a12f] type 00 class 0x0c0330
[    0.322136] pci 0000:00:14.0: reg 0x10: [mem 0xdf230000-0xdf23ffff 64bit]
[    0.322190] pci 0000:00:14.0: PME# supported from D3hot D3cold
[    0.322340] pci 0000:00:14.2: [8086:a131] type 00 class 0x118000
[    0.322358] pci 0000:00:14.2: reg 0x10: [mem 0xdf252000-0xdf252fff 64bit]
[    0.322529] pci 0000:00:15.0: [8086:a160] type 00 class 0x118000
[    0.322577] pci 0000:00:15.0: reg 0x10: [mem 0xdf251000-0xdf251fff 64bit]
[    0.322829] pci 0000:00:15.1: [8086:a161] type 00 class 0x118000
[    0.322889] pci 0000:00:15.1: reg 0x10: [mem 0xdf250000-0xdf250fff 64bit]
[    0.323125] pci 0000:00:16.0: [8086:a13a] type 00 class 0x078000
[    0.323147] pci 0000:00:16.0: reg 0x10: [mem 0xdf24f000-0xdf24ffff 64bit]
[    0.323210] pci 0000:00:16.0: PME# supported from D3hot
[    0.323323] pci 0000:00:16.3: [8086:a13d] type 00 class 0x070002
[    0.323336] pci 0000:00:16.3: reg 0x10: [io  0xf0a0-0xf0a7]
[    0.323342] pci 0000:00:16.3: reg 0x14: [mem 0xdf24e000-0xdf24efff]
[    0.323468] pci 0000:00:17.0: [8086:a102] type 00 class 0x010601
[    0.323482] pci 0000:00:17.0: reg 0x10: [mem 0xdf248000-0xdf249fff]
[    0.323487] pci 0000:00:17.0: reg 0x14: [mem 0xdf24d000-0xdf24d0ff]
[    0.323493] pci 0000:00:17.0: reg 0x18: [io  0xf090-0xf097]
[    0.323498] pci 0000:00:17.0: reg 0x1c: [io  0xf080-0xf083]
[    0.323504] pci 0000:00:17.0: reg 0x20: [io  0xf060-0xf07f]
[    0.323509] pci 0000:00:17.0: reg 0x24: [mem 0xdf24c000-0xdf24c7ff]
[    0.323541] pci 0000:00:17.0: PME# supported from D3hot
[    0.323653] pci 0000:00:1b.0: [8086:a167] type 01 class 0x060400
[    0.323722] pci 0000:00:1b.0: PME# supported from D0 D3hot D3cold
[    0.323737] pci 0000:00:1b.0: Intel SPT PCH root port ACS workaround enabled
[    0.323886] pci 0000:00:1c.0: [8086:a110] type 01 class 0x060400
[    0.323954] pci 0000:00:1c.0: PME# supported from D0 D3hot D3cold
[    0.323969] pci 0000:00:1c.0: Intel SPT PCH root port ACS workaround enabled
[    0.324114] pci 0000:00:1d.0: [8086:a118] type 01 class 0x060400
[    0.324169] pci 0000:00:1d.0: PME# supported from D0 D3hot D3cold
[    0.324290] pci 0000:00:1d.1: [8086:a119] type 01 class 0x060400
[    0.324350] pci 0000:00:1d.1: PME# supported from D0 D3hot D3cold
[    0.324363] pci 0000:00:1d.1: Intel SPT PCH root port ACS workaround enabled
[    0.324485] pci 0000:00:1d.2: [8086:a11a] type 01 class 0x060400
[    0.324544] pci 0000:00:1d.2: PME# supported from D0 D3hot D3cold
[    0.324557] pci 0000:00:1d.2: Intel SPT PCH root port ACS workaround enabled
[    0.324729] pci 0000:00:1e.0: [8086:a127] type 00 class 0x118000
[    0.324778] pci 0000:00:1e.0: reg 0x10: [mem 0xdf24b000-0xdf24bfff 64bit]
[    0.325019] pci 0000:00:1f.0: [8086:a149] type 00 class 0x060100
[    0.325212] pci 0000:00:1f.2: [8086:a121] type 00 class 0x058000
[    0.325225] pci 0000:00:1f.2: reg 0x10: [mem 0xdf244000-0xdf247fff]
[    0.325368] pci 0000:00:1f.3: [8086:a170] type 00 class 0x040300
[    0.325392] pci 0000:00:1f.3: reg 0x10: [mem 0xdf240000-0xdf243fff 64bit]
[    0.325420] pci 0000:00:1f.3: reg 0x20: [mem 0xdf220000-0xdf22ffff 64bit]
[    0.325463] pci 0000:00:1f.3: PME# supported from D3hot D3cold
[    0.325618] pci 0000:00:1f.4: [8086:a123] type 00 class 0x0c0500
[    0.325677] pci 0000:00:1f.4: reg 0x10: [mem 0xdf24a000-0xdf24a0ff 64bit]
[    0.325746] pci 0000:00:1f.4: reg 0x20: [io  0xf040-0xf05f]
[    0.325921] pci 0000:00:1f.6: [8086:15b7] type 00 class 0x020000
[    0.325946] pci 0000:00:1f.6: reg 0x10: [mem 0xdf200000-0xdf21ffff]
[    0.326047] pci 0000:00:1f.6: PME# supported from D0 D3hot D3cold
[    0.326187] pci 0000:00:1b.0: PCI bridge to [bus 01]
[    0.326225] pci 0000:00:1c.0: PCI bridge to [bus 02]
[    0.326267] acpiphp: Slot [1] registered
[    0.326269] pci 0000:00:1d.0: PCI bridge to [bus 03]
[    0.326340] pci 0000:04:00.0: [8086:1533] type 00 class 0x020000
[    0.326371] pci 0000:04:00.0: reg 0x10: [mem 0xdf100000-0xdf17ffff]
[    0.326395] pci 0000:04:00.0: reg 0x18: [io  0xe000-0xe01f]
[    0.326407] pci 0000:04:00.0: reg 0x1c: [mem 0xdf180000-0xdf183fff]
[    0.326544] pci 0000:04:00.0: PME# supported from D0 D3hot D3cold
[    0.326704] pci 0000:00:1d.1: PCI bridge to [bus 04]
[    0.326706] pci 0000:00:1d.1:   bridge window [io  0xe000-0xefff]
[    0.326707] pci 0000:00:1d.1:   bridge window [mem 0xdf100000-0xdf1fffff]
[    0.326760] pci 0000:05:00.0: [1a03:1150] type 01 class 0x060400
[    0.326824] pci 0000:05:00.0: enabling Extended Tags
[    0.326887] pci 0000:05:00.0: supports D1 D2
[    0.326888] pci 0000:05:00.0: PME# supported from D0 D1 D2 D3hot D3cold
[    0.326976] pci 0000:05:00.0: disabling ASPM on pre-1.1 PCIe device.  You can enable it with 'pcie_aspm=force'
[    0.326984] pci 0000:00:1d.2: PCI bridge to [bus 05-06]
[    0.326986] pci 0000:00:1d.2:   bridge window [io  0xd000-0xdfff]
[    0.326988] pci 0000:00:1d.2:   bridge window [mem 0xde000000-0xdf0fffff]
[    0.327030] pci_bus 0000:06: extended config space not accessible
[    0.327048] pci 0000:06:00.0: [1a03:2000] type 00 class 0x030000
[    0.327066] pci 0000:06:00.0: reg 0x10: [mem 0xde000000-0xdeffffff]
[    0.327074] pci 0000:06:00.0: reg 0x14: [mem 0xdf000000-0xdf01ffff]
[    0.327082] pci 0000:06:00.0: reg 0x18: [io  0xd000-0xd07f]
[    0.327161] pci 0000:06:00.0: supports D1 D2
[    0.327161] pci 0000:06:00.0: PME# supported from D0 D1 D2 D3hot D3cold
[    0.327241] pci 0000:05:00.0: PCI bridge to [bus 06]
[    0.327247] pci 0000:05:00.0:   bridge window [io  0xd000-0xdfff]
[    0.327250] pci 0000:05:00.0:   bridge window [mem 0xde000000-0xdf0fffff]
[    0.329656] ACPI: PCI Interrupt Link [LNKA] (IRQs 3 4 5 6 10 *11 12 14 15)
[    0.329656] ACPI: PCI Interrupt Link [LNKB] (IRQs 3 4 5 6 *10 11 12 14 15)
[    0.329656] ACPI: PCI Interrupt Link [LNKC] (IRQs 3 4 5 6 10 *11 12 14 15)
[    0.329656] ACPI: PCI Interrupt Link [LNKD] (IRQs 3 4 5 6 10 *11 12 14 15)
[    0.329656] ACPI: PCI Interrupt Link [LNKE] (IRQs 3 4 5 6 10 *11 12 14 15)
[    0.329656] ACPI: PCI Interrupt Link [LNKF] (IRQs 3 4 5 6 10 *11 12 14 15)
[    0.329656] ACPI: PCI Interrupt Link [LNKG] (IRQs 3 4 5 6 10 *11 12 14 15)
[    0.329656] ACPI: PCI Interrupt Link [LNKH] (IRQs 3 4 5 6 10 *11 12 14 15)
[    0.329656] iommu: Default domain type: Translated 
[    0.329656] pci 0000:00:02.0: vgaarb: setting as boot VGA device
[    0.329656] pci 0000:00:02.0: vgaarb: VGA device added: decodes=io+mem,owns=io+mem,locks=none
[    0.329656] pci 0000:06:00.0: vgaarb: VGA device added: decodes=io+mem,owns=none,locks=none
[    0.329656] pci 0000:00:02.0: vgaarb: no bridge control possible
[    0.329656] pci 0000:06:00.0: vgaarb: bridge control possible
[    0.329656] vgaarb: loaded
[    0.329656] EDAC MC: Ver: 3.0.0
[    0.329656] PCI: Using ACPI for IRQ routing
[    0.358681] PCI: pci_cache_line_size set to 64 bytes
[    0.358802] e820: reserve RAM buffer [mem 0x00098c00-0x0009ffff]
[    0.358803] e820: reserve RAM buffer [mem 0x80be5000-0x83ffffff]
[    0.358804] e820: reserve RAM buffer [mem 0x8ac6f000-0x8bffffff]
[    0.358804] e820: reserve RAM buffer [mem 0x8b159000-0x8bffffff]
[    0.358805] e820: reserve RAM buffer [mem 0x86e800000-0x86fffffff]
[    0.358865] NetLabel: Initializing
[    0.358865] NetLabel:  domain hash size = 128
[    0.358865] NetLabel:  protocols = UNLABELED CIPSOv4 CALIPSO
[    0.358874] NetLabel:  unlabeled traffic allowed by default
[    0.359255] hpet0: at MMIO 0xfed00000, IRQs 2, 8, 0, 0, 0, 0, 0, 0
[    0.359257] hpet0: 8 comparators, 64-bit 24.000000 MHz counter
[    0.360784] clocksource: Switched to clocksource tsc-early
[    0.366604] VFS: Disk quotas dquot_6.6.0
[    0.366614] VFS: Dquot-cache hash table entries: 512 (order 0, 4096 bytes)
[    0.366684] AppArmor: AppArmor Filesystem Enabled
[    0.366692] pnp: PnP ACPI init
[    0.366734] system 00:00: [io  0x0a00-0x0a0f] has been reserved
[    0.366734] system 00:00: [io  0x0a10-0x0a1f] has been reserved
[    0.366734] system 00:00: [io  0x0a20-0x0a2f] has been reserved
[    0.366734] system 00:00: [io  0x0a30-0x0a3f] has been reserved
[    0.366734] system 00:00: [io  0x0a40-0x0a4f] has been reserved
[    0.366734] system 00:00: Plug and Play ACPI device, IDs PNP0c02 (active)
[    0.366734] pnp 00:01: [dma 0 disabled]
[    0.366734] pnp 00:01: Plug and Play ACPI device, IDs PNP0501 (active)
[    0.366734] pnp 00:02: [dma 0 disabled]
[    0.366734] pnp 00:02: Plug and Play ACPI device, IDs PNP0501 (active)
[    0.366734] system 00:03: [io  0x0680-0x069f] has been reserved
[    0.366734] system 00:03: [io  0xffff] has been reserved
[    0.366734] system 00:03: [io  0xffff] has been reserved
[    0.366734] system 00:03: [io  0xffff] has been reserved
[    0.366734] system 00:03: [io  0x1800-0x18fe] has been reserved
[    0.366734] system 00:03: [io  0x164e-0x164f] has been reserved
[    0.366734] system 00:03: Plug and Play ACPI device, IDs PNP0c02 (active)
[    0.366734] system 00:04: [io  0x0800-0x087f] has been reserved
[    0.366734] system 00:04: Plug and Play ACPI device, IDs PNP0c02 (active)
[    0.366734] pnp 00:05: Plug and Play ACPI device, IDs PNP0b00 (active)
[    0.366734] system 00:06: [io  0x1854-0x1857] has been reserved
[    0.366734] system 00:06: Plug and Play ACPI device, IDs INT3f0d PNP0c02 (active)
[    0.367824] system 00:07: [mem 0xfed10000-0xfed17fff] has been reserved
[    0.367825] system 00:07: [mem 0xfed18000-0xfed18fff] has been reserved
[    0.367825] system 00:07: [mem 0xfed19000-0xfed19fff] has been reserved
[    0.367826] system 00:07: [mem 0xe0000000-0xefffffff] has been reserved
[    0.367827] system 00:07: [mem 0xfed20000-0xfed3ffff] has been reserved
[    0.367828] system 00:07: [mem 0xfed90000-0xfed93fff] could not be reserved
[    0.367829] system 00:07: [mem 0xfed45000-0xfed8ffff] has been reserved
[    0.367829] system 00:07: [mem 0xff000000-0xffffffff] has been reserved
[    0.367830] system 00:07: [mem 0xfee00000-0xfeefffff] could not be reserved
[    0.367831] system 00:07: [mem 0xdffe0000-0xdfffffff] has been reserved
[    0.367833] system 00:07: Plug and Play ACPI device, IDs PNP0c02 (active)
[    0.367862] system 00:08: [mem 0xfd000000-0xfdabffff] has been reserved
[    0.367863] system 00:08: [mem 0xfdad0000-0xfdadffff] has been reserved
[    0.367863] system 00:08: [mem 0xfdb00000-0xfdffffff] has been reserved
[    0.367864] system 00:08: [mem 0xfe000000-0xfe01ffff] could not be reserved
[    0.367865] system 00:08: [mem 0xfe036000-0xfe03bfff] has been reserved
[    0.367867] system 00:08: [mem 0xfe03d000-0xfe3fffff] has been reserved
[    0.367868] system 00:08: [mem 0xfe410000-0xfe7fffff] has been reserved
[    0.367869] system 00:08: Plug and Play ACPI device, IDs PNP0c02 (active)
[    0.368081] system 00:09: [io  0xff00-0xfffe] has been reserved
[    0.368082] system 00:09: Plug and Play ACPI device, IDs PNP0c02 (active)
[    0.368798] system 00:0a: Plug and Play ACPI device, IDs PNP0c02 (active)
[    0.369460] pnp: PnP ACPI: found 11 devices
[    0.374670] clocksource: acpi_pm: mask: 0xffffff max_cycles: 0xffffff, max_idle_ns: 2085701024 ns
[    0.374694] pci 0000:00:1b.0: PCI bridge to [bus 01]
[    0.374701] pci 0000:00:1c.0: PCI bridge to [bus 02]
[    0.374708] pci 0000:00:1d.0: PCI bridge to [bus 03]
[    0.374713] pci 0000:00:1d.1: PCI bridge to [bus 04]
[    0.374715] pci 0000:00:1d.1:   bridge window [io  0xe000-0xefff]
[    0.374717] pci 0000:00:1d.1:   bridge window [mem 0xdf100000-0xdf1fffff]
[    0.374722] pci 0000:05:00.0: PCI bridge to [bus 06]
[    0.374724] pci 0000:05:00.0:   bridge window [io  0xd000-0xdfff]
[    0.374728] pci 0000:05:00.0:   bridge window [mem 0xde000000-0xdf0fffff]
[    0.374737] pci 0000:00:1d.2: PCI bridge to [bus 05-06]
[    0.374738] pci 0000:00:1d.2:   bridge window [io  0xd000-0xdfff]
[    0.374740] pci 0000:00:1d.2:   bridge window [mem 0xde000000-0xdf0fffff]
[    0.374745] pci_bus 0000:00: resource 4 [io  0x0000-0x0cf7 window]
[    0.374746] pci_bus 0000:00: resource 5 [io  0x0d00-0xffff window]
[    0.374747] pci_bus 0000:00: resource 6 [mem 0x000a0000-0x000bffff window]
[    0.374748] pci_bus 0000:00: resource 7 [mem 0x8f800000-0xdfffffff window]
[    0.374748] pci_bus 0000:00: resource 8 [mem 0xfd000000-0xfe7fffff window]
[    0.374749] pci_bus 0000:04: resource 0 [io  0xe000-0xefff]
[    0.374750] pci_bus 0000:04: resource 1 [mem 0xdf100000-0xdf1fffff]
[    0.374751] pci_bus 0000:05: resource 0 [io  0xd000-0xdfff]
[    0.374751] pci_bus 0000:05: resource 1 [mem 0xde000000-0xdf0fffff]
[    0.374752] pci_bus 0000:06: resource 0 [io  0xd000-0xdfff]
[    0.374753] pci_bus 0000:06: resource 1 [mem 0xde000000-0xdf0fffff]
[    0.374852] NET: Registered protocol family 2
[    0.374928] tcp_listen_portaddr_hash hash table entries: 16384 (order: 6, 262144 bytes, linear)
[    0.374952] TCP established hash table entries: 262144 (order: 9, 2097152 bytes, linear)
[    0.375122] TCP bind hash table entries: 65536 (order: 8, 1048576 bytes, linear)
[    0.375203] TCP: Hash tables configured (established 262144 bind 65536)
[    0.375220] UDP hash table entries: 16384 (order: 7, 524288 bytes, linear)
[    0.375263] UDP-Lite hash table entries: 16384 (order: 7, 524288 bytes, linear)
[    0.375339] NET: Registered protocol family 1
[    0.375342] NET: Registered protocol family 44
[    0.375348] pci 0000:00:02.0: Video device with shadowed ROM at [mem 0x000c0000-0x000dffff]
[    0.375585] PCI: CLS 64 bytes, default 64
[    0.375607] Trying to unpack rootfs image as initramfs...
[    0.874166] Freeing initrd memory: 43536K
[    0.874200] DMAR: ACPI device "device:7d" under DMAR at fed91000 as 00:15.0
[    0.874202] DMAR: ACPI device "device:7e" under DMAR at fed91000 as 00:15.1
[    0.874203] DMAR: ACPI device "device:7f" under DMAR at fed91000 as 00:1e.0
[    0.874213] DMAR: No ATSR found
[    0.874244] DMAR: dmar0: Using Queued invalidation
[    0.874246] DMAR: dmar1: Using Queued invalidation
[    0.874571] pci 0000:00:00.0: Adding to iommu group 0
[    0.877343] pci 0000:00:02.0: Adding to iommu group 1
[    0.877492] pci 0000:00:02.0: Using iommu direct mapping
[    0.877518] pci 0000:00:08.0: Adding to iommu group 2
[    0.877571] pci 0000:00:14.0: Adding to iommu group 3
[    0.877578] pci 0000:00:14.2: Adding to iommu group 3
[    0.877616] pci 0000:00:15.0: Adding to iommu group 4
[    0.877623] pci 0000:00:15.1: Adding to iommu group 4
[    0.877665] pci 0000:00:16.0: Adding to iommu group 5
[    0.877672] pci 0000:00:16.3: Adding to iommu group 5
[    0.877704] pci 0000:00:17.0: Adding to iommu group 6
[    0.877741] pci 0000:00:1b.0: Adding to iommu group 7
[    0.877779] pci 0000:00:1c.0: Adding to iommu group 8
[    0.877816] pci 0000:00:1d.0: Adding to iommu group 9
[    0.877853] pci 0000:00:1d.1: Adding to iommu group 10
[    0.877887] pci 0000:00:1d.2: Adding to iommu group 11
[    0.877927] pci 0000:00:1e.0: Adding to iommu group 12
[    0.879057] pci 0000:00:1f.0: Adding to iommu group 13
[    0.879065] pci 0000:00:1f.2: Adding to iommu group 13
[    0.879073] pci 0000:00:1f.3: Adding to iommu group 13
[    0.879081] pci 0000:00:1f.4: Adding to iommu group 13
[    0.879118] pci 0000:00:1f.6: Adding to iommu group 14
[    0.879155] pci 0000:04:00.0: Adding to iommu group 15
[    0.879197] pci 0000:05:00.0: Adding to iommu group 16
[    0.879201] pci 0000:06:00.0: Adding to iommu group 16
[    0.879322] DMAR: Intel(R) Virtualization Technology for Directed I/O
[    0.881046] Initialise system trusted keyrings
[    0.881052] Key type blacklist registered
[    0.881068] workingset: timestamp_bits=40 max_order=23 bucket_order=0
[    0.881844] zbud: loaded
[    0.881949] Platform Keyring initialized
[    0.881950] Key type asymmetric registered
[    0.881951] Asymmetric key parser 'x509' registered
[    0.881955] Block layer SCSI generic (bsg) driver version 0.4 loaded (major 251)
[    0.881977] io scheduler mq-deadline registered
[    0.882205] pcieport 0000:00:1b.0: PME: Signaling with IRQ 122
[    0.882240] pcieport 0000:00:1b.0: AER: enabled with IRQ 122
[    0.882395] pcieport 0000:00:1c.0: PME: Signaling with IRQ 123
[    0.882423] pcieport 0000:00:1c.0: AER: enabled with IRQ 123
[    0.882556] pcieport 0000:00:1d.0: PME: Signaling with IRQ 124
[    0.882685] pcieport 0000:00:1d.1: PME: Signaling with IRQ 125
[    0.882713] pcieport 0000:00:1d.1: AER: enabled with IRQ 125
[    0.882842] pcieport 0000:00:1d.2: PME: Signaling with IRQ 126
[    0.882869] pcieport 0000:00:1d.2: AER: enabled with IRQ 126
[    0.882938] shpchp: Standard Hot Plug PCI Controller Driver version: 0.4
[    0.882948] intel_idle: MWAIT substates: 0x142120
[    0.882949] intel_idle: v0.4.1 model 0x5E
[    0.883190] intel_idle: lapic_timer_reliable_states 0xffffffff
[    0.884073] thermal LNXTHERM:00: registered as thermal_zone0
[    0.884073] ACPI: Thermal Zone [TZ00] (28 C)
[    0.884156] thermal LNXTHERM:01: registered as thermal_zone1
[    0.884156] ACPI: Thermal Zone [TZ01] (30 C)
[    0.884204] ERST: Error Record Serialization Table (ERST) support is initialized.
[    0.884205] pstore: Registered erst as persistent store backend
[    0.884247] GHES: APEI firmware first mode is enabled by APEI bit.
[    0.884315] Serial: 8250/16550 driver, 4 ports, IRQ sharing enabled
[    0.884597] 00:01: ttyS0 at I/O 0x3f8 (irq = 4, base_baud = 115200) is a 16550A
[    0.885709] 00:02: ttyS1 at I/O 0x2f8 (irq = 3, base_baud = 115200) is a 16550A
[    0.887065] 0000:00:16.3: ttyS2 at I/O 0xf0a0 (irq = 19, base_baud = 115200) is a 16550A
[    0.887264] Linux agpgart interface v0.103
[    0.887304] AMD-Vi: AMD IOMMUv2 driver by Joerg Roedel <jroedel@suse.de>
[    0.887304] AMD-Vi: AMD IOMMUv2 functionality not available on this system
[    0.887717] i8042: PNP: No PS/2 controller found.
[    0.887745] mousedev: PS/2 mouse device common for all mice
[    0.887775] rtc_cmos 00:05: RTC can wake from S4
[    0.888255] rtc_cmos 00:05: registered as rtc0
[    0.888264] rtc_cmos 00:05: alarms up to one month, y3k, 242 bytes nvram, hpet irqs
[    0.888268] intel_pstate: Intel P-state driver initializing
[    0.888916] intel_pstate: HWP enabled
[    0.889037] ledtrig-cpu: registered to indicate activity on CPUs
[    0.889161] drop_monitor: Initializing network drop monitor service
[    0.889300] NET: Registered protocol family 10
[    0.896122] Segment Routing with IPv6
[    0.896134] mip6: Mobile IPv6
[    0.896134] NET: Registered protocol family 17
[    0.896240] mpls_gso: MPLS GSO support
[    0.896919] microcode: sig=0x506e3, pf=0x2, revision=0xd6
[    0.897087] microcode: Microcode Update Driver: v2.2.
[    0.897089] IPI shorthand broadcast: enabled
[    0.897107] sched_clock: Marking stable (894292599, 2568221)->(990520866, -93660046)
[    0.897298] registered taskstats version 1
[    0.897299] Loading compiled-in X.509 certificates
[    0.918917] Loaded X.509 cert 'Debian Secure Boot CA: 6ccece7e4c6c0d1f6149f3dd27dfcc5cbb419ea1'
[    0.918927] Loaded X.509 cert 'Debian Secure Boot Signer: 00a7468def'
[    0.918939] zswap: loaded using pool lzo/zbud
[    0.919345] Key type ._fscrypt registered
[    0.919345] Key type .fscrypt registered
[    0.919346] Key type fscrypt-provisioning registered
[    0.919383] pstore: Using crash dump compression: deflate
[    0.919391] AppArmor: AppArmor sha1 policy hashing enabled
[    0.920358] rtc_cmos 00:05: setting system clock to 2020-06-04T10:00:46 UTC (1591264846)
[    0.921101] Freeing unused kernel image (initmem) memory: 1612K
[    0.996075] Write protecting the kernel read-only data: 16384k
[    0.997114] Freeing unused kernel image (text/rodata gap) memory: 2044K
[    0.997307] Freeing unused kernel image (rodata/data gap) memory: 120K
[    1.056373] x86/mm: Checked W+X mappings: passed, no W+X pages found.
[    1.056373] x86/mm: Checking user space page tables
[    1.083217] x86/mm: Checked W+X mappings: passed, no W+X pages found.
[    1.083218] Run /init as init process
[    1.083218]   with arguments:
[    1.083219]     /init
[    1.083219]   with environment:
[    1.083219]     HOME=/
[    1.083220]     TERM=linux
[    1.083220]     BOOT_IMAGE=/boot/vmlinuz-5.6.0-2-amd64
[    1.139558] input: Sleep Button as /devices/LNXSYSTM:00/LNXSYBUS:00/PNP0C0E:00/input/input0
[    1.139580] ACPI: Sleep Button [SLPB]
[    1.139624] input: Power Button as /devices/LNXSYSTM:00/LNXSYBUS:00/PNP0C0C:00/input/input1
[    1.139637] ACPI: Power Button [PWRB]
[    1.139662] input: Power Button as /devices/LNXSYSTM:00/LNXPWRBN:00/input/input2
[    1.139689] ACPI: Power Button [PWRF]
[    1.151483] pps_core: LinuxPPS API ver. 1 registered
[    1.151484] pps_core: Software ver. 5.3.6 - Copyright 2005-2007 Rodolfo Giometti <giometti@linux.it>
[    1.152700] PTP clock support registered
[    1.153198] dca service started, version 1.12.1
[    1.158304] i801_smbus 0000:00:1f.4: SPD Write Disable is set
[    1.158344] i801_smbus 0000:00:1f.4: SMBus using PCI interrupt
[    1.158466] intel-lpss 0000:00:15.0: enabling device (0000 -> 0002)
[    1.158710] idma64 idma64.0: Found Intel integrated DMA 64-bit
[    1.161029] igb: Intel(R) Gigabit Ethernet Network Driver - version 5.6.0-k
[    1.161029] igb: Copyright (c) 2007-2014 Intel Corporation.
[    1.164440] ACPI: bus type USB registered
[    1.164455] usbcore: registered new interface driver usbfs
[    1.164462] usbcore: registered new interface driver hub
[    1.164488] usbcore: registered new device driver usb
[    1.168522] intel-lpss 0000:00:15.1: enabling device (0000 -> 0002)
[    1.168762] idma64 idma64.1: Found Intel integrated DMA 64-bit
[    1.173453] e1000e: Intel(R) PRO/1000 Network Driver - 3.2.6-k
[    1.173454] e1000e: Copyright(c) 1999 - 2015 Intel Corporation.
[    1.174603] intel-lpss 0000:00:1e.0: enabling device (0000 -> 0002)
[    1.174626] e1000e 0000:00:1f.6: Interrupt Throttling Rate (ints/sec) set to dynamic conservative mode
[    1.174879] idma64 idma64.2: Found Intel integrated DMA 64-bit
[    1.175017] SCSI subsystem initialized
[    1.175935] dw-apb-uart.2: ttyS3 at MMIO 0xdf24b000 (irq = 20, base_baud = 115200) is a 16550A
[    1.185340] xhci_hcd 0000:00:14.0: xHCI Host Controller
[    1.185347] xhci_hcd 0000:00:14.0: new USB bus registered, assigned bus number 1
[    1.186451] xhci_hcd 0000:00:14.0: hcc params 0x200077c1 hci version 0x100 quirks 0x0000000001109810
[    1.187465] xhci_hcd 0000:00:14.0: cache line size of 64 is not supported
[    1.187661] usb usb1: New USB device found, idVendor=1d6b, idProduct=0002, bcdDevice= 5.06
[    1.187663] usb usb1: New USB device strings: Mfr=3, Product=2, SerialNumber=1
[    1.187664] usb usb1: Product: xHCI Host Controller
[    1.187665] usb usb1: Manufacturer: Linux 5.6.0-2-amd64 xhci-hcd
[    1.187666] usb usb1: SerialNumber: 0000:00:14.0
[    1.187773] hub 1-0:1.0: USB hub found
[    1.187790] hub 1-0:1.0: 16 ports detected
[    1.187842] libata version 3.00 loaded.
[    1.191212] ahci 0000:00:17.0: version 3.0
[    1.192724] ast 0000:06:00.0: enabling device (0140 -> 0143)
[    1.199510] pps pps0: new PPS source ptp0
[    1.199542] igb 0000:04:00.0: added PHC on eth0
[    1.199543] igb 0000:04:00.0: Intel(R) Gigabit Ethernet Network Connection
[    1.199545] igb 0000:04:00.0: eth0: (PCIe:2.5Gb/s:Width x1) 0c:c4:7a:cf:6c:d7
[    1.199618] igb 0000:04:00.0: eth0: PBA No: 010B00-000
[    1.199619] igb 0000:04:00.0: Using MSI-X interrupts. 4 rx queue(s), 4 tx queue(s)
[    1.200298] igb 0000:04:00.0 eno2: renamed from eth0
[    1.209686] [drm] Using P2A bridge for configuration
[    1.209701] [drm] AST 2400 detected
[    1.209713] [drm] Analog VGA only
[    1.209731] [drm] dram MCLK=408 Mhz type=1 bus_width=16 size=01000000
[    1.209763] [TTM] Zone  kernel: Available graphics memory: 16423934 KiB
[    1.209765] ahci 0000:00:17.0: AHCI 0001.0301 32 slots 4 ports 6 Gbps 0xf impl SATA mode
[    1.209765] [TTM] Zone   dma32: Available graphics memory: 2097152 KiB
[    1.209766] ahci 0000:00:17.0: flags: 64bit ncq sntf led clo only pio slum part ems deso sadm sds apst 
[    1.209767] [TTM] Initializing pool allocator
[    1.209775] [TTM] Initializing DMA pool allocator
[    1.210535] [drm:drm_client_modeset_probe [drm]] 
[    1.210544] [drm:drm_helper_probe_single_connector_modes [drm_kms_helper]] [CONNECTOR:35:VGA-1]
[    1.210551] [drm:drm_helper_probe_single_connector_modes [drm_kms_helper]] [CONNECTOR:35:VGA-1] status updated from unknown to connected
[    1.214089] [drm:drm_do_probe_ddc_edid [drm]] drm: skipping non-existent adapter AST i2c bit bus
[    1.214125] [drm:drm_mode_debug_printmodeline [drm]] Modeline "848x480": 0 33750 848 864 976 1088 480 486 494 517 0x40 0x5
[    1.214137] [drm:drm_mode_prune_invalid [drm]] Not using 848x480 mode: NOMODE
[    1.214145] [drm:drm_helper_probe_single_connector_modes [drm_kms_helper]] [CONNECTOR:35:VGA-1] probed modes :
[    1.214158] [drm:drm_mode_debug_printmodeline [drm]] Modeline "1024x768": 60 65000 1024 1048 1184 1344 768 771 777 806 0x40 0xa
[    1.214170] [drm:drm_mode_debug_printmodeline [drm]] Modeline "800x600": 60 40000 800 840 968 1056 600 601 605 628 0x40 0x5
[    1.214182] [drm:drm_mode_debug_printmodeline [drm]] Modeline "800x600": 56 36000 800 824 896 1024 600 601 603 625 0x40 0x5
[    1.214195] [drm:drm_mode_debug_printmodeline [drm]] Modeline "640x480": 60 25175 640 656 752 800 480 490 492 525 0x40 0xa
[    1.214209] [drm:drm_client_modeset_probe [drm]] connector 35 enabled? yes
[    1.214223] [drm:drm_client_modeset_probe [drm]] Not using firmware configuration
[    1.214236] [drm:drm_client_modeset_probe [drm]] looking for cmdline mode on connector 35
[    1.214248] [drm:drm_client_modeset_probe [drm]] looking for preferred mode on connector 35 0
[    1.214261] [drm:drm_client_modeset_probe [drm]] found mode 1024x768
[    1.214273] [drm:drm_client_modeset_probe [drm]] picking CRTCs for 1920x2048 config
[    1.214286] [drm:drm_client_modeset_probe [drm]] desired mode 1024x768 set on crtc 33 (0,0)
[    1.214294] ast 0000:06:00.0: [drm:__drm_fb_helper_initial_config_and_unlock [drm_kms_helper]] test CRTC 0 primary plane
[    1.214302] ast 0000:06:00.0: [drm:drm_fb_helper_generic_probe [drm_kms_helper]] surface width(1024), height(768) and bpp(32)
[    1.214322] [drm:drm_mode_addfb2 [drm]] [FB:36]
[    1.216083] [drm:drm_atomic_state_init [drm]] Allocated atomic state 00000000d3c00277
[    1.216098] [drm:drm_atomic_get_plane_state [drm]] Added [PLANE:31:plane-0] 00000000706e661a state to 00000000d3c00277
[    1.216111] [drm:drm_atomic_get_plane_state [drm]] Added [PLANE:32:plane-1] 00000000b376c70b state to 00000000d3c00277
[    1.216125] [drm:drm_atomic_set_fb_for_plane [drm]] Set [NOFB] for [PLANE:32:plane-1] state 00000000b376c70b
[    1.216139] [drm:drm_atomic_get_crtc_state [drm]] Added [CRTC:33:crtc-0] 000000000505a613 state to 00000000d3c00277
[    1.216153] [drm:drm_atomic_set_mode_for_crtc [drm]] Set [MODE:1024x768] for [CRTC:33:crtc-0] state 000000000505a613
[    1.216166] [drm:drm_atomic_set_crtc_for_plane [drm]] Link [PLANE:31:plane-0] state 00000000706e661a to [CRTC:33:crtc-0]
[    1.216179] [drm:drm_atomic_set_fb_for_plane [drm]] Set [FB:36] for [PLANE:31:plane-0] state 00000000706e661a
[    1.216192] [drm:drm_atomic_add_affected_connectors [drm]] Adding all current connectors for [CRTC:33:crtc-0] to 00000000d3c00277
[    1.216205] [drm:drm_atomic_get_connector_state [drm]] Added [CONNECTOR:35:VGA-1] 000000007c015743 state to 00000000d3c00277
[    1.216219] [drm:drm_atomic_set_crtc_for_connector [drm]] Link [CONNECTOR:35:VGA-1] state 000000007c015743 to [CRTC:33:crtc-0]
[    1.216231] [drm:drm_atomic_check_only [drm]] checking 00000000d3c00277
[    1.216240] [drm:drm_atomic_helper_check_modeset [drm_kms_helper]] [CRTC:33:crtc-0] mode changed
[    1.216246] [drm:drm_atomic_helper_check_modeset [drm_kms_helper]] [CRTC:33:crtc-0] enable changed
[    1.216252] [drm:drm_atomic_helper_check_modeset [drm_kms_helper]] [CRTC:33:crtc-0] active changed
[    1.216258] [drm:drm_atomic_helper_check_modeset [drm_kms_helper]] Updating routing for [CONNECTOR:35:VGA-1]
[    1.216265] [drm:drm_atomic_helper_check_modeset [drm_kms_helper]] [CONNECTOR:35:VGA-1] using [ENCODER:34:DAC-34] on [CRTC:33:crtc-0]
[    1.216271] [drm:drm_atomic_helper_check_modeset [drm_kms_helper]] [CRTC:33:crtc-0] needs all connectors, enable: y, active: y
[    1.216284] [drm:drm_atomic_add_affected_connectors [drm]] Adding all current connectors for [CRTC:33:crtc-0] to 00000000d3c00277
[    1.216296] [drm:drm_atomic_add_affected_planes [drm]] Adding all current planes for [CRTC:33:crtc-0] to 00000000d3c00277
[    1.216310] [drm:drm_atomic_commit [drm]] committing 00000000d3c00277
[    1.317254] [drm:drm_atomic_helper_commit_modeset_disables [drm_kms_helper]] modeset on [ENCODER:34:DAC-34]
[    1.317708] [drm:drm_atomic_helper_commit_modeset_enables [drm_kms_helper]] enabling [CRTC:33:crtc-0]
[    1.321530] [drm:drm_atomic_helper_commit_modeset_enables [drm_kms_helper]] enabling [ENCODER:34:DAC-34]
[    1.321546] [drm:drm_atomic_state_default_clear [drm]] Clearing atomic state 00000000d3c00277
[    1.321559] [drm:__drm_atomic_state_free [drm]] Freeing atomic state 00000000d3c00277
[    1.321591] [drm:drm_atomic_state_init [drm]] Allocated atomic state 00000000d3c00277
[    1.321604] [drm:drm_atomic_get_plane_state [drm]] Added [PLANE:31:plane-0] 000000009f032e5a state to 00000000d3c00277
[    1.321616] [drm:drm_atomic_get_crtc_state [drm]] Added [CRTC:33:crtc-0] 000000005efad0e6 state to 00000000d3c00277
[    1.321629] [drm:drm_atomic_get_plane_state [drm]] Added [PLANE:32:plane-1] 0000000033f48d87 state to 00000000d3c00277
[    1.321642] [drm:drm_atomic_set_fb_for_plane [drm]] Set [NOFB] for [PLANE:32:plane-1] state 0000000033f48d87
[    1.321656] [drm:drm_atomic_set_fb_for_plane [drm]] Set [FB:36] for [PLANE:31:plane-0] state 000000009f032e5a
[    1.321669] [drm:drm_atomic_add_affected_connectors [drm]] Adding all current connectors for [CRTC:33:crtc-0] to 00000000d3c00277
[    1.321682] [drm:drm_atomic_get_connector_state [drm]] Added [CONNECTOR:35:VGA-1] 000000004014674f state to 00000000d3c00277
[    1.321695] [drm:drm_atomic_set_crtc_for_connector [drm]] Link [CONNECTOR:35:VGA-1] state 000000004014674f to [NOCRTC]
[    1.321708] [drm:drm_atomic_set_crtc_for_connector [drm]] Link [CONNECTOR:35:VGA-1] state 000000004014674f to [CRTC:33:crtc-0]
[    1.321720] [drm:drm_atomic_check_only [drm]] checking 00000000d3c00277
[    1.321728] [drm:drm_atomic_helper_check_modeset [drm_kms_helper]] Updating routing for [CONNECTOR:35:VGA-1]
[    1.321734] [drm:drm_atomic_helper_check_modeset [drm_kms_helper]] [CONNECTOR:35:VGA-1] keeps [ENCODER:34:DAC-34], now on [CRTC:33:crtc-0]
[    1.321747] [drm:drm_atomic_commit [drm]] committing 00000000d3c00277
[    1.321805] [drm:drm_atomic_state_default_clear [drm]] Clearing atomic state 00000000d3c00277
[    1.321818] [drm:__drm_atomic_state_free [drm]] Freeing atomic state 00000000d3c00277
[    1.324095] e1000e 0000:00:1f.6 0000:00:1f.6 (uninitialized): registered PHC clock
[    1.324820] Console: switching to colour frame buffer device 128x48
[    1.341554] [drm:drm_atomic_state_init [drm]] Allocated atomic state 00000000d3c00277
[    1.341567] [drm:drm_atomic_get_plane_state [drm]] Added [PLANE:31:plane-0] 00000000f7eff311 state to 00000000d3c00277
[    1.341579] [drm:drm_atomic_get_crtc_state [drm]] Added [CRTC:33:crtc-0] 000000000505a613 state to 00000000d3c00277
[    1.341591] [drm:drm_atomic_get_plane_state [drm]] Added [PLANE:32:plane-1] 00000000d2da0efa state to 00000000d3c00277
[    1.341605] [drm:drm_atomic_set_fb_for_plane [drm]] Set [NOFB] for [PLANE:32:plane-1] state 00000000d2da0efa
[    1.341619] [drm:drm_atomic_set_fb_for_plane [drm]] Set [FB:36] for [PLANE:31:plane-0] state 00000000f7eff311
[    1.341631] [drm:drm_atomic_add_affected_connectors [drm]] Adding all current connectors for [CRTC:33:crtc-0] to 00000000d3c00277
[    1.341644] [drm:drm_atomic_get_connector_state [drm]] Added [CONNECTOR:35:VGA-1] 00000000cebac407 state to 00000000d3c00277
[    1.341657] [drm:drm_atomic_set_crtc_for_connector [drm]] Link [CONNECTOR:35:VGA-1] state 00000000cebac407 to [NOCRTC]
[    1.341670] [drm:drm_atomic_set_crtc_for_connector [drm]] Link [CONNECTOR:35:VGA-1] state 00000000cebac407 to [CRTC:33:crtc-0]
[    1.341682] [drm:drm_atomic_check_only [drm]] checking 00000000d3c00277
[    1.341690] [drm:drm_atomic_helper_check_modeset [drm_kms_helper]] Updating routing for [CONNECTOR:35:VGA-1]
[    1.341696] [drm:drm_atomic_helper_check_modeset [drm_kms_helper]] [CONNECTOR:35:VGA-1] keeps [ENCODER:34:DAC-34], now on [CRTC:33:crtc-0]
[    1.341709] [drm:drm_atomic_commit [drm]] committing 00000000d3c00277
[    1.341749] [drm:drm_atomic_state_default_clear [drm]] Clearing atomic state 00000000d3c00277
[    1.341761] [drm:__drm_atomic_state_free [drm]] Freeing atomic state 00000000d3c00277
[    1.344652] ast 0000:06:00.0: fb0: astdrmfb frame buffer device
[    1.366247] xhci_hcd 0000:00:14.0: xHCI Host Controller
[    1.366250] xhci_hcd 0000:00:14.0: new USB bus registered, assigned bus number 2
[    1.366253] xhci_hcd 0000:00:14.0: Host supports USB 3.0 SuperSpeed
[    1.366292] usb usb2: New USB device found, idVendor=1d6b, idProduct=0003, bcdDevice= 5.06
[    1.366293] usb usb2: New USB device strings: Mfr=3, Product=2, SerialNumber=1
[    1.366294] usb usb2: Product: xHCI Host Controller
[    1.366295] usb usb2: Manufacturer: Linux 5.6.0-2-amd64 xhci-hcd
[    1.366296] usb usb2: SerialNumber: 0000:00:14.0
[    1.366371] scsi host0: ahci
[    1.366512] hub 2-0:1.0: USB hub found
[    1.366540] hub 2-0:1.0: 10 ports detected
[    1.366542] scsi host1: ahci
[    1.366632] scsi host2: ahci
[    1.366704] scsi host3: ahci
[    1.366744] ata1: SATA max UDMA/133 abar m2048@0xdf24c000 port 0xdf24c100 irq 134
[    1.366746] ata2: SATA max UDMA/133 abar m2048@0xdf24c000 port 0xdf24c180 irq 134
[    1.366747] ata3: SATA max UDMA/133 abar m2048@0xdf24c000 port 0xdf24c200 irq 134
[    1.366748] ata4: SATA max UDMA/133 abar m2048@0xdf24c000 port 0xdf24c280 irq 134
[    1.367439] usb: port power management may be unreliable
[    1.390078] i915 0000:00:02.0: [drm:i915_driver_probe [i915]] WOPCM: 1024K
[    1.390116] i915 0000:00:02.0: [drm:intel_uc_init_early [i915]] enable_guc=0 (guc:no submission:no huc:no)
[    1.390147] [drm:i915_gem_init_early [i915]] fake context support initialized
[    1.390174] i915 0000:00:02.0: [drm:intel_pch_type [i915]] Found SunrisePoint PCH
[    1.390207] [drm:intel_power_domains_init [i915]] Allowed DC state mask 02
[    1.390244] i915 0000:00:02.0: [drm:intel_uncore_init_mmio [i915]] unclaimed mmio detected on uncore init, clearing
[    1.390619] [drm:i915_ggtt_probe_hw [i915]] GGTT size = 4096M
[    1.390645] [drm:i915_ggtt_probe_hw [i915]] GMADR size = 256M
[    1.390669] [drm:i915_ggtt_probe_hw [i915]] DSM size = 32M
[    1.390670] i915 0000:00:02.0: VT-d active for gfx access
[    1.390671] i915 0000:00:02.0: vgaarb: deactivate vga console
[    1.390754] [drm:init_stolen [i915]] GEN6_STOLEN_RESERVED = 8f700047
[    1.390788] [drm:init_stolen [i915]] Memory reserved for graphics device: 32768K, usable: 31744K
[    1.390818] [drm:intel_gt_init_workarounds [i915]] Initialized 4 GT workarounds on global
[    1.390868] [drm:intel_gvt_init [i915]] GVT-g is disabled by kernel params
[    1.390899] [drm:intel_opregion_setup [i915]] graphic opregion physical addr: 0x8b82a018
[    1.390933] [drm:intel_opregion_setup [i915]] ACPI OpRegion version 2.0.0
[    1.390962] [drm:intel_opregion_setup [i915]] Public ACPI methods supported
[    1.390989] [drm:intel_opregion_setup [i915]] SWSCI supported
[    1.392097] [drm:intel_opregion_setup [i915]] SWSCI GBDA callbacks 00000cb3, SBCB callbacks 00300483
[    1.392125] [drm:intel_opregion_setup [i915]] ASLE supported
[    1.392152] [drm:intel_opregion_setup [i915]] ASLE extension supported
[    1.392179] [drm:intel_opregion_setup [i915]] Found valid VBT in ACPI OpRegion (Mailbox #4)
[    1.392203] [drm:i915_driver_probe [i915]] DRAM type: DDR4
[    1.392227] [drm:skl_dram_get_dimm_info [i915]] CH0 DIMM L size: 16 GB, width: X8, ranks: 2, 16Gb DIMMs: no
[    1.392249] [drm:skl_dram_get_dimm_info [i915]] CH0 DIMM S size: 0 GB, width: X0, ranks: 0, 16Gb DIMMs: no
[    1.392271] [drm:skl_dram_get_channel_info [i915]] CH0 ranks: 2, 16Gb DIMMs: no
[    1.392292] [drm:skl_dram_get_dimm_info [i915]] CH1 DIMM L size: 16 GB, width: X8, ranks: 2, 16Gb DIMMs: no
[    1.392313] [drm:skl_dram_get_dimm_info [i915]] CH1 DIMM S size: 0 GB, width: X0, ranks: 0, 16Gb DIMMs: no
[    1.392332] [drm:skl_dram_get_channel_info [i915]] CH1 ranks: 2, 16Gb DIMMs: no
[    1.392352] [drm:i915_driver_probe [i915]] Memory configuration is symmetric? yes
[    1.392371] [drm:i915_driver_probe [i915]] DRAM bandwidth: 34133344 kBps, channels: 2
[    1.392391] [drm:i915_driver_probe [i915]] DRAM ranks: 2, 16Gb DIMMs: no
[    1.392391] [drm] Supports vblank timestamp caching Rev 2 (21.10.2013).
[    1.392392] [drm] Driver supports precise vblank timestamp query.
[    1.392424] [drm:intel_bios_init [i915]] Set default to SSC at 120000 kHz
[    1.392456] [drm:intel_bios_init [i915]] VBT signature "$VBT SKYLAKE        ", BDB version 205
[    1.392487] [drm:intel_bios_init [i915]] BDB_GENERAL_FEATURES int_tv_support 0 int_crt_support 0 lvds_use_ssc 0 lvds_ssc_freq 120000 display_clock_mode 1 fdi_rx_polarity_inverted 0
[    1.392517] [drm:intel_bios_init [i915]] crt_ddc_bus_pin: 2
[    1.392547] [drm:intel_bios_init [i915]] Found VBT child device with type 0x68d6
[    1.392575] [drm:intel_bios_init [i915]] Found VBT child device with type 0x60d6
[    1.392604] [drm:intel_bios_init [i915]] Found VBT child device with type 0x60d6
[    1.392632] [drm:intel_bios_init [i915]] Found VBT child device with type 0x68c6
[    1.392985] [drm:intel_opregion_get_panel_type [i915]] Ignoring OpRegion panel type (0)
[    1.393028] [drm:intel_bios_init [i915]] Panel type: 2 (VBT)
[    1.393056] [drm:intel_bios_init [i915]] DRRS supported mode is static
[    1.393085] [drm:intel_bios_init [i915]] Found panel mode in BIOS VBT legacy lfp table:
[    1.393098] [drm:drm_mode_debug_printmodeline [drm]] Modeline "1024x768": 0 65000 1024 1048 1184 1344 768 771 777 806 0x8 0xa
[    1.393126] [drm:intel_bios_init [i915]] VBT initial LVDS value 300
[    1.393154] [drm:intel_bios_init [i915]] VBT backlight PWM modulation frequency 200 Hz, active high, min brightness 0, level 255, controller 0
[    1.393181] [drm:intel_bios_init [i915]] DRRS State Enabled:1
[    1.393209] [drm:intel_bios_init [i915]] Skipping SDVO device mapping
[    1.393237] [drm:intel_bios_init [i915]] Port B VBT info: CRT:0 DVI:1 HDMI:0 DP:1 eDP:0 LSPCON:0 USB-Type-C:0 TBT:0 DSC:0
[    1.393264] [drm:intel_bios_init [i915]] VBT HDMI level shift for port B: 8
[    1.393292] [drm:intel_bios_init [i915]] Port C VBT info: CRT:0 DVI:1 HDMI:1 DP:1 eDP:0 LSPCON:0 USB-Type-C:0 TBT:0 DSC:0
[    1.393318] [drm:intel_bios_init [i915]] VBT HDMI level shift for port C: 8
[    1.393346] [drm:intel_bios_init [i915]] Port D VBT info: CRT:0 DVI:1 HDMI:1 DP:1 eDP:0 LSPCON:0 USB-Type-C:0 TBT:0 DSC:0
[    1.393373] [drm:intel_bios_init [i915]] VBT HDMI level shift for port D: 8
[    1.393400] [drm:intel_bios_init [i915]] Port E VBT info: CRT:0 DVI:0 HDMI:0 DP:1 eDP:0 LSPCON:0 USB-Type-C:0 TBT:0 DSC:0
[    1.393427] [drm:intel_bios_init [i915]] VBT HDMI level shift for port E: 0
[    1.393534] [drm:intel_dsm_detect [i915]] no _DSM method for intel device
[    1.393577] [drm:intel_power_domains_init_hw [i915]] rawclk rate: 24000 kHz
[    1.393610] [drm:gen9_set_dc_state [i915]] Setting DC state from 00 to 00
[    1.393643] [drm:intel_power_well_enable [i915]] enabling power well 1
[    1.393675] [drm:intel_power_well_enable [i915]] enabling MISC IO power well
[    1.393708] [drm:intel_dump_cdclk_state [i915]] Current CDCLK 675000 kHz, VCO 8100000 kHz, ref 24000 kHz, bypass 24000 kHz, voltage level 3
[    1.393740] [drm:intel_update_max_cdclk [i915]] Max CD clock rate: 675000 kHz
[    1.393770] [drm:intel_cdclk_init [i915]] Max dotclock rate: 675000 kHz
[    1.393813] [drm:intel_power_well_enable [i915]] enabling always-on
[    1.393843] [drm:intel_power_well_enable [i915]] enabling DC off
[    1.393873] [drm:gen9_set_dc_state [i915]] Setting DC state from 00 to 00
[    1.393906] [drm:intel_power_well_enable [i915]] enabling power well 2
[    1.393909] i915 0000:00:02.0: vgaarb: changed VGA decodes: olddecodes=io+mem,decodes=none:owns=io+mem
[    1.393964] [drm:intel_power_well_enable [i915]] enabling DDI A/E IO power well
[    1.394014] [drm:intel_power_well_enable [i915]] enabling DDI B IO power well
[    1.394042] [drm:intel_power_well_enable [i915]] enabling DDI C IO power well
[    1.394069] [drm:intel_power_well_enable [i915]] enabling DDI D IO power well
[    1.394113] [drm:intel_csr_ucode_init [i915]] Loading i915/skl_dmc_ver1_27.bin
[    1.394155] i915 0000:00:02.0: firmware: direct-loading firmware i915/skl_dmc_ver1_27.bin
[    1.394459] [drm] Finished loading DMC firmware i915/skl_dmc_ver1_27.bin (v1.27)
[    1.394625] [drm] Disabling framebuffer compression (FBC) to prevent screen flicker with VT-d enabled
[    1.394695] [drm:intel_fbc_init [i915]] Sanitized enable_fbc value: 0
[    1.394722] i915 0000:00:02.0: [drm:intel_print_wm_latency [i915]] Gen9 Plane WM0 latency 2 (2.0 usec)
[    1.394745] i915 0000:00:02.0: [drm:intel_print_wm_latency [i915]] Gen9 Plane WM1 latency 19 (19.0 usec)
[    1.394767] i915 0000:00:02.0: [drm:intel_print_wm_latency [i915]] Gen9 Plane WM2 latency 28 (28.0 usec)
[    1.394788] i915 0000:00:02.0: [drm:intel_print_wm_latency [i915]] Gen9 Plane WM3 latency 32 (32.0 usec)
[    1.394808] i915 0000:00:02.0: [drm:intel_print_wm_latency [i915]] Gen9 Plane WM4 latency 63 (63.0 usec)
[    1.394828] i915 0000:00:02.0: [drm:intel_print_wm_latency [i915]] Gen9 Plane WM5 latency 77 (77.0 usec)
[    1.394848] i915 0000:00:02.0: [drm:intel_print_wm_latency [i915]] Gen9 Plane WM6 latency 83 (83.0 usec)
[    1.394867] i915 0000:00:02.0: [drm:intel_print_wm_latency [i915]] Gen9 Plane WM7 latency 99 (99.0 usec)
[    1.394988] [drm:intel_modeset_init [i915]] 3 display pipes available.
[    1.395056] [drm:intel_dump_cdclk_state [i915]] Current CDCLK 675000 kHz, VCO 8100000 kHz, ref 24000 kHz, bypass 24000 kHz, voltage level 3
[    1.395385] [drm:intel_modeset_init [i915]] VBT says port A is not DVI/HDMI/DP compatible, respect it
[    1.395421] [drm:intel_bios_port_aux_ch [i915]] using AUX B for port B (VBT)
[    1.395451] [drm:intel_dp_init_connector [i915]] Adding DP connector on [ENCODER:94:DDI B]
[    1.395488] [drm:intel_hdmi_init_connector [i915]] Adding HDMI connector on [ENCODER:94:DDI B]
[    1.395516] [drm:intel_hdmi_init_connector [i915]] Using DDC pin 0x5 for port B (VBT)
[    1.395550] [drm:intel_bios_port_aux_ch [i915]] using AUX C for port C (VBT)
[    1.395578] [drm:intel_dp_init_connector [i915]] Adding DP connector on [ENCODER:109:DDI C]
[    1.395609] [drm:intel_hdmi_init_connector [i915]] Adding HDMI connector on [ENCODER:109:DDI C]
[    1.395636] [drm:intel_hdmi_init_connector [i915]] Using DDC pin 0x4 for port C (VBT)
[    1.395669] [drm:intel_bios_port_aux_ch [i915]] using AUX D for port D (VBT)
[    1.395697] [drm:intel_dp_init_connector [i915]] Adding DP connector on [ENCODER:119:DDI D]
[    1.395727] [drm:intel_hdmi_init_connector [i915]] Adding HDMI connector on [ENCODER:119:DDI D]
[    1.395754] [drm:intel_hdmi_init_connector [i915]] Using DDC pin 0x6 for port D (VBT)
[    1.395816] [drm:intel_bios_port_aux_ch [i915]] using AUX A for port E (VBT)
[    1.395862] [drm:intel_dp_init_connector [i915]] Adding DP connector on [ENCODER:129:DDI E]
[    1.395917] [drm:intel_modeset_setup_hw_state [i915]] [CRTC:51:pipe A] hw state readout: enabled
[    1.395960] [drm:intel_modeset_setup_hw_state [i915]] [CRTC:72:pipe B] hw state readout: disabled
[    1.396018] [drm:intel_modeset_setup_hw_state [i915]] [CRTC:93:pipe C] hw state readout: disabled
[    1.396064] [drm:intel_modeset_setup_hw_state [i915]] [PLANE:31:plane 1A] hw state readout: disabled, pipe A
[    1.396065] e1000e 0000:00:1f.6 eth0: (PCI Express:2.5GT/s:Width x1) 0c:c4:7a:cf:6c:d6
[    1.396066] e1000e 0000:00:1f.6 eth0: Intel(R) PRO/1000 Network Connection
[    1.396107] [drm:intel_modeset_setup_hw_state [i915]] [PLANE:39:plane 2A] hw state readout: disabled, pipe A
[    1.396162] [drm:intel_modeset_setup_hw_state [i915]] [PLANE:47:cursor A] hw state readout: disabled, pipe A
[    1.396213] e1000e 0000:00:1f.6 eth0: MAC: 12, PHY: 12, PBA No: 010BFF-0FF
[    1.396274] [drm:intel_modeset_setup_hw_state [i915]] [PLANE:52:plane 1B] hw state readout: disabled, pipe B
[    1.396309] [drm:intel_modeset_setup_hw_state [i915]] [PLANE:60:plane 2B] hw state readout: disabled, pipe B
[    1.396355] [drm:intel_modeset_setup_hw_state [i915]] [PLANE:68:cursor B] hw state readout: disabled, pipe B
[    1.396437] [drm:intel_modeset_setup_hw_state [i915]] [PLANE:73:plane 1C] hw state readout: disabled, pipe C
[    1.396511] [drm:intel_modeset_setup_hw_state [i915]] [PLANE:81:plane 2C] hw state readout: disabled, pipe C
[    1.396559] [drm:intel_modeset_setup_hw_state [i915]] [PLANE:89:cursor C] hw state readout: disabled, pipe C
[    1.396597] [drm:intel_modeset_setup_hw_state [i915]] DPLL 0 hw state readout: crtc_mask 0x00000000, on 1
[    1.396641] [drm:intel_modeset_setup_hw_state [i915]] DPLL 1 hw state readout: crtc_mask 0x00000001, on 1
[    1.396695] [drm:intel_modeset_setup_hw_state [i915]] DPLL 2 hw state readout: crtc_mask 0x00000000, on 0
[    1.396736] [drm:intel_modeset_setup_hw_state [i915]] DPLL 3 hw state readout: crtc_mask 0x00000000, on 0
[    1.396777] [drm:intel_modeset_setup_hw_state [i915]] [ENCODER:94:DDI B] hw state readout: disabled, pipe A
[    1.396820] [drm:intel_modeset_setup_hw_state [i915]] [ENCODER:96:DP-MST A] hw state readout: disabled, pipe A
[    1.396861] [drm:intel_modeset_setup_hw_state [i915]] [ENCODER:97:DP-MST B] hw state readout: disabled, pipe B
[    1.396907] [drm:intel_modeset_setup_hw_state [i915]] [ENCODER:98:DP-MST C] hw state readout: disabled, pipe C
[    1.396908] e1000e 0000:00:1f.6 eno1: renamed from eth0
[    1.396988] [drm:intel_modeset_setup_hw_state [i915]] [ENCODER:109:DDI C] hw state readout: enabled, pipe A
[    1.397033] [drm:intel_modeset_setup_hw_state [i915]] [ENCODER:111:DP-MST A] hw state readout: disabled, pipe A
[    1.397083] [drm:intel_modeset_setup_hw_state [i915]] [ENCODER:112:DP-MST B] hw state readout: disabled, pipe B
[    1.397134] [drm:intel_modeset_setup_hw_state [i915]] [ENCODER:113:DP-MST C] hw state readout: disabled, pipe C
[    1.397184] [drm:intel_modeset_setup_hw_state [i915]] [ENCODER:119:DDI D] hw state readout: disabled, pipe A
[    1.397234] [drm:intel_modeset_setup_hw_state [i915]] [ENCODER:121:DP-MST A] hw state readout: disabled, pipe A
[    1.397284] [drm:intel_modeset_setup_hw_state [i915]] [ENCODER:122:DP-MST B] hw state readout: disabled, pipe B
[    1.397333] [drm:intel_modeset_setup_hw_state [i915]] [ENCODER:123:DP-MST C] hw state readout: disabled, pipe C
[    1.397383] [drm:intel_modeset_setup_hw_state [i915]] [ENCODER:129:DDI E] hw state readout: disabled, pipe A
[    1.397433] [drm:intel_modeset_setup_hw_state [i915]] [CONNECTOR:95:DP-1] hw state readout: disabled
[    1.397484] [drm:intel_modeset_setup_hw_state [i915]] [CONNECTOR:104:HDMI-A-1] hw state readout: disabled
[    1.397536] [drm:intel_modeset_setup_hw_state [i915]] [CONNECTOR:110:DP-2] hw state readout: enabled
[    1.397588] [drm:intel_modeset_setup_hw_state [i915]] [CONNECTOR:116:HDMI-A-2] hw state readout: disabled
[    1.397638] [drm:intel_modeset_setup_hw_state [i915]] [CONNECTOR:120:DP-3] hw state readout: disabled
[    1.397688] [drm:intel_modeset_setup_hw_state [i915]] [CONNECTOR:126:HDMI-A-3] hw state readout: disabled
[    1.397737] [drm:intel_modeset_setup_hw_state [i915]] [CONNECTOR:130:DP-4] hw state readout: disabled
[    1.397764] [drm:drm_atomic_set_mode_for_crtc [drm]] Set [MODE:3840x2160] for [CRTC:51:pipe A] state 0000000016992e5d
[    1.397814] [drm:intel_modeset_setup_hw_state [i915]] [PLANE:31:plane 1A] min_cdclk 0 kHz
[    1.397864] [drm:intel_modeset_setup_hw_state [i915]] [PLANE:39:plane 2A] min_cdclk 0 kHz
[    1.397913] [drm:intel_modeset_setup_hw_state [i915]] [PLANE:47:cursor A] min_cdclk 0 kHz
[    1.397964] [drm:intel_modeset_setup_hw_state [i915]] pipe A data rate 0 num active planes 0
[    1.398014] [drm:intel_modeset_setup_hw_state [i915]] [PLANE:52:plane 1B] min_cdclk 0 kHz
[    1.398063] [drm:intel_modeset_setup_hw_state [i915]] [PLANE:60:plane 2B] min_cdclk 0 kHz
[    1.398112] [drm:intel_modeset_setup_hw_state [i915]] [PLANE:68:cursor B] min_cdclk 0 kHz
[    1.398161] [drm:intel_modeset_setup_hw_state [i915]] pipe B data rate 0 num active planes 0
[    1.398211] [drm:intel_modeset_setup_hw_state [i915]] [PLANE:73:plane 1C] min_cdclk 0 kHz
[    1.398259] [drm:intel_modeset_setup_hw_state [i915]] [PLANE:81:plane 2C] min_cdclk 0 kHz
[    1.398308] [drm:intel_modeset_setup_hw_state [i915]] [PLANE:89:cursor C] min_cdclk 0 kHz
[    1.398357] [drm:intel_modeset_setup_hw_state [i915]] pipe C data rate 0 num active planes 0
[    1.398413] [drm:intel_dump_pipe_config [i915]] [CRTC:51:pipe A] enable: yes [setup_hw_state]
[    1.398465] [drm:intel_dump_pipe_config [i915]] active: yes, output_types: DP (0x80), output format: RGB
[    1.398516] [drm:intel_dump_pipe_config [i915]] cpu_transcoder: A, pipe bpp: 24, dithering: 0
[    1.398568] [drm:intel_dump_pipe_config [i915]] dp m_n: lanes: 4; gmch_m: 6212812, gmch_n: 8388608, link_m: 517734, link_n: 524288, tu: 64
[    1.398618] [drm:intel_dump_pipe_config [i915]] audio: 0, infoframes: 0, infoframes enabled: 0x0
[    1.398667] [drm:intel_dump_pipe_config [i915]] requested mode:
[    1.398685] [drm:drm_mode_debug_printmodeline [drm]] Modeline "3840x2160": 60 533249 720 3902 3950 4000 400 2163 2168 2222 0x40 0x9
[    1.398735] [drm:intel_dump_pipe_config [i915]] adjusted mode:
[    1.398752] [drm:drm_mode_debug_printmodeline [drm]] Modeline "3840x2160": 60 533249 3840 3902 3950 4000 2160 2163 2168 2222 0x40 0x9
[    1.398803] [drm:intel_dump_pipe_config [i915]] crtc timings: 533249 3840 3902 3950 4000 2160 2163 2168 2222, type: 0x40 flags: 0x9
[    1.398853] [drm:intel_dump_pipe_config [i915]] port clock: 540000, pipe src size: 720x400, pixel rate 533249
[    1.398903] [drm:intel_dump_pipe_config [i915]] num_scalers: 2, scaler_users: 0x80000000, scaler_id: 0
[    1.398952] [drm:intel_dump_pipe_config [i915]] pch pfit: pos: 0x00000000, size: 0x0f000870, enabled, force thru: no
[    1.399001] [drm:intel_dump_pipe_config [i915]] ips: 0, double wide: 0
[    1.399051] [drm:intel_dump_pipe_config [i915]] dpll_hw_state: ctrl1: 0x1, cfgcr1: 0x0, cfgcr2: 0x0
[    1.399100] [drm:intel_dump_pipe_config [i915]] csc_mode: 0x0 gamma_mode: 0x0 gamma_enable: 0 csc_enable: 0
[    1.399149] [drm:intel_dump_pipe_config [i915]] MST master transcoder: <invalid>
[    1.399199] [drm:intel_dump_pipe_config [i915]] [CRTC:72:pipe B] enable: no [setup_hw_state]
[    1.399248] [drm:intel_dump_pipe_config [i915]] [CRTC:93:pipe C] enable: no [setup_hw_state]
[    1.399299] [drm:intel_modeset_setup_hw_state [i915]] DPLL 0 enabled but not in use, disabling
[    1.399340] [drm:drm_atomic_state_init [drm]] Allocated atomic state 00000000ff7e1cca
[    1.399359] [drm:drm_atomic_get_crtc_state [drm]] Added [CRTC:51:pipe A] 00000000197e100e state to 00000000ff7e1cca
[    1.399376] [drm:drm_atomic_add_affected_planes [drm]] Adding all current planes for [CRTC:51:pipe A] to 00000000ff7e1cca
[    1.399393] [drm:drm_atomic_get_crtc_state [drm]] Added [CRTC:72:pipe B] 00000000aef36d99 state to 00000000ff7e1cca
[    1.399410] [drm:drm_atomic_get_crtc_state [drm]] Added [CRTC:93:pipe C] 0000000069886caf state to 00000000ff7e1cca
[    1.399426] [drm:drm_atomic_check_only [drm]] checking 00000000ff7e1cca
[    1.399485] [drm:intel_atomic_setup_scalers [i915]] Attached scaler id 0.0 to CRTC:51
[    1.399504] [drm:drm_atomic_get_plane_state [drm]] Added [PLANE:31:plane 1A] 000000002ca0145a state to 00000000ff7e1cca
[    1.399520] [drm:drm_atomic_get_plane_state [drm]] Added [PLANE:39:plane 2A] 00000000a93965e7 state to 00000000ff7e1cca
[    1.399536] [drm:drm_atomic_get_plane_state [drm]] Added [PLANE:47:cursor A] 000000008fa1e3fc state to 00000000ff7e1cca
[    1.399552] [drm:drm_atomic_get_plane_state [drm]] Added [PLANE:52:plane 1B] 00000000ae2843ea state to 00000000ff7e1cca
[    1.399567] [drm:drm_atomic_get_plane_state [drm]] Added [PLANE:60:plane 2B] 00000000afe69d21 state to 00000000ff7e1cca
[    1.399582] [drm:drm_atomic_get_plane_state [drm]] Added [PLANE:68:cursor B] 000000009a4be912 state to 00000000ff7e1cca
[    1.399597] [drm:drm_atomic_get_plane_state [drm]] Added [PLANE:73:plane 1C] 000000002017bf88 state to 00000000ff7e1cca
[    1.399612] [drm:drm_atomic_get_plane_state [drm]] Added [PLANE:81:plane 2C] 00000000977f527e state to 00000000ff7e1cca
[    1.399627] [drm:drm_atomic_get_plane_state [drm]] Added [PLANE:89:cursor C] 0000000059814b3a state to 00000000ff7e1cca
[    1.399679] i915 0000:00:02.0: [drm:skl_compute_wm [i915]] [PLANE:47:cursor A] ddb (   0 -    0) -> ( 847 -  892), size    0 ->   45
[    1.399727] i915 0000:00:02.0: [drm:skl_compute_wm [i915]] [PLANE:31:plane 1A]   level *wm0, wm1, wm2, wm3, wm4, wm5, wm6, wm7, twm ->  wm0, wm1, wm2, wm3, wm4, wm5, wm6, wm7, twm
[    1.399773] i915 0000:00:02.0: [drm:skl_compute_wm [i915]] [PLANE:31:plane 1A]   lines    1,   1,   1,   1,   1,   1,   1,   1,   1 ->    0,   0,   0,   0,   0,   0,   0,   0,   0
[    1.399867] i915 0000:00:02.0: [drm:skl_compute_wm [i915]] [PLANE:31:plane 1A]  blocks   10,   7,   7,   7,   7,   7,   7,   7,   7 ->    0,   0,   0,   0,   0,   0,   0,   0,   0
[    1.399911] i915 0000:00:02.0: [drm:skl_compute_wm [i915]] [PLANE:31:plane 1A] min_ddb    0,   0,   0,   0,   0,   0,   0,   0,   0 ->    0,   0,   0,   0,   0,   0,   0,   0,   0
[    1.399954] i915 0000:00:02.0: [drm:skl_compute_wm [i915]] [PLANE:39:plane 2A]   level  wm0, wm1, wm2, wm3, wm4, wm5, wm6, wm7, twm ->  wm0, wm1, wm2, wm3, wm4, wm5, wm6, wm7, twm
[    1.399997] i915 0000:00:02.0: [drm:skl_compute_wm [i915]] [PLANE:39:plane 2A]   lines    1,   1,   1,   1,   1,   1,   1,   1,   1 ->    0,   0,   0,   0,   0,   0,   0,   0,   0
[    1.400039] i915 0000:00:02.0: [drm:skl_compute_wm [i915]] [PLANE:39:plane 2A]  blocks    7,   7,   7,   7,   7,   7,   7,   7,   7 ->    0,   0,   0,   0,   0,   0,   0,   0,   0
[    1.400082] i915 0000:00:02.0: [drm:skl_compute_wm [i915]] [PLANE:39:plane 2A] min_ddb    0,   0,   0,   0,   0,   0,   0,   0,   0 ->    0,   0,   0,   0,   0,   0,   0,   0,   0
[    1.400123] i915 0000:00:02.0: [drm:skl_compute_wm [i915]] [PLANE:47:cursor A]   level  wm0, wm1, wm2, wm3, wm4, wm5, wm6, wm7, twm ->  wm0, wm1, wm2, wm3, wm4, wm5, wm6, wm7, twm
[    1.400165] i915 0000:00:02.0: [drm:skl_compute_wm [i915]] [PLANE:47:cursor A]   lines    1,   1,   1,   1,   1,   1,   1,   1,   1 ->    0,   0,   0,   0,   0,   0,   0,   0,   0
[    1.400206] i915 0000:00:02.0: [drm:skl_compute_wm [i915]] [PLANE:47:cursor A]  blocks    7,   7,   7,   7,   7,   7,   7,   7,   7 ->    0,   0,   0,   0,   0,   0,   0,   0,   0
[    1.400247] i915 0000:00:02.0: [drm:skl_compute_wm [i915]] [PLANE:47:cursor A] min_ddb    0,   0,   0,   0,   0,   0,   0,   0,   0 ->    0,   0,   0,   0,   0,   0,   0,   0,   0
[    1.400288] i915 0000:00:02.0: [drm:skl_compute_wm [i915]] [PLANE:52:plane 1B]   level *wm0, wm1, wm2, wm3, wm4, wm5, wm6, wm7, twm ->  wm0, wm1, wm2, wm3, wm4, wm5, wm6, wm7, twm
[    1.400329] i915 0000:00:02.0: [drm:skl_compute_wm [i915]] [PLANE:52:plane 1B]   lines    1,   1,   1,   1,   1,   1,   1,   1,   1 ->    0,   0,   0,   0,   0,   0,   0,   0,   0
[    1.400370] i915 0000:00:02.0: [drm:skl_compute_wm [i915]] [PLANE:52:plane 1B]  blocks   10,   7,   7,   7,   7,   7,   7,   7,   7 ->    0,   0,   0,   0,   0,   0,   0,   0,   0
[    1.400411] i915 0000:00:02.0: [drm:skl_compute_wm [i915]] [PLANE:52:plane 1B] min_ddb    0,   0,   0,   0,   0,   0,   0,   0,   0 ->    0,   0,   0,   0,   0,   0,   0,   0,   0
[    1.400451] i915 0000:00:02.0: [drm:skl_compute_wm [i915]] [PLANE:60:plane 2B]   level  wm0, wm1, wm2, wm3, wm4, wm5, wm6, wm7, twm ->  wm0, wm1, wm2, wm3, wm4, wm5, wm6, wm7, twm
[    1.400492] i915 0000:00:02.0: [drm:skl_compute_wm [i915]] [PLANE:60:plane 2B]   lines    1,   1,   1,   1,   1,   1,   1,   1,   1 ->    0,   0,   0,   0,   0,   0,   0,   0,   0
[    1.400533] i915 0000:00:02.0: [drm:skl_compute_wm [i915]] [PLANE:60:plane 2B]  blocks    7,   7,   7,   7,   7,   7,   7,   7,   7 ->    0,   0,   0,   0,   0,   0,   0,   0,   0
[    1.400573] i915 0000:00:02.0: [drm:skl_compute_wm [i915]] [PLANE:60:plane 2B] min_ddb    0,   0,   0,   0,   0,   0,   0,   0,   0 ->    0,   0,   0,   0,   0,   0,   0,   0,   0
[    1.400613] i915 0000:00:02.0: [drm:skl_compute_wm [i915]] [PLANE:68:cursor B]   level  wm0, wm1, wm2, wm3, wm4, wm5, wm6, wm7, twm ->  wm0, wm1, wm2, wm3, wm4, wm5, wm6, wm7, twm
[    1.400654] i915 0000:00:02.0: [drm:skl_compute_wm [i915]] [PLANE:68:cursor B]   lines    1,   1,   1,   1,   1,   1,   1,   1,   1 ->    0,   0,   0,   0,   0,   0,   0,   0,   0
[    1.400695] i915 0000:00:02.0: [drm:skl_compute_wm [i915]] [PLANE:68:cursor B]  blocks    7,   7,   7,   7,   7,   7,   7,   7,   7 ->    0,   0,   0,   0,   0,   0,   0,   0,   0
[    1.400735] i915 0000:00:02.0: [drm:skl_compute_wm [i915]] [PLANE:68:cursor B] min_ddb    0,   0,   0,   0,   0,   0,   0,   0,   0 ->    0,   0,   0,   0,   0,   0,   0,   0,   0
[    1.400775] i915 0000:00:02.0: [drm:skl_compute_wm [i915]] [PLANE:73:plane 1C]   level  wm0, wm1, wm2, wm3, wm4, wm5, wm6, wm7, twm ->  wm0, wm1, wm2, wm3, wm4, wm5, wm6, wm7, twm
[    1.400816] i915 0000:00:02.0: [drm:skl_compute_wm [i915]] [PLANE:73:plane 1C]   lines    1,   1,   1,   1,   1,   1,   1,   1,   1 ->    0,   0,   0,   0,   0,   0,   0,   0,   0
[    1.400857] i915 0000:00:02.0: [drm:skl_compute_wm [i915]] [PLANE:73:plane 1C]  blocks    7,   7,   7,   7,   7,   7,   7,   7,   7 ->    0,   0,   0,   0,   0,   0,   0,   0,   0
[    1.400897] i915 0000:00:02.0: [drm:skl_compute_wm [i915]] [PLANE:73:plane 1C] min_ddb    0,   0,   0,   0,   0,   0,   0,   0,   0 ->    0,   0,   0,   0,   0,   0,   0,   0,   0
[    1.400936] i915 0000:00:02.0: [drm:skl_compute_wm [i915]] [PLANE:81:plane 2C]   level  wm0, wm1, wm2, wm3, wm4, wm5, wm6, wm7, twm ->  wm0, wm1, wm2, wm3, wm4, wm5, wm6, wm7, twm
[    1.400977] i915 0000:00:02.0: [drm:skl_compute_wm [i915]] [PLANE:81:plane 2C]   lines    1,   1,   1,   1,   1,   1,   1,   1,   1 ->    0,   0,   0,   0,   0,   0,   0,   0,   0
[    1.401017] i915 0000:00:02.0: [drm:skl_compute_wm [i915]] [PLANE:81:plane 2C]  blocks    7,   7,   7,   7,   7,   7,   7,   7,   7 ->    0,   0,   0,   0,   0,   0,   0,   0,   0
[    1.401057] i915 0000:00:02.0: [drm:skl_compute_wm [i915]] [PLANE:81:plane 2C] min_ddb    0,   0,   0,   0,   0,   0,   0,   0,   0 ->    0,   0,   0,   0,   0,   0,   0,   0,   0
[    1.401096] i915 0000:00:02.0: [drm:skl_compute_wm [i915]] [PLANE:89:cursor C]   level  wm0, wm1, wm2, wm3, wm4, wm5, wm6, wm7, twm ->  wm0, wm1, wm2, wm3, wm4, wm5, wm6, wm7, twm
[    1.401137] i915 0000:00:02.0: [drm:skl_compute_wm [i915]] [PLANE:89:cursor C]   lines    1,   1,   1,   1,   1,   1,   1,   1,   1 ->    0,   0,   0,   0,   0,   0,   0,   0,   0
[    1.401177] i915 0000:00:02.0: [drm:skl_compute_wm [i915]] [PLANE:89:cursor C]  blocks    7,   7,   7,   7,   7,   7,   7,   7,   7 ->    0,   0,   0,   0,   0,   0,   0,   0,   0
[    1.401217] i915 0000:00:02.0: [drm:skl_compute_wm [i915]] [PLANE:89:cursor C] min_ddb    0,   0,   0,   0,   0,   0,   0,   0,   0 ->    0,   0,   0,   0,   0,   0,   0,   0,   0
[    1.401236] [drm:drm_atomic_commit [drm]] committing 00000000ff7e1cca
[    1.403979] [drm] Initialized ast 0.1.0 20120228 for 0000:06:00.0 on minor 0
[    1.417469] [drm:i915_init_ggtt [i915]] clearing unused GTT space: [1000, 100000000]
[    1.419056] [drm:drm_atomic_state_default_clear [drm]] Clearing atomic state 00000000ff7e1cca
[    1.419076] [drm:__drm_atomic_state_free [drm]] Freeing atomic state 00000000ff7e1cca
[    1.419161] [drm:intel_engine_init_workarounds [i915]] Initialized 5 engine workarounds on rcs'0
[    1.419213] [drm:intel_engine_init_whitelist [i915]] Initialized 5 whitelist workarounds on rcs'0
[    1.419264] [drm:intel_engine_init_ctx_wa [i915]] Initialized 12 context workarounds on rcs'0
[    1.420147] [drm:intel_fbdev_init [i915]] pipe A not active or no fb, skipping
[    1.420202] [drm:intel_fbdev_init [i915]] pipe B not active or no fb, skipping
[    1.420253] [drm:intel_fbdev_init [i915]] pipe C not active or no fb, skipping
[    1.420305] [drm:intel_fbdev_init [i915]] no active fbs found, not using BIOS config
[    1.420418] [drm:intel_engines_driver_register [i915]] renamed rcs'0 to rcs0
[    1.420466] [drm:intel_engines_driver_register [i915]] renamed bcs'0 to bcs0
[    1.420513] [drm:intel_engines_driver_register [i915]] renamed vcs'0 to vcs0
[    1.420558] [drm:intel_engines_driver_register [i915]] renamed vecs'0 to vecs0
[    1.421101] [drm:intel_dp_connector_register [i915]] registering DPDDC-B bus for card1-DP-1
[    1.421269] [drm:intel_dp_connector_register [i915]] registering DPDDC-C bus for card1-DP-2
[    1.421470] [drm:intel_dp_connector_register [i915]] registering DPDDC-D bus for card1-DP-3
[    1.421665] [drm:intel_dp_connector_register [i915]] registering DPDDC-E bus for card1-DP-4
[    1.421746] [drm] Initialized i915 1.6.0 20200114 for 0000:00:02.0 on minor 1
[    1.421881] [drm:intel_opregion_resume [i915]] 7 outputs detected
[    1.424122] ACPI: Video Device [GFX0] (multi-head: yes  rom: no  post: no)
[    1.424463] input: Video Bus as /devices/LNXSYSTM:00/LNXSYBUS:00/PNP0A08:00/LNXVIDEO:00/input/input3
[    1.424632] [drm:intel_power_well_disable [i915]] disabling DDI D IO power well
[    1.424650] [drm:drm_client_modeset_probe [drm]] 
[    1.424733] [drm:intel_power_well_disable [i915]] disabling DDI B IO power well
[    1.424743] [drm:drm_helper_probe_single_connector_modes [drm_kms_helper]] [CONNECTOR:95:DP-1]
[    1.424798] [drm:intel_dp_detect [i915]] [CONNECTOR:95:DP-1]
[    1.424851] [drm:intel_power_well_disable [i915]] disabling DDI A/E IO power well
[    1.424855] i915 device info: pciid=0x191d rev=0x06 platform=SKYLAKE (subplatform=0x0) gen=9
[    1.424857] i915 device info: engines: 47
[    1.424857] i915 device info: gen: 9
[    1.424858] i915 device info: gt: 2
[    1.424859] i915 device info: iommu: enabled
[    1.424860] i915 device info: memory-regions: 5
[    1.424861] i915 device info: page-sizes: 11000
[    1.424861] i915 device info: platform: SKYLAKE
[    1.424869] [drm:drm_helper_probe_single_connector_modes [drm_kms_helper]] [CONNECTOR:95:DP-1] status updated from unknown to disconnected
[    1.424869] i915 device info: ppgtt-size: 48
[    1.424870] i915 device info: ppgtt-type: 2
[    1.424871] i915 device info: is_mobile: no
[    1.424872] i915 device info: is_lp: no
[    1.424873] i915 device info: require_force_probe: no
[    1.424879] [drm:drm_helper_probe_single_connector_modes [drm_kms_helper]] [CONNECTOR:95:DP-1] disconnected
[    1.424880] i915 device info: is_dgfx: no
[    1.424900] [drm:drm_helper_probe_single_connector_modes [drm_kms_helper]] [CONNECTOR:104:HDMI-A-1]
[    1.424901] i915 device info: has_64bit_reloc: yes
[    1.424902] i915 device info: gpu_reset_clobbers_display: no
[    1.424903] i915 device info: has_reset_engine: yes
[    1.424904] i915 device info: has_fpga_dbg: yes
[    1.424905] i915 device info: has_global_mocs: no
[    1.424919] i915 device info: has_gt_uc: yes
[    1.424920] i915 device info: has_l3_dpf: no
[    1.424921] i915 device info: has_llc: yes
[    1.424922] i915 device info: has_logical_ring_contexts: yes
[    1.424923] i915 device info: has_logical_ring_elsq: no
[    1.424959] [drm:intel_hdmi_detect [i915]] [CONNECTOR:104:HDMI-A-1]
[    1.424960] i915 device info: has_logical_ring_preemption: yes
[    1.424961] i915 device info: has_pooled_eu: no
[    1.424962] i915 device info: has_rc6: yes
[    1.424963] i915 device info: has_rc6p: no
[    1.424963] i915 device info: has_rps: yes
[    1.424964] i915 device info: has_runtime_pm: yes
[    1.424965] i915 device info: has_snoop: no
[    1.424966] i915 device info: has_coherent_ggtt: yes
[    1.424967] i915 device info: unfenced_needs_alignment: no
[    1.424968] i915 device info: hws_needs_physical: no
[    1.424969] i915 device info: cursor_needs_physical: no
[    1.424970] i915 device info: has_csr: yes
[    1.424970] i915 device info: has_ddi: yes
[    1.424971] i915 device info: has_dp_mst: yes
[    1.424972] i915 device info: has_dsb: no
[    1.424973] i915 device info: has_dsc: no
[    1.424974] i915 device info: has_fbc: no
[    1.424974] i915 device info: has_gmch: no
[    1.424975] i915 device info: has_hdcp: yes
[    1.424976] i915 device info: has_hotplug: yes
[    1.424977] i915 device info: has_ipc: yes
[    1.424978] i915 device info: has_modular_fia: no
[    1.424979] i915 device info: has_overlay: no
[    1.424980] i915 device info: has_psr: yes
[    1.424981] i915 device info: overlay_needs_physical: no
[    1.424981] i915 device info: supports_tv: no
[    1.424982] i915 device info: slice total: 1, mask=0001
[    1.424983] i915 device info: subslice total: 3
[    1.424985] i915 device info: slice0: 3 subslices, mask=00000007
[    1.424986] i915 device info: slice1: 0 subslices, mask=00000000
[    1.424987] i915 device info: slice2: 0 subslices, mask=00000000
[    1.424987] i915 device info: EU total: 24
[    1.424988] i915 device info: EU per subslice: 8
[    1.424989] i915 device info: has slice power gating: no
[    1.424990] i915 device info: has subslice power gating: no
[    1.424991] i915 device info: has EU power gating: yes
[    1.424992] i915 device info: CS timestamp frequency: 12000 kHz
[    1.425215] [drm:do_gmbus_xfer [i915]] GMBUS [i915 gmbus dpb] NAK for addr: 0050 w(1)
[    1.425265] [drm:do_gmbus_xfer [i915]] GMBUS [i915 gmbus dpb] NAK on first message, retry
[    1.425502] [drm:do_gmbus_xfer [i915]] GMBUS [i915 gmbus dpb] NAK for addr: 0050 w(1)
[    1.425525] [drm:drm_do_probe_ddc_edid [drm]] drm: skipping non-existent adapter i915 gmbus dpb
[    1.425552] [drm:intel_hdmi_set_edid [i915]] HDMI GMBUS EDID read failed, retry using GPIO bit-banging
[    1.425579] [drm:intel_gmbus_force_bit [i915]] enabling bit-banging on i915 gmbus dpb. force bit now 1
[    1.428627] [drm:drm_do_probe_ddc_edid [drm]] drm: skipping non-existent adapter i915 gmbus dpb
[    1.428673] [drm:intel_gmbus_force_bit [i915]] disabling bit-banging on i915 gmbus dpb. force bit now 0
[    1.428929] [drm:do_gmbus_xfer [i915]] GMBUS [i915 gmbus dpb] NAK for addr: 0040 w(1)
[    1.428956] [drm:do_gmbus_xfer [i915]] GMBUS [i915 gmbus dpb] NAK on first message, retry
[    1.429243] [drm:do_gmbus_xfer [i915]] GMBUS [i915 gmbus dpb] NAK for addr: 0040 w(1)
[    1.429262] [drm:drm_dp_dual_mode_detect [drm_kms_helper]] DP dual mode HDMI ID:  (err -6)
[    1.429267] [drm:drm_helper_probe_single_connector_modes [drm_kms_helper]] [CONNECTOR:104:HDMI-A-1] status updated from unknown to disconnected
[    1.429271] [drm:drm_helper_probe_single_connector_modes [drm_kms_helper]] [CONNECTOR:104:HDMI-A-1] disconnected
[    1.429275] [drm:drm_helper_probe_single_connector_modes [drm_kms_helper]] [CONNECTOR:110:DP-2]
[    1.429304] [drm:intel_dp_detect [i915]] [CONNECTOR:110:DP-2]
[    1.429716] [drm:intel_dp_read_dpcd [i915]] DPCD: 12 14 c4 01 01 01 01 81 02 02 06 00 00 00 00
[    1.430070] [drm:drm_dp_read_desc [drm_kms_helper]] DP branch: OUI 00-00-00 dev-ID  HW-rev 0.0 SW-rev 0.0 quirks 0x0000
[    1.431595] [drm:intel_dp_print_rates [i915]] source rates: 162000, 216000, 270000, 324000, 432000, 540000
[    1.431624] [drm:intel_dp_print_rates [i915]] sink rates: 162000, 270000, 540000
[    1.431652] [drm:intel_dp_print_rates [i915]] common rates: 162000, 270000, 540000
[    1.431941] [drm:intel_dp_detect [i915]] [ENCODER:109:DDI C] MST support: port: yes, sink: no, modparam: yes
[    1.437548] [drm:drm_detect_monitor_audio [drm]] Monitor has basic audio support
[    1.438071] [drm:drm_helper_probe_single_connector_modes [drm_kms_helper]] [CONNECTOR:110:DP-2] status updated from unknown to connected
[    1.438083] [drm:drm_add_display_info [drm]] non_desktop set to 0
[    1.438095] [drm:drm_add_edid_modes [drm]] ELD monitor DELL P2415Q
[    1.438105] [drm:drm_add_edid_modes [drm]] ELD size 36, SAD count 1
[    1.438114] [drm:drm_add_display_info [drm]] non_desktop set to 0
[    1.438303] [drm:drm_mode_debug_printmodeline [drm]] Modeline "720x576i": 0 13500 720 732 795 864 576 580 586 625 0x40 0x101a
[    1.438311] [drm:drm_mode_prune_invalid [drm]] Not using 720x576i mode: H_ILLEGAL
[    1.438318] [drm:drm_mode_debug_printmodeline [drm]] Modeline "720x576i": 0 13500 720 732 795 864 576 580 586 625 0x40 0x101a
[    1.438325] [drm:drm_mode_prune_invalid [drm]] Not using 720x576i mode: H_ILLEGAL
[    1.438333] [drm:drm_mode_debug_printmodeline [drm]] Modeline "720x480i": 0 13500 720 739 801 858 480 488 494 525 0x40 0x101a
[    1.438339] [drm:drm_mode_prune_invalid [drm]] Not using 720x480i mode: H_ILLEGAL
