Return-Path: <intel-gfx-bounces@lists.freedesktop.org>
X-Original-To: lists+intel-gfx@lfdr.de
Delivered-To: lists+intel-gfx@lfdr.de
Received: from gabe.freedesktop.org (gabe.freedesktop.org [131.252.210.177])
	by mail.lfdr.de (Postfix) with ESMTPS id 110E7952D8F
	for <lists+intel-gfx@lfdr.de>; Thu, 15 Aug 2024 13:33:06 +0200 (CEST)
Received: from gabe.freedesktop.org (localhost [127.0.0.1])
	by gabe.freedesktop.org (Postfix) with ESMTP id 9E77710E0FE;
	Thu, 15 Aug 2024 11:33:04 +0000 (UTC)
Authentication-Results: gabe.freedesktop.org;
	dkim=pass (2048-bit key; unprotected) header.d=intel.com header.i=@intel.com header.b="JQkV+4Wj";
	dkim-atps=neutral
X-Original-To: intel-gfx@lists.freedesktop.org
Delivered-To: intel-gfx@lists.freedesktop.org
Received: from mgamail.intel.com (mgamail.intel.com [198.175.65.21])
 by gabe.freedesktop.org (Postfix) with ESMTPS id BAA3B10E0FE;
 Thu, 15 Aug 2024 11:33:02 +0000 (UTC)
DKIM-Signature: v=1; a=rsa-sha256; c=relaxed/simple;
 d=intel.com; i=@intel.com; q=dns/txt; s=Intel;
 t=1723721583; x=1755257583;
 h=date:from:to:cc:subject:message-id:reply-to:references:
 mime-version:content-transfer-encoding:in-reply-to;
 bh=hnc6lOjwUPCqUYA/LyqJFOFRfzzyzJzBJcrQlxxMGzg=;
 b=JQkV+4WjDBoO6kDZOgqzSjEOPumOkq+iheirxu4ewkJMm5iM0UKW09OP
 iyMhA0agUBZpV4CnKyW/PPcIDod/hCb9zIxjSh5t+J3Bb/tAVz+/r2sSO
 RbVlGHF3O8XaxjKdy6P27Rot0laKHaP9QZipyx4acGUcbjYwYINXU+47M
 XBuJy2LBgMsRjhzRWI7OMHL1fysTe/y9RZPrhy4gqbnTAKI4WGLKCDJka
 qWB6wWR4zUMCpbnmgkBZgvEbZ3cAK6zPAk3XTS75tkY+cXuNSj8Ras4Io
 bemS4sSIgubyM3vFZ6ipaEawII40hsiCdfyQma8MGTnv2MWjL0n28OcUC A==;
X-CSE-ConnectionGUID: Pj6fhsCMTLOl7BF0RC+oWw==
X-CSE-MsgGUID: sPLRV8iXRee793LSI2c4uA==
X-IronPort-AV: E=McAfee;i="6700,10204,11164"; a="21942560"
X-IronPort-AV: E=Sophos;i="6.10,148,1719903600"; d="scan'208";a="21942560"
Received: from fmviesa001.fm.intel.com ([10.60.135.141])
 by orvoesa113.jf.intel.com with ESMTP/TLS/ECDHE-RSA-AES256-GCM-SHA384;
 15 Aug 2024 04:33:00 -0700
X-CSE-ConnectionGUID: Et+PA1AZQ8GbxV0oMy+FqA==
X-CSE-MsgGUID: Z3O6DhI2QwOnX7kzQ0zUsw==
X-ExtLoop1: 1
X-IronPort-AV: E=Sophos;i="6.10,148,1719903600"; d="scan'208";a="90110162"
Received: from ideak-desk.fi.intel.com ([10.237.72.78])
 by smtpauth.intel.com with ESMTP/TLS/ECDHE-RSA-AES256-GCM-SHA384;
 15 Aug 2024 04:32:55 -0700
Date: Thu, 15 Aug 2024 14:33:14 +0300
From: Imre Deak <imre.deak@intel.com>
To: "Renan W. P." <renanwilliamprado@gmail.com>
Cc: jani.nikula@linux.intel.com, joonas.lahtinen@linux.intel.com,
 rodrigo.vivi@intel.com, intel-gfx@lists.freedesktop.org,
 intel-xe@lists.freedesktop.org, tursulin@ursulin.net,
 airlied@gmail.com, daniel@ffwll.ch, dri-devel@lists.freedesktop.org,
 linux-kernel@vger.kernel.org
Subject: Re: A huge warning in dmesg pointing to
 drivers/gpu/drm/i915/display/intel_tc.c
Message-ID: <Zr3neoTc50lYVDs1@ideak-desk.fi.intel.com>
References: <2810b938-7df7-408e-9775-6f20d1694176@gmail.com>
MIME-Version: 1.0
Content-Type: text/plain; charset=us-ascii
Content-Disposition: inline
Content-Transfer-Encoding: quoted-printable
In-Reply-To: <2810b938-7df7-408e-9775-6f20d1694176@gmail.com>
X-BeenThere: intel-gfx@lists.freedesktop.org
X-Mailman-Version: 2.1.29
Precedence: list
List-Id: Intel graphics driver community testing & development
 <intel-gfx.lists.freedesktop.org>
List-Unsubscribe: <https://lists.freedesktop.org/mailman/options/intel-gfx>,
 <mailto:intel-gfx-request@lists.freedesktop.org?subject=unsubscribe>
List-Archive: <https://lists.freedesktop.org/archives/intel-gfx>
List-Post: <mailto:intel-gfx@lists.freedesktop.org>
List-Help: <mailto:intel-gfx-request@lists.freedesktop.org?subject=help>
List-Subscribe: <https://lists.freedesktop.org/mailman/listinfo/intel-gfx>,
 <mailto:intel-gfx-request@lists.freedesktop.org?subject=subscribe>
Reply-To: imre.deak@intel.com
Errors-To: intel-gfx-bounces@lists.freedesktop.org
Sender: "Intel-gfx" <intel-gfx-bounces@lists.freedesktop.org>

On Thu, Aug 15, 2024 at 02:45:44AM -0300, Renan W. P. wrote:
> Hello, mainteners,
>=20
> [1.] One line summary of the problem:
>=20
> A huge warning in dmesg pointing to drivers/gpu/drm/i915/display/intel_tc=
=2Ec
>=20
> [2.] Full description of the problem/report:
>=20
> I can't identify any factual problems beyond a warning in dmesg triggered=
 at every boot, i.e., I have seen no features affected. The dmesg output is=
 located in the log files in the attachment.
> I am facing this warning in LENOVO 82MG/LNVNB161216, BIOS H4CN35WW(V2.04)=
 04/12/2024 (Lenovo Ganing 3i). I have tried two new kernel versions fromww=
w.kernel.org  site, the Kernel 6.10.5 and 6.1.105.
> Additionally, I have used Debian at least since kernel version 6.1.22. Al=
l kernels present warnings in the same file with slightly different outputs=
 in dmesg. I am compiling the kernel with the config-6.1.105 file in the at=
tachment.
>=20
> [3.] Keywords (i.e., modules, networking, kernel):
>=20
> Modules
>=20
> [4.] Kernel information:
>=20
> The issue is present in Kernel 6.10.5 and 6.1.105, but the warning might =
be present since 6.1.22.
>=20
> [4.1.] Kernel version (from /proc/version):
>=20
> Linux version 6.10.5 (renan@debian) (gcc (Debian 12.2.0-14) 12.2.0, GNU l=
d (GNU Binutils for Debian) 2.40) #1 SMP PREEMPT_DYNAMIC Thu Aug 15 01:06:0=
9 -03 2024
>=20
> [4.2.] Kernel .config file:
>=20
> In the config-6.1.105 file in the attachment
>=20
> [5.] Most recent kernel version which did not have the bug:
>=20
> This computer is "new". I bought it two months ago, and I have not seem t=
his warning not occuring.
>=20
> [6.] Output of Oops.. message (if applicable) with symbolic information
>      resolved (see Documentation/admin-guide/bug-hunting.rst) :
>=20
> [    2.237704] ------------[ cut here ]------------
> [    2.237706] i915 0000:00:02.0: drm_WARN_ON(val =3D=3D 0xffffffff)
> [    2.237721] WARNING: CPU: 7 PID: 217 at drivers/gpu/drm/i915/display/i=
ntel_tc.c:737 tgl_tc_phy_init+0x103/0x130 [i915]
> [    2.237969] Modules linked in: i915(+) joydev hid_generic usbhid hid n=
vme nvme_core t10_pi crc64_rocksoft crc64 crc_t10dif crct10dif_generic i2c_=
algo_bit cec rc_core drm_buddy ttm drm_display_helper xhci_pci xhci_hcd drm=
_kms_helper crct10dif_pclmul usbcore evdev crct10dif_common crc32c_intel se=
rio_raw drm usb_common vmd video wmi fan

I suppose there is no TypeC ports enabled on this platform, but VBT
claims otherwise:

[    1.938614] i915 0000:00:02.0: [drm:intel_bios_init [i915]] Port D VBT i=
nfo: CRT:0 DVI:0 HDMI:0 DP:1 eDP:0 DSI:0 DP++:0 LSPCON:0 USB-Type-C:1 TBT:1=
 DSC:0
[    1.938692] i915 0000:00:02.0: [drm:intel_bios_init [i915]] Port D VBT H=
DMI level shift: 0
[    1.938827] i915 0000:00:02.0: [drm:intel_bios_init [i915]] Port E VBT i=
nfo: CRT:0 DVI:0 HDMI:0 DP:1 eDP:0 DSI:0 DP++:0 LSPCON:0 USB-Type-C:1 TBT:0=
 DSC:0
[    1.938913] i915 0000:00:02.0: [drm:intel_bios_init [i915]] Port E VBT H=
DMI level shift: 0

Could you confirm that the laptop doesn't have a USB-C connector (with
video support, so disregarding connectors supporting only charging / USB
devices)?

> [    2.238002] CPU: 7 PID: 217 Comm: (udev-worker) Tainted: G        W   =
       6.10.5 #1
> [    2.238007] Hardware name: LENOVO 82MG/LNVNB161216, BIOS H4CN35WW(V2.0=
4) 04/12/2024
> [    2.238010] RIP: 0010:tgl_tc_phy_init+0x103/0x130 [i915]
> [    2.238241] Code: 48 8b 6f 50 48 85 ed 75 03 48 8b 2f e8 76 62 ac d8 4=
8 c7 c1 e8 94 c5 c0 48 89 ea 48 c7 c7 62 a7 c7 c0 48 89 c6 e8 bd a0 2e d8 <=
0f> 0b 48 8b 3b e8 e3 7d f9 ff 89 c1 89 c5 c1 e9 1f c1 ed 1f 8d 14
> [    2.238248] RSP: 0018:ffffb95e40a53608 EFLAGS: 00010286
> [    2.238252] RAX: 0000000000000000 RBX: ffff8e8f919e7000 RCX: c0000000f=
ffdffff
> [    2.238256] RDX: 0000000000000000 RSI: 00000000fffdffff RDI: 000000000=
0000001
> [    2.238259] RBP: ffff8e8f81bf6d30 R08: 0000000000000000 R09: 000000000=
0000003
> [    2.238262] R10: ffffb95e40a53498 R11: ffff8e952f7fffe8 R12: ffff8e8f8=
13ec000
> [    2.238266] R13: ffff8e8f813ec618 R14: 000fffffffe00000 R15: ffff8e8f8=
13ec000
> [    2.238269] FS:  00007f4ce50158c0(0000) GS:ffff8e952e780000(0000) knlG=
S:0000000000000000
> [    2.238274] CS:  0010 DS: 0000 ES: 0000 CR0: 0000000080050033
> [    2.238278] CR2: 000055b901674008 CR3: 0000000102c70004 CR4: 000000000=
0770ef0
> [    2.238281] PKRU: 55555554
> [    2.238284] Call Trace:
> [    2.238286]  <TASK>
> [    2.238289]  ? __warn+0x7c/0x120
> [    2.238295]  ? tgl_tc_phy_init+0x103/0x130 [i915]
> [    2.238520]  ? report_bug+0x160/0x190
> [    2.238527]  ? prb_read_valid+0x17/0x20
> [    2.238532]  ? handle_bug+0x41/0x70
> [    2.238538]  ? exc_invalid_op+0x13/0x60
> [    2.238543]  ? asm_exc_invalid_op+0x16/0x20
> [    2.238551]  ? tgl_tc_phy_init+0x103/0x130 [i915]
> [    2.238777]  ? tgl_tc_phy_init+0x103/0x130 [i915]
> [    2.238991]  intel_tc_port_init+0x17e/0x220 [i915]
> [    2.239208]  intel_ddi_init+0x9fa/0x11d0 [i915]
> [    2.239435]  ? __pfx_intel_ddi_init+0x10/0x10 [i915]
> [    2.239657]  intel_bios_for_each_encoder+0x31/0x50 [i915]
> [    2.239929]  intel_setup_outputs+0x4e0/0xc20 [i915]
> [    2.240194]  intel_display_driver_probe_nogem+0x139/0x220 [i915]
> [    2.240453]  i915_driver_probe+0x63b/0xba0 [i915]
> [    2.240654]  local_pci_probe+0x3e/0x90
> [    2.240661]  pci_device_probe+0xc3/0x240
> [    2.240667]  really_probe+0xd3/0x380
> [    2.240673]  ? __pfx___driver_attach+0x10/0x10
> [    2.240678]  __driver_probe_device+0x78/0x150
> [    2.240684]  driver_probe_device+0x1f/0x90
> [    2.240689]  __driver_attach+0xce/0x1c0
> [    2.240694]  bus_for_each_dev+0x81/0xd0
> [    2.240699]  bus_add_driver+0x10e/0x240
> [    2.240704]  driver_register+0x55/0x100
> [    2.240710]  i915_init+0x1e/0xc0 [i915]
> [    2.240904]  ? __pfx_i915_init+0x10/0x10 [i915]
> [    2.241092]  do_one_initcall+0x54/0x320
> [    2.241099]  do_init_module+0x60/0x240
> [    2.241103]  init_module_from_file+0x86/0xc0
> [    2.241108]  idempotent_init_module+0x120/0x310
> [    2.241113]  __x64_sys_finit_module+0x5a/0xb0
> [    2.241117]  do_syscall_64+0x7e/0x190
> [    2.241121]  ? vm_mmap_pgoff+0x12d/0x1c0
> [    2.241128]  ? ksys_mmap_pgoff+0x153/0x1f0
> [    2.241135]  ? syscall_exit_to_user_mode+0x73/0x200
> [    2.241140]  ? do_syscall_64+0x8a/0x190
> [    2.241145]  ? syscall_exit_to_user_mode+0x73/0x200
> [    2.241150]  ? do_syscall_64+0x8a/0x190
> [    2.241156]  ? vfs_read+0x292/0x370
> [    2.241162]  ? syscall_exit_to_user_mode+0x73/0x200
> [    2.241167]  ? do_syscall_64+0x8a/0x190
> [    2.241172]  ? syscall_exit_to_user_mode+0x73/0x200
> [    2.241177]  ? do_syscall_64+0x8a/0x190
> [    2.241181]  ? do_syscall_64+0x8a/0x190
> [    2.241185]  ? clear_bhb_loop+0x45/0xa0
> [    2.241189]  ? clear_bhb_loop+0x45/0xa0
> [    2.241192]  ? clear_bhb_loop+0x45/0xa0
> [    2.241195]  entry_SYSCALL_64_after_hwframe+0x76/0x7e
> [    2.241202] RIP: 0033:0x7f4ce5723719
> [    2.241205] Code: 08 89 e8 5b 5d c3 66 2e 0f 1f 84 00 00 00 00 00 90 4=
8 89 f8 48 89 f7 48 89 d6 48 89 ca 4d 89 c2 4d 89 c8 4c 8b 4c 24 08 0f 05 <=
48> 3d 01 f0 ff ff 73 01 c3 48 8b 0d b7 06 0d 00 f7 d8 64 89 01 48
> [    2.241212] RSP: 002b:00007ffe5dcb5ed8 EFLAGS: 00000246 ORIG_RAX: 0000=
000000000139
> [    2.241217] RAX: ffffffffffffffda RBX: 000055df22026c20 RCX: 00007f4ce=
5723719
> [    2.241221] RDX: 0000000000000000 RSI: 00007f4ce58b6efd RDI: 000000000=
0000013
> [    2.241224] RBP: 00007f4ce58b6efd R08: 0000000000000000 R09: 000000000=
000000a
> [    2.241228] R10: 0000000000000013 R11: 0000000000000246 R12: 000000000=
0020000
> [    2.241231] R13: 0000000000000000 R14: 000055df22023820 R15: 000000000=
000000a
> [    2.241236]  </TASK>
> [    2.241238] ---[ end trace 0000000000000000 ]---
>=20
>=20
> [7.] A small shell script or example program which triggers the
>      problem (if possible)
>=20
> Not possible
>=20
> [8.] Environment
> [8.1.] Software (add the output of the ver_linux script here)
>=20
> [8.2.] Processor information (from /proc/cpuinfo):
>=20
> In file cpuinfo.log in the attachments
>=20
> [8.3.] Module information (from /proc/modules):
>=20
> In file modules.log in the attachments
>=20
> [8.4.] Loaded driver and hardware information (/proc/ioports, /proc/iomem)
>=20
> In files ioports.log and iomen.log in the attachments
>=20
> [8.5.] PCI information ('lspci -vvv' as root):
>=20
> In file "sudo lspci -vvv".log in the attachments
>=20
> [8.6.] SCSI information (from /proc/scsi/scsi):
>=20
> File does not exist
>=20
> [8.7.] Other information that might be relevant to the problem
>        (please look in /proc and include all information that you
>        think to be relevant):
>=20
> Not applicable
>=20
> [X.] Other notes, patches, fixes, workarounds:
>=20
> No known workarounds in the web was found

> [    0.000000] Linux version 6.10.5 (renan@debian) (gcc (Debian 12.2.0-14=
) 12.2.0, GNU ld (GNU Binutils for Debian) 2.40) #1 SMP PREEMPT_DYNAMIC Thu=
 Aug 15 01:06:09 -03 2024
> [    0.000000] Command line: BOOT_IMAGE=3D/boot/vmlinuz-6.10.5 root=3DUUI=
D=3D199a867c-5749-4ed5-8946-1a80cae9b76f ro quiet drm.debug=3D0xe log_buf_l=
en=3D4M ignore_loglevel
> [    0.000000] x86/split lock detection: #AC: crashing the kernel on kern=
el split_locks and warning on user-space split_locks
> [    0.000000] BIOS-provided physical RAM map:
> [    0.000000] BIOS-e820: [mem 0x0000000000000000-0x000000000009efff] usa=
ble
> [    0.000000] BIOS-e820: [mem 0x000000000009f000-0x00000000000fffff] res=
erved
> [    0.000000] BIOS-e820: [mem 0x0000000000100000-0x0000000040d98fff] usa=
ble
> [    0.000000] BIOS-e820: [mem 0x0000000040d99000-0x0000000041698fff] res=
erved
> [    0.000000] BIOS-e820: [mem 0x0000000041699000-0x00000000434aefff] usa=
ble
> [    0.000000] BIOS-e820: [mem 0x00000000434af000-0x000000004387efff] typ=
e 20
> [    0.000000] BIOS-e820: [mem 0x000000004387f000-0x00000000452fefff] res=
erved
> [    0.000000] BIOS-e820: [mem 0x00000000452ff000-0x0000000045b2efff] ACP=
I NVS
> [    0.000000] BIOS-e820: [mem 0x0000000045b2f000-0x0000000045bfefff] ACP=
I data
> [    0.000000] BIOS-e820: [mem 0x0000000045bff000-0x0000000045bfffff] usa=
ble
> [    0.000000] BIOS-e820: [mem 0x0000000045c00000-0x0000000049ffffff] res=
erved
> [    0.000000] BIOS-e820: [mem 0x000000004a200000-0x000000004a3fffff] res=
erved
> [    0.000000] BIOS-e820: [mem 0x000000004b000000-0x00000000503fffff] res=
erved
> [    0.000000] BIOS-e820: [mem 0x00000000c0000000-0x00000000cfffffff] res=
erved
> [    0.000000] BIOS-e820: [mem 0x00000000fe010000-0x00000000fe010fff] res=
erved
> [    0.000000] BIOS-e820: [mem 0x00000000fed20000-0x00000000fed7ffff] res=
erved
> [    0.000000] BIOS-e820: [mem 0x00000000ff200000-0x00000000ffffffff] res=
erved
> [    0.000000] BIOS-e820: [mem 0x0000000100000000-0x00000006afbfffff] usa=
ble
> [    0.000000] printk: debug: ignoring loglevel setting.
> [    0.000000] NX (Execute Disable) protection: active
> [    0.000000] APIC: Static calls initialized
> [    0.000000] efi: EFI v2.7 by INSYDE Corp.
> [    0.000000] efi: ACPI=3D0x45bfe000 ACPI 2.0=3D0x45bfe014 TPMFinalLog=
=3D0x45ac5000 SMBIOS=3D0x43a00000 SMBIOS 3.0=3D0x439fe000 MEMATTR=3D0x3cbc4=
018 ESRT=3D0x3cbd0098 MOKvar=3D0x439d4000=20
> [    0.000000] efi: Remove mem80: MMIO range=3D[0xc0000000-0xcfffffff] (2=
56MB) from e820 map
> [    0.000000] e820: remove [mem 0xc0000000-0xcfffffff] reserved
> [    0.000000] efi: Not removing mem81: MMIO range=3D[0xfe010000-0xfe010f=
ff] (4KB) from e820 map
> [    0.000000] efi: Remove mem83: MMIO range=3D[0xff200000-0xffffffff] (1=
4MB) from e820 map
> [    0.000000] e820: remove [mem 0xff200000-0xffffffff] reserved
> [    0.000000] SMBIOS 3.3.0 present.
> [    0.000000] DMI: LENOVO 82MG/LNVNB161216, BIOS H4CN35WW(V2.04) 04/12/2=
024
> [    0.000000] DMI: Memory slots populated: 2/2
> [    0.000000] tsc: Detected 3100.000 MHz processor
> [    0.000000] tsc: Detected 3110.400 MHz TSC
> [    0.000005] e820: update [mem 0x00000000-0x00000fff] usable =3D=3D> re=
served
> [    0.000007] e820: remove [mem 0x000a0000-0x000fffff] usable
> [    0.000012] last_pfn =3D 0x6afc00 max_arch_pfn =3D 0x400000000
> [    0.000014] MTRR map: 5 entries (3 fixed + 2 variable; max 23), built =
=66rom 10 variable MTRRs
> [    0.000016] x86/PAT: Configuration [0-7]: WB  WC  UC- UC  WB  WP  UC- =
WT =20
> [    0.000367] last_pfn =3D 0x45c00 max_arch_pfn =3D 0x400000000
> [    0.007253] esrt: Reserving ESRT space from 0x000000003cbd0098 to 0x00=
0000003cbd0198.
> [    0.007257] e820: update [mem 0x3cbd0000-0x3cbd0fff] usable =3D=3D> re=
served
> [    0.007269] Using GB pages for direct mapping
> [    0.009939] printk: log_buf_len: 4194304 bytes
> [    0.009941] printk: early log buf free: 127704(97%)
> [    0.009941] Secure boot disabled
> [    0.009942] RAMDISK: [mem 0x2e6f7000-0x33372fff]
> [    0.009946] ACPI: Early table checksum verification disabled
> [    0.009949] ACPI: RSDP 0x0000000045BFE014 000024 (v02 LENOVO)
> [    0.009952] ACPI: XSDT 0x0000000045BD9188 000134 (v01 LENOVO CB-01    =
00000001      01000013)
> [    0.009956] ACPI: FACP 0x0000000045BFD000 000114 (v06 LENOVO CB-01    =
00000001 ACPI 00040000)
> [    0.009960] ACPI: DSDT 0x0000000045B80000 056C5F (v02 LENOVO CB-01    =
00000001 ACPI 00040000)
> [    0.009962] ACPI: FACS 0x0000000045AA4000 000040
> [    0.009964] ACPI: UEFI 0x0000000045B2E000 000236 (v01 LENOVO CB-01    =
00000001 ACPI 00040000)
> [    0.009965] ACPI: SSDT 0x0000000045BFA000 00255C (v02 LENOVO CB-01    =
00000001 INTL 20160422)
> [    0.009967] ACPI: SSDT 0x0000000045BF6000 003916 (v02 LENOVO CB-01    =
00000001 INTL 20160422)
> [    0.009969] ACPI: SSDT 0x0000000045BF5000 000106 (v02 LENOVO CB-01    =
00000001 INTL 20160422)
> [    0.009971] ACPI: SSDT 0x0000000045BEF000 005A4E (v02 LENOVO CB-01    =
00000001 INTL 20160422)
> [    0.009973] ACPI: SSDT 0x0000000045BEB000 003DC4 (v02 LENOVO CB-01    =
00000001 INTL 20160422)
> [    0.009974] ACPI: SSDT 0x0000000045BE7000 003300 (v02 LENOVO CB-01    =
00000001 INTL 20160422)
> [    0.009976] ACPI: SSDT 0x0000000045BE6000 00081F (v02 LENOVO CB-01    =
00000001 INTL 20160422)
> [    0.009978] ACPI: SSDT 0x0000000045BE5000 000033 (v02 LENOVO CB-01    =
00000001 INTL 20160422)
> [    0.009980] ACPI: SSDT 0x0000000045BE4000 00077B (v02 LENOVO CB-01    =
00000001 INTL 20160422)
> [    0.009982] ACPI: TPM2 0x0000000045BE3000 00004C (v04 LENOVO CB-01    =
00000001 ACPI 00040000)
> [    0.009983] ACPI: MSDM 0x0000000045BE2000 000055 (v03 LENOVO CB-01    =
00000001 ACPI 00040000)
> [    0.009985] ACPI: NHLT 0x0000000045BE0000 00189E (v00 LENOVO CB-01    =
00000001 ACPI 00040000)
> [    0.009988] ACPI: LPIT 0x0000000045BDF000 0000CC (v01 LENOVO CB-01    =
00000001 ACPI 00040000)
> [    0.009990] ACPI: WSMT 0x0000000045BDE000 000028 (v01 LENOVO CB-01    =
00000001 ACPI 00040000)
> [    0.009992] ACPI: SSDT 0x0000000045BDD000 000B70 (v02 LENOVO CB-01    =
00000001 INTL 20160422)
> [    0.009993] ACPI: SSDT 0x0000000045BDC000 00012A (v02 LENOVO CB-01    =
00000001 INTL 20160422)
> [    0.009995] ACPI: DBGP 0x0000000045BDB000 000034 (v01 LENOVO CB-01    =
00000001 ACPI 00040000)
> [    0.009997] ACPI: DBG2 0x0000000045BDA000 000054 (v00 LENOVO CB-01    =
00000001 ACPI 00040000)
> [    0.009999] ACPI: HPET 0x0000000045BD8000 000038 (v01 LENOVO CB-01    =
00000001 ACPI 00040000)
> [    0.010001] ACPI: APIC 0x0000000045BD7000 00012C (v04 LENOVO CB-01    =
00000001 ACPI 00040000)
> [    0.010002] ACPI: SSDT 0x0000000045B7B000 0042BB (v02 LENOVO CB-01    =
00000001      01000013)
> [    0.010004] ACPI: SSDT 0x0000000045B7A000 000CF6 (v02 LENOVO CB-01    =
00000001      01000013)
> [    0.010006] ACPI: DMAR 0x0000000045B79000 000088 (v02 LENOVO CB-01    =
00000001 ACPI 00040000)
> [    0.010008] ACPI: SSDT 0x0000000045B76000 00217F (v01 LENOVO CB-01    =
00000001 INTL 20160422)
> [    0.010010] ACPI: UEFI 0x0000000045A5D000 00063A (v01 LENOVO CB-01    =
00000001 ACPI 00040000)
> [    0.010012] ACPI: UEFI 0x0000000045A5C000 00005C (v01 LENOVO CB-01    =
00000001 ACPI 00040000)
> [    0.010014] ACPI: MCFG 0x0000000045B75000 00003C (v01 LENOVO CB-01    =
00000001 ACPI 00040000)
> [    0.010015] ACPI: SSDT 0x0000000045B74000 000DB8 (v02 LENOVO CB-01    =
00000001 INTL 20160422)
> [    0.010017] ACPI: SSDT 0x0000000045B73000 0000F8 (v01 LENOVO CB-01    =
00000001 INTL 20160422)
> [    0.010019] ACPI: FPDT 0x0000000045B72000 000044 (v01 LENOVO CB-01    =
00000001 ACPI 00040000)
> [    0.010021] ACPI: BGRT 0x0000000045B71000 000038 (v01 LENOVO CB-01    =
00000001 ACPI 00040000)
> [    0.010022] ACPI: PTDT 0x0000000045B70000 000CFE (v00 LENOVO CB-01    =
00000001 ACPI 00040000)
> [    0.010024] ACPI: Reserving FACP table memory at [mem 0x45bfd000-0x45b=
fd113]
> [    0.010025] ACPI: Reserving DSDT table memory at [mem 0x45b80000-0x45b=
d6c5e]
> [    0.010025] ACPI: Reserving FACS table memory at [mem 0x45aa4000-0x45a=
a403f]
> [    0.010026] ACPI: Reserving UEFI table memory at [mem 0x45b2e000-0x45b=
2e235]
> [    0.010026] ACPI: Reserving SSDT table memory at [mem 0x45bfa000-0x45b=
fc55b]
> [    0.010027] ACPI: Reserving SSDT table memory at [mem 0x45bf6000-0x45b=
f9915]
> [    0.010027] ACPI: Reserving SSDT table memory at [mem 0x45bf5000-0x45b=
f5105]
> [    0.010027] ACPI: Reserving SSDT table memory at [mem 0x45bef000-0x45b=
f4a4d]
> [    0.010028] ACPI: Reserving SSDT table memory at [mem 0x45beb000-0x45b=
eedc3]
> [    0.010028] ACPI: Reserving SSDT table memory at [mem 0x45be7000-0x45b=
ea2ff]
> [    0.010029] ACPI: Reserving SSDT table memory at [mem 0x45be6000-0x45b=
e681e]
> [    0.010029] ACPI: Reserving SSDT table memory at [mem 0x45be5000-0x45b=
e5032]
> [    0.010030] ACPI: Reserving SSDT table memory at [mem 0x45be4000-0x45b=
e477a]
> [    0.010030] ACPI: Reserving TPM2 table memory at [mem 0x45be3000-0x45b=
e304b]
> [    0.010031] ACPI: Reserving MSDM table memory at [mem 0x45be2000-0x45b=
e2054]
> [    0.010031] ACPI: Reserving NHLT table memory at [mem 0x45be0000-0x45b=
e189d]
> [    0.010031] ACPI: Reserving LPIT table memory at [mem 0x45bdf000-0x45b=
df0cb]
> [    0.010032] ACPI: Reserving WSMT table memory at [mem 0x45bde000-0x45b=
de027]
> [    0.010032] ACPI: Reserving SSDT table memory at [mem 0x45bdd000-0x45b=
ddb6f]
> [    0.010033] ACPI: Reserving SSDT table memory at [mem 0x45bdc000-0x45b=
dc129]
> [    0.010033] ACPI: Reserving DBGP table memory at [mem 0x45bdb000-0x45b=
db033]
> [    0.010034] ACPI: Reserving DBG2 table memory at [mem 0x45bda000-0x45b=
da053]
> [    0.010034] ACPI: Reserving HPET table memory at [mem 0x45bd8000-0x45b=
d8037]
> [    0.010034] ACPI: Reserving APIC table memory at [mem 0x45bd7000-0x45b=
d712b]
> [    0.010035] ACPI: Reserving SSDT table memory at [mem 0x45b7b000-0x45b=
7f2ba]
> [    0.010035] ACPI: Reserving SSDT table memory at [mem 0x45b7a000-0x45b=
7acf5]
> [    0.010036] ACPI: Reserving DMAR table memory at [mem 0x45b79000-0x45b=
79087]
> [    0.010036] ACPI: Reserving SSDT table memory at [mem 0x45b76000-0x45b=
7817e]
> [    0.010037] ACPI: Reserving UEFI table memory at [mem 0x45a5d000-0x45a=
5d639]
> [    0.010037] ACPI: Reserving UEFI table memory at [mem 0x45a5c000-0x45a=
5c05b]
> [    0.010038] ACPI: Reserving MCFG table memory at [mem 0x45b75000-0x45b=
7503b]
> [    0.010038] ACPI: Reserving SSDT table memory at [mem 0x45b74000-0x45b=
74db7]
> [    0.010038] ACPI: Reserving SSDT table memory at [mem 0x45b73000-0x45b=
730f7]
> [    0.010039] ACPI: Reserving FPDT table memory at [mem 0x45b72000-0x45b=
72043]
> [    0.010039] ACPI: Reserving BGRT table memory at [mem 0x45b71000-0x45b=
71037]
> [    0.010040] ACPI: Reserving PTDT table memory at [mem 0x45b70000-0x45b=
70cfd]
> [    0.010219] No NUMA configuration found
> [    0.010219] Faking a node at [mem 0x0000000000000000-0x00000006afbffff=
f]
> [    0.010225] NODE_DATA(0) allocated [mem 0x6ae9d5000-0x6ae9fffff]
> [    0.010337] Zone ranges:
> [    0.010338]   DMA      [mem 0x0000000000001000-0x0000000000ffffff]
> [    0.010339]   DMA32    [mem 0x0000000001000000-0x00000000ffffffff]
> [    0.010340]   Normal   [mem 0x0000000100000000-0x00000006afbfffff]
> [    0.010341]   Device   empty
> [    0.010342] Movable zone start for each node
> [    0.010343] Early memory node ranges
> [    0.010343]   node   0: [mem 0x0000000000001000-0x000000000009efff]
> [    0.010344]   node   0: [mem 0x0000000000100000-0x0000000040d98fff]
> [    0.010345]   node   0: [mem 0x0000000041699000-0x00000000434aefff]
> [    0.010345]   node   0: [mem 0x0000000045bff000-0x0000000045bfffff]
> [    0.010346]   node   0: [mem 0x0000000100000000-0x00000006afbfffff]
> [    0.010347] Initmem setup node 0 [mem 0x0000000000001000-0x00000006afb=
fffff]
> [    0.010351] On node 0, zone DMA: 1 pages in unavailable ranges
> [    0.010370] On node 0, zone DMA: 97 pages in unavailable ranges
> [    0.011660] On node 0, zone DMA32: 2304 pages in unavailable ranges
> [    0.011728] On node 0, zone DMA32: 10064 pages in unavailable ranges
> [    0.011963] On node 0, zone Normal: 9216 pages in unavailable ranges
> [    0.011969] On node 0, zone Normal: 1024 pages in unavailable ranges
> [    0.011990] Reserving Intel graphics memory at [mem 0x4c800000-0x503ff=
fff]
> [    0.012262] ACPI: PM-Timer IO Port: 0x1808
> [    0.012268] ACPI: LAPIC_NMI (acpi_id[0x01] high edge lint[0x1])
> [    0.012269] ACPI: LAPIC_NMI (acpi_id[0x02] high edge lint[0x1])
> [    0.012269] ACPI: LAPIC_NMI (acpi_id[0x03] high edge lint[0x1])
> [    0.012270] ACPI: LAPIC_NMI (acpi_id[0x04] high edge lint[0x1])
> [    0.012270] ACPI: LAPIC_NMI (acpi_id[0x05] high edge lint[0x1])
> [    0.012270] ACPI: LAPIC_NMI (acpi_id[0x06] high edge lint[0x1])
> [    0.012271] ACPI: LAPIC_NMI (acpi_id[0x07] high edge lint[0x1])
> [    0.012271] ACPI: LAPIC_NMI (acpi_id[0x08] high edge lint[0x1])
> [    0.012272] ACPI: LAPIC_NMI (acpi_id[0x09] high edge lint[0x1])
> [    0.012272] ACPI: LAPIC_NMI (acpi_id[0x0a] high edge lint[0x1])
> [    0.012273] ACPI: LAPIC_NMI (acpi_id[0x0b] high edge lint[0x1])
> [    0.012273] ACPI: LAPIC_NMI (acpi_id[0x0c] high edge lint[0x1])
> [    0.012273] ACPI: LAPIC_NMI (acpi_id[0x0d] high edge lint[0x1])
> [    0.012274] ACPI: LAPIC_NMI (acpi_id[0x0e] high edge lint[0x1])
> [    0.012274] ACPI: LAPIC_NMI (acpi_id[0x0f] high edge lint[0x1])
> [    0.012275] ACPI: LAPIC_NMI (acpi_id[0x10] high edge lint[0x1])
> [    0.012309] IOAPIC[0]: apic_id 2, version 32, address 0xfec00000, GSI =
0-119
> [    0.012311] ACPI: INT_SRC_OVR (bus 0 bus_irq 0 global_irq 2 dfl dfl)
> [    0.012313] ACPI: INT_SRC_OVR (bus 0 bus_irq 9 global_irq 9 high level)
> [    0.012316] ACPI: Using ACPI (MADT) for SMP configuration information
> [    0.012317] ACPI: HPET id: 0x8086a201 base: 0xfed00000
> [    0.012323] e820: update [mem 0x3c740000-0x3c84efff] usable =3D=3D> re=
served
> [    0.012329] TSC deadline timer available
> [    0.012332] CPU topo: Max. logical packages:   1
> [    0.012332] CPU topo: Max. logical dies:       1
> [    0.012333] CPU topo: Max. dies per package:   1
> [    0.012335] CPU topo: Max. threads per core:   2
> [    0.012336] CPU topo: Num. cores per package:     4
> [    0.012336] CPU topo: Num. threads per package:   8
> [    0.012336] CPU topo: Allowing 8 present CPUs plus 0 hotplug CPUs
> [    0.012346] PM: hibernation: Registered nosave memory: [mem 0x00000000=
-0x00000fff]
> [    0.012347] PM: hibernation: Registered nosave memory: [mem 0x0009f000=
-0x000fffff]
> [    0.012348] PM: hibernation: Registered nosave memory: [mem 0x3c740000=
-0x3c84efff]
> [    0.012349] PM: hibernation: Registered nosave memory: [mem 0x3cbd0000=
-0x3cbd0fff]
> [    0.012350] PM: hibernation: Registered nosave memory: [mem 0x40d99000=
-0x41698fff]
> [    0.012351] PM: hibernation: Registered nosave memory: [mem 0x434af000=
-0x4387efff]
> [    0.012351] PM: hibernation: Registered nosave memory: [mem 0x4387f000=
-0x452fefff]
> [    0.012352] PM: hibernation: Registered nosave memory: [mem 0x452ff000=
-0x45b2efff]
> [    0.012352] PM: hibernation: Registered nosave memory: [mem 0x45b2f000=
-0x45bfefff]
> [    0.012353] PM: hibernation: Registered nosave memory: [mem 0x45c00000=
-0x49ffffff]
> [    0.012354] PM: hibernation: Registered nosave memory: [mem 0x4a000000=
-0x4a1fffff]
> [    0.012354] PM: hibernation: Registered nosave memory: [mem 0x4a200000=
-0x4a3fffff]
> [    0.012354] PM: hibernation: Registered nosave memory: [mem 0x4a400000=
-0x4affffff]
> [    0.012355] PM: hibernation: Registered nosave memory: [mem 0x4b000000=
-0x503fffff]
> [    0.012355] PM: hibernation: Registered nosave memory: [mem 0x50400000=
-0xfe00ffff]
> [    0.012356] PM: hibernation: Registered nosave memory: [mem 0xfe010000=
-0xfe010fff]
> [    0.012356] PM: hibernation: Registered nosave memory: [mem 0xfe011000=
-0xfed1ffff]
> [    0.012356] PM: hibernation: Registered nosave memory: [mem 0xfed20000=
-0xfed7ffff]
> [    0.012357] PM: hibernation: Registered nosave memory: [mem 0xfed80000=
-0xffffffff]
> [    0.012358] [mem 0x50400000-0xfe00ffff] available for PCI devices
> [    0.012359] Booting paravirtualized kernel on bare hardware
> [    0.012360] clocksource: refined-jiffies: mask: 0xffffffff max_cycles:=
 0xffffffff, max_idle_ns: 7645519600211568 ns
> [    0.016119] setup_percpu: NR_CPUS:8192 nr_cpumask_bits:8 nr_cpu_ids:8 =
nr_node_ids:1
> [    0.016547] percpu: Embedded 65 pages/cpu s229376 r8192 d28672 u524288
> [    0.016551] pcpu-alloc: s229376 r8192 d28672 u524288 alloc=3D1*2097152
> [    0.016553] pcpu-alloc: [0] 0 1 2 3 [0] 4 5 6 7=20
> [    0.016564] Kernel command line: BOOT_IMAGE=3D/boot/vmlinuz-6.10.5 roo=
t=3DUUID=3D199a867c-5749-4ed5-8946-1a80cae9b76f ro quiet drm.debug=3D0xe lo=
g_buf_len=3D4M ignore_loglevel
> [    0.016613] Unknown kernel command line parameters "BOOT_IMAGE=3D/boot=
/vmlinuz-6.10.5", will be passed to user space.
> [    0.016656] random: crng init done
> [    0.019106] Dentry cache hash table entries: 4194304 (order: 13, 33554=
432 bytes, linear)
> [    0.020321] Inode-cache hash table entries: 2097152 (order: 12, 167772=
16 bytes, linear)
> [    0.020402] Fallback order for Node 0: 0=20
> [    0.020405] Built 1 zonelists, mobility grouping on.  Total pages: 623=
5982
> [    0.020406] Policy zone: Normal
> [    0.020412] mem auto-init: stack:all(zero), heap alloc:on, heap free:o=
ff
> [    0.020421] software IO TLB: area num 8.
> [    0.034356] Memory: 984588K/24943928K available (16384K kernel code, 2=
417K rwdata, 10868K rodata, 4020K init, 5480K bss, 746192K reserved, 0K cma=
-reserved)
> [    0.034488] SLUB: HWalign=3D64, Order=3D0-3, MinObjects=3D0, CPUs=3D8,=
 Nodes=3D1
> [    0.034517] ftrace: allocating 43822 entries in 172 pages
> [    0.039563] ftrace: allocated 172 pages with 4 groups
> [    0.040117] Dynamic Preempt: voluntary
> [    0.040150] rcu: Preemptible hierarchical RCU implementation.
> [    0.040150] rcu: 	RCU restricting CPUs from NR_CPUS=3D8192 to nr_cpu_i=
ds=3D8.
> [    0.040151] 	Trampoline variant of Tasks RCU enabled.
> [    0.040152] 	Rude variant of Tasks RCU enabled.
> [    0.040152] 	Tracing variant of Tasks RCU enabled.
> [    0.040152] rcu: RCU calculated value of scheduler-enlistment delay is=
 25 jiffies.
> [    0.040153] rcu: Adjusting geometry for rcu_fanout_leaf=3D16, nr_cpu_i=
ds=3D8
> [    0.040158] RCU Tasks: Setting shift to 3 and lim to 1 rcu_task_cb_adj=
ust=3D1.
> [    0.040159] RCU Tasks Rude: Setting shift to 3 and lim to 1 rcu_task_c=
b_adjust=3D1.
> [    0.040160] RCU Tasks Trace: Setting shift to 3 and lim to 1 rcu_task_=
cb_adjust=3D1.
> [    0.041850] NR_IRQS: 524544, nr_irqs: 2048, preallocated irqs: 16
> [    0.042130] rcu: srcu_init: Setting srcu_struct sizes based on content=
ion.
> [    0.042352] Console: colour dummy device 80x25
> [    0.042353] printk: legacy console [tty0] enabled
> [    0.042582] ACPI: Core revision 20240322
> [    0.042814] hpet: HPET dysfunctional in PC10. Force disabled.
> [    0.042816] APIC: Switch to symmetric I/O mode setup
> [    0.042818] DMAR: Host address width 39
> [    0.042819] DMAR: DRHD base: 0x000000fed90000 flags: 0x0
> [    0.042824] DMAR: dmar0: reg_base_addr fed90000 ver 4:0 cap 1c0000c406=
60462 ecap 29a00f0505e
> [    0.042827] DMAR: DRHD base: 0x000000fed91000 flags: 0x1
> [    0.042833] DMAR: dmar1: reg_base_addr fed91000 ver 1:0 cap d2008c4066=
0462 ecap f050da
> [    0.042836] DMAR: RMRR base: 0x0000004c000000 end: 0x000000503fffff
> [    0.042839] DMAR-IR: IOAPIC id 2 under DRHD base  0xfed91000 IOMMU 1
> [    0.042840] DMAR-IR: HPET id 0 under DRHD base 0xfed91000
> [    0.042842] DMAR-IR: Queued invalidation will be enabled to support x2=
apic and Intr-remapping.
> [    0.044438] DMAR-IR: Enabled IRQ remapping in x2apic mode
> [    0.044441] x2apic enabled
> [    0.044501] APIC: Switched APIC routing to: cluster x2apic
> [    0.049024] clocksource: tsc-early: mask: 0xffffffffffffffff max_cycle=
s: 0x2cd5a8bb032, max_idle_ns: 440795365915 ns
> [    0.049031] Calibrating delay loop (skipped), value calculated using t=
imer frequency.. 6220.80 BogoMIPS (lpj=3D12441600)
> [    0.049057] CPU0: Thermal monitoring enabled (TM1)
> [    0.049059] x86/cpu: User Mode Instruction Prevention (UMIP) activated
> [    0.049169] Last level iTLB entries: 4KB 0, 2MB 0, 4MB 0
> [    0.049170] Last level dTLB entries: 4KB 0, 2MB 0, 4MB 0, 1GB 0
> [    0.049173] process: using mwait in idle threads
> [    0.049176] Spectre V1 : Mitigation: usercopy/swapgs barriers and __us=
er pointer sanitization
> [    0.049179] Spectre V2 : Spectre BHI mitigation: SW BHB clearing on vm=
 exit
> [    0.049180] Spectre V2 : Spectre BHI mitigation: SW BHB clearing on sy=
scall
> [    0.049181] Spectre V2 : Mitigation: Enhanced / Automatic IBRS
> [    0.049182] Spectre V2 : Spectre v2 / SpectreRSB mitigation: Filling R=
SB on context switch
> [    0.049184] Spectre V2 : Spectre v2 / PBRSB-eIBRS: Retire a single CAL=
L on VMEXIT
> [    0.049186] Spectre V2 : mitigation: Enabling conditional Indirect Bra=
nch Prediction Barrier
> [    0.049188] Speculative Store Bypass: Mitigation: Speculative Store By=
pass disabled via prctl
> [    0.049191] GDS: Mitigation: Microcode
> [    0.049198] x86/fpu: Supporting XSAVE feature 0x001: 'x87 floating poi=
nt registers'
> [    0.049199] x86/fpu: Supporting XSAVE feature 0x002: 'SSE registers'
> [    0.049201] x86/fpu: Supporting XSAVE feature 0x004: 'AVX registers'
> [    0.049202] x86/fpu: Supporting XSAVE feature 0x020: 'AVX-512 opmask'
> [    0.049203] x86/fpu: Supporting XSAVE feature 0x040: 'AVX-512 Hi256'
> [    0.049205] x86/fpu: Supporting XSAVE feature 0x080: 'AVX-512 ZMM_Hi25=
6'
> [    0.049206] x86/fpu: Supporting XSAVE feature 0x200: 'Protection Keys =
User registers'
> [    0.049208] x86/fpu: Supporting XSAVE feature 0x800: 'Control-flow Use=
r registers'
> [    0.049209] x86/fpu: xstate_offset[2]:  576, xstate_sizes[2]:  256
> [    0.049211] x86/fpu: xstate_offset[5]:  832, xstate_sizes[5]:   64
> [    0.049213] x86/fpu: xstate_offset[6]:  896, xstate_sizes[6]:  512
> [    0.049214] x86/fpu: xstate_offset[7]: 1408, xstate_sizes[7]: 1024
> [    0.049216] x86/fpu: xstate_offset[9]: 2432, xstate_sizes[9]:    8
> [    0.049217] x86/fpu: xstate_offset[11]: 2440, xstate_sizes[11]:   16
> [    0.049219] x86/fpu: Enabled xstate features 0xae7, context size is 24=
56 bytes, using 'compacted' format.
> [    0.053029] Freeing SMP alternatives memory: 36K
> [    0.053029] pid_max: default: 32768 minimum: 301
> [    0.053029] LSM: initializing lsm=3Dlockdown,capability,landlock,yama,=
apparmor,tomoyo,bpf,ima,evm
> [    0.053029] landlock: Up and running.
> [    0.053029] Yama: becoming mindful.
> [    0.053029] AppArmor: AppArmor initialized
> [    0.053029] TOMOYO Linux initialized
> [    0.053029] LSM support for eBPF active
> [    0.053029] Mount-cache hash table entries: 65536 (order: 7, 524288 by=
tes, linear)
> [    0.053029] Mountpoint-cache hash table entries: 65536 (order: 7, 5242=
88 bytes, linear)
> [    0.053029] smpboot: CPU0: 11th Gen Intel(R) Core(TM) i5-11300H @ 3.10=
GHz (family: 0x6, model: 0x8c, stepping: 0x1)
> [    0.053029] Performance Events: PEBS fmt4+-baseline,  AnyThread deprec=
ated, Icelake events, 32-deep LBR, full-width counters, Intel PMU driver.
> [    0.053029] ... version:                5
> [    0.053029] ... bit width:              48
> [    0.053029] ... generic registers:      8
> [    0.053029] ... value mask:             0000ffffffffffff
> [    0.053029] ... max period:             00007fffffffffff
> [    0.053029] ... fixed-purpose events:   4
> [    0.053029] ... event mask:             0001000f000000ff
> [    0.053029] signal: max sigframe size: 3632
> [    0.053029] Estimated ratio of average max frequency by base frequency=
 (times 1024): 1321
> [    0.053029] rcu: Hierarchical SRCU implementation.
> [    0.053029] rcu: 	Max phase no-delay instances is 1000.
> [    0.053029] NMI watchdog: Enabled. Permanently consumes one hw-PMU cou=
nter.
> [    0.053029] smp: Bringing up secondary CPUs ...
> [    0.053029] smpboot: x86: Booting SMP configuration:
> [    0.053029] .... node  #0, CPUs:      #1 #2 #3 #4 #5 #6 #7
> [    0.053371] smp: Brought up 1 node, 8 CPUs
> [    0.053371] smpboot: Total of 8 processors activated (49766.40 BogoMIP=
S)
> [    0.081123] node 0 deferred pages initialised in 24ms
> [    0.082673] devtmpfs: initialized
> [    0.082673] x86/mm: Memory block size: 128MB
> [    0.085283] ACPI: PM: Registering ACPI NVS region [mem 0x452ff000-0x45=
b2efff] (8585216 bytes)
> [    0.085283] clocksource: jiffies: mask: 0xffffffff max_cycles: 0xfffff=
fff, max_idle_ns: 7645041785100000 ns
> [    0.085283] futex hash table entries: 2048 (order: 5, 131072 bytes, li=
near)
> [    0.085283] pinctrl core: initialized pinctrl subsystem
> [    0.085584] NET: Registered PF_NETLINK/PF_ROUTE protocol family
> [    0.085908] DMA: preallocated 4096 KiB GFP_KERNEL pool for atomic allo=
cations
> [    0.086159] DMA: preallocated 4096 KiB GFP_KERNEL|GFP_DMA pool for ato=
mic allocations
> [    0.086418] DMA: preallocated 4096 KiB GFP_KERNEL|GFP_DMA32 pool for a=
tomic allocations
> [    0.086428] audit: initializing netlink subsys (disabled)
> [    0.086436] audit: type=3D2000 audit(1723698945.036:1): state=3Dinitia=
lized audit_enabled=3D0 res=3D1
> [    0.086436] thermal_sys: Registered thermal governor 'fair_share'
> [    0.086436] thermal_sys: Registered thermal governor 'bang_bang'
> [    0.086436] thermal_sys: Registered thermal governor 'step_wise'
> [    0.086436] thermal_sys: Registered thermal governor 'user_space'
> [    0.086436] thermal_sys: Registered thermal governor 'power_allocator'
> [    0.086436] cpuidle: using governor ladder
> [    0.086436] cpuidle: using governor menu
> [    0.086436] acpiphp: ACPI Hot Plug PCI Controller Driver version: 0.5
> [    0.086436] PCI: ECAM [mem 0xc0000000-0xc02fffff] (base 0xc0000000) fo=
r domain 0000 [bus 00-02]
> [    0.086436] PCI: Using configuration type 1 for base access
> [    0.086436] kprobes: kprobe jump-optimization is enabled. All kprobes =
are optimized if possible.
> [    0.086436] HugeTLB: registered 1.00 GiB page size, pre-allocated 0 pa=
ges
> [    0.086436] HugeTLB: 16380 KiB vmemmap can be freed for a 1.00 GiB page
> [    0.086436] HugeTLB: registered 2.00 MiB page size, pre-allocated 0 pa=
ges
> [    0.086436] HugeTLB: 28 KiB vmemmap can be freed for a 2.00 MiB page
> [    0.086436] Demotion targets for Node 0: null
> [    0.086436] ACPI: Added _OSI(Module Device)
> [    0.086436] ACPI: Added _OSI(Processor Device)
> [    0.086436] ACPI: Added _OSI(3.0 _SCP Extensions)
> [    0.086436] ACPI: Added _OSI(Processor Aggregator Device)
> [    0.131569] ACPI BIOS Error (bug): Could not resolve symbol [\_SB.PC00=
=2EI2C0.TPD0], AE_NOT_FOUND (20240322/dswload2-162)
> [    0.131575] ACPI Error: AE_NOT_FOUND, During name lookup/catalog (2024=
0322/psobject-220)
> [    0.131578] ACPI: Skipping parse of AML opcode: OpcodeName unavailable=
 (0x0010)
> [    0.131597] ACPI BIOS Error (bug): Could not resolve symbol [\_SB.PC00=
=2EI2C0.TPL1], AE_NOT_FOUND (20240322/dswload2-162)
> [    0.131600] ACPI Error: AE_NOT_FOUND, During name lookup/catalog (2024=
0322/psobject-220)
> [    0.131602] ACPI: Skipping parse of AML opcode: OpcodeName unavailable=
 (0x0010)
> [    0.132217] ACPI: 17 ACPI AML tables successfully acquired and loaded
> [    0.137832] ACPI: Dynamic OEM Table Load:
> [    0.137832] ACPI: SSDT 0xFFFF8E952B94BC00 000386 (v02 PmRef  Cpu0Cst  =
00003001 INTL 20160422)
> [    0.137948] ACPI: Dynamic OEM Table Load:
> [    0.137953] ACPI: SSDT 0xFFFF8E8F819B9800 0006AA (v02 PmRef  Cpu0Ist  =
00003000 INTL 20160422)
> [    0.138576] ACPI: Dynamic OEM Table Load:
> [    0.138581] ACPI: SSDT 0xFFFF8E952B8F9E00 0001C6 (v02 PmRef  Cpu0Psd  =
00003000 INTL 20160422)
> [    0.139144] ACPI: Dynamic OEM Table Load:
> [    0.139149] ACPI: SSDT 0xFFFF8E952B948C00 00028B (v02 PmRef  Cpu0Hwp  =
00003000 INTL 20160422)
> [    0.139826] ACPI: Dynamic OEM Table Load:
> [    0.139832] ACPI: SSDT 0xFFFF8E8F80189000 0008E7 (v02 PmRef  ApIst    =
00003000 INTL 20160422)
> [    0.141419] ACPI: Dynamic OEM Table Load:
> [    0.141425] ACPI: SSDT 0xFFFF8E8F819BC800 00048A (v02 PmRef  ApHwp    =
00003000 INTL 20160422)
> [    0.142049] ACPI: Dynamic OEM Table Load:
> [    0.142054] ACPI: SSDT 0xFFFF8E8F819BC000 0004D4 (v02 PmRef  ApPsd    =
00003000 INTL 20160422)
> [    0.142675] ACPI: Dynamic OEM Table Load:
> [    0.142680] ACPI: SSDT 0xFFFF8E8F819BE000 00048A (v02 PmRef  ApCst    =
00003000 INTL 20160422)
> [    0.145655] ACPI: _OSC evaluated successfully for all CPUs
> [    0.145681] ACPI: EC: EC started
> [    0.145682] ACPI: EC: interrupt blocked
> [    0.146931] ACPI: EC: EC_CMD/EC_SC=3D0x66, EC_DATA=3D0x62
> [    0.146933] ACPI: \_SB_.PC00.LPCB.EC0_: Boot DSDT EC used to handle tr=
ansactions
> [    0.146935] ACPI: Interpreter enabled
> [    0.146976] ACPI: PM: (supports S0 S3 S4 S5)
> [    0.146977] ACPI: Using IOAPIC for interrupt routing
> [    0.147010] PCI: Using host bridge windows from ACPI; if necessary, us=
e "pci=3Dnocrs" and report a bug
> [    0.147011] PCI: Ignoring E820 reservations for host bridge windows
> [    0.148133] ACPI: Enabled 7 GPEs in block 00 to 7F
> [    0.151312] ACPI: \_SB_.PC00.XHCI.RHUB.HS10.BTRT: New power resource
> [    0.151559] ACPI: \_SB_.PC00.PAUD: New power resource
> [    0.153592] ACPI: \_SB_.PC00.RP05.PCRP: New power resource
> [    0.157867] ACPI: \_SB_.PC00.SAT0.VOL0.V0PR: New power resource
> [    0.157929] ACPI: \_SB_.PC00.SAT0.VOL1.V1PR: New power resource
> [    0.157984] ACPI: \_SB_.PC00.SAT0.VOL2.V2PR: New power resource
> [    0.160586] ACPI: \_SB_.PC00.I2C0.PXTC: New power resource
> [    0.160750] ACPI: \_SB_.PC00.I2C0.PTPL: New power resource
> [    0.162499] ACPI: \_SB_.PC00.CNVW.WRST: New power resource
> [    0.167505] ACPI: \_SB_.PC00.VMD0.RP09.NVPR: New power resource
> [    0.167710] ACPI: \_SB_.PC00.VMD0.PEG0.NVPR: New power resource
> [    0.167791] ACPI: \_SB_.PC00.VMD0.PRT0.NVPR: New power resource
> [    0.167833] ACPI: \_SB_.PC00.VMD0.PRT1.NVPR: New power resource
> [    0.167875] ACPI: \_SB_.PC00.VMD0.PRT2.NVPR: New power resource
> [    0.167917] ACPI: \_SB_.PC00.VMD0.PRT3.NVPR: New power resource
> [    0.167957] ACPI: \_SB_.PC00.VMD0.PRT4.NVPR: New power resource
> [    0.167997] ACPI: \_SB_.PC00.VMD0.PRT5.NVPR: New power resource
> [    0.168041] ACPI: \_SB_.PC00.VMD0.PRT6.NVPR: New power resource
> [    0.168081] ACPI: \_SB_.PC00.VMD0.PRT7.NVPR: New power resource
> [    0.168125] ACPI: \_SB_.PC00.VMD0.VOL0.V0PR: New power resource
> [    0.168154] ACPI: \_SB_.PC00.VMD0.VOL1.V1PR: New power resource
> [    0.168182] ACPI: \_SB_.PC00.VMD0.VOL2.V2PR: New power resource
> [    0.168209] ACPI: \_SB_.PC00.VMD0.VOL3.V3PR: New power resource
> [    0.170603] ACPI: \_TZ_.FN00: New power resource
> [    0.170636] ACPI: \_TZ_.FN01: New power resource
> [    0.170668] ACPI: \_TZ_.FN02: New power resource
> [    0.170699] ACPI: \_TZ_.FN03: New power resource
> [    0.170728] ACPI: \_TZ_.FN04: New power resource
> [    0.171064] ACPI: \PIN_: New power resource
> [    0.171246] ACPI: PCI Root Bridge [PC00] (domain 0000 [bus 00-fe])
> [    0.171251] acpi PNP0A08:00: _OSC: OS supports [ExtendedConfig ASPM Cl=
ockPM Segments MSI HPX-Type3]
> [    0.173273] acpi PNP0A08:00: _OSC: OS now controls [PCIeHotplug SHPCHo=
tplug PME AER PCIeCapability LTR]
> [    0.173295] acpi PNP0A08:00: [Firmware Info]: ECAM [mem 0xc0000000-0xc=
02fffff] for domain 0000 [bus 00-02] only partially covers this bridge
> [    0.175742] PCI host bridge to bus 0000:00
> [    0.175744] pci_bus 0000:00: root bus resource [io  0x0000-0x0cf7 wind=
ow]
> [    0.175746] pci_bus 0000:00: root bus resource [io  0x0d00-0xffff wind=
ow]
> [    0.175748] pci_bus 0000:00: root bus resource [mem 0x000a0000-0x000bf=
fff window]
> [    0.175749] pci_bus 0000:00: root bus resource [mem 0x50400000-0xbffff=
fff window]
> [    0.175751] pci_bus 0000:00: root bus resource [mem 0x4000000000-0x7ff=
fffffff window]
> [    0.175753] pci_bus 0000:00: root bus resource [bus 00-fe]
> [    0.175839] pci 0000:00:00.0: [8086:9a14] type 00 class 0x060000 conve=
ntional PCI endpoint
> [    0.175954] pci 0000:00:02.0: [8086:9a49] type 00 class 0x030000 PCIe =
Root Complex Integrated Endpoint
> [    0.175963] pci 0000:00:02.0: BAR 0 [mem 0x6014000000-0x6014ffffff 64b=
it]
> [    0.175969] pci 0000:00:02.0: BAR 2 [mem 0x4000000000-0x400fffffff 64b=
it pref]
> [    0.175974] pci 0000:00:02.0: BAR 4 [io  0x5000-0x503f]
> [    0.175988] pci 0000:00:02.0: DMAR: Skip IOMMU disabling for graphics
> [    0.175991] pci 0000:00:02.0: Video device with shadowed ROM at [mem 0=
x000c0000-0x000dffff]
> [    0.176017] pci 0000:00:02.0: VF BAR 0 [mem 0x00000000-0x00ffffff 64bi=
t]
> [    0.176019] pci 0000:00:02.0: VF BAR 0 [mem 0x00000000-0x06ffffff 64bi=
t]: contains BAR 0 for 7 VFs
> [    0.176024] pci 0000:00:02.0: VF BAR 2 [mem 0x00000000-0x1fffffff 64bi=
t pref]
> [    0.176025] pci 0000:00:02.0: VF BAR 2 [mem 0x00000000-0xdfffffff 64bi=
t pref]: contains BAR 2 for 7 VFs
> [    0.176136] pci 0000:00:04.0: [8086:9a03] type 00 class 0x118000 conve=
ntional PCI endpoint
> [    0.176154] pci 0000:00:04.0: BAR 0 [mem 0x6015200000-0x601521ffff 64b=
it]
> [    0.176361] pci 0000:00:06.0: [8086:09ab] type 00 class 0x088000 conve=
ntional PCI endpoint
> [    0.176638] pci 0000:00:08.0: [8086:9a11] type 00 class 0x088000 conve=
ntional PCI endpoint
> [    0.176648] pci 0000:00:08.0: BAR 0 [mem 0x6015238000-0x6015238fff 64b=
it]
> [    0.176722] pci 0000:00:0a.0: [8086:9a0d] type 00 class 0x118000 PCIe =
Root Complex Integrated Endpoint
> [    0.176730] pci 0000:00:0a.0: BAR 0 [mem 0x6015220000-0x6015227fff 64b=
it]
> [    0.176750] pci 0000:00:0a.0: enabling Extended Tags
> [    0.176842] pci 0000:00:0e.0: [8086:9a0b] type 00 class 0x010400 PCIe =
Root Complex Integrated Endpoint
> [    0.176855] pci 0000:00:0e.0: BAR 0 [mem 0x6012000000-0x6013ffffff 64b=
it]
> [    0.176862] pci 0000:00:0e.0: BAR 2 [mem 0x52000000-0x53ffffff]
> [    0.176876] pci 0000:00:0e.0: BAR 4 [mem 0x6015100000-0x60151fffff 64b=
it]
> [    0.177107] pci 0000:00:14.0: [8086:a0ed] type 00 class 0x0c0330 conve=
ntional PCI endpoint
> [    0.177129] pci 0000:00:14.0: BAR 0 [mem 0x55180000-0x5518ffff 64bit]
> [    0.177215] pci 0000:00:14.0: PME# supported from D3hot D3cold
> [    0.177476] pci 0000:00:14.2: [8086:a0ef] type 00 class 0x050000 conve=
ntional PCI endpoint
> [    0.177499] pci 0000:00:14.2: BAR 0 [mem 0x6015230000-0x6015233fff 64b=
it]
> [    0.177515] pci 0000:00:14.2: BAR 2 [mem 0x6015237000-0x6015237fff 64b=
it]
> [    0.177659] pci 0000:00:14.3: [8086:a0f0] type 00 class 0x028000 PCIe =
Root Complex Integrated Endpoint
> [    0.177699] pci 0000:00:14.3: BAR 0 [mem 0x601522c000-0x601522ffff 64b=
it]
> [    0.177858] pci 0000:00:14.3: PME# supported from D0 D3hot D3cold
> [    0.178095] pci 0000:00:15.0: [8086:a0e8] type 00 class 0x0c8000 conve=
ntional PCI endpoint
> [    0.178169] pci 0000:00:15.0: BAR 0 [mem 0x00000000-0x00000fff 64bit]
> [    0.178475] pci 0000:00:16.0: [8086:a0e0] type 00 class 0x078000 conve=
ntional PCI endpoint
> [    0.178499] pci 0000:00:16.0: BAR 0 [mem 0x6015235000-0x6015235fff 64b=
it]
> [    0.178584] pci 0000:00:16.0: PME# supported from D3hot
> [    0.178830] pci 0000:00:17.0: [8086:09ab] type 00 class 0x088000 conve=
ntional PCI endpoint
> [    0.179047] pci 0000:00:1c.0: [8086:a0bc] type 01 class 0x060400 PCIe =
Root Port
> [    0.179075] pci 0000:00:1c.0: PCI bridge to [bus 01]
> [    0.179080] pci 0000:00:1c.0:   bridge window [io  0x4000-0x4fff]
> [    0.179083] pci 0000:00:1c.0:   bridge window [mem 0x54000000-0x54ffff=
ff]
> [    0.179093] pci 0000:00:1c.0:   bridge window [mem 0x6000000000-0x6011=
ffffff 64bit pref]
> [    0.179167] pci 0000:00:1c.0: PME# supported from D0 D3hot D3cold
> [    0.179201] pci 0000:00:1c.0: PTM enabled (root), 4ns granularity
> [    0.179578] pci 0000:00:1d.0: [8086:09ab] type 00 class 0x088000 conve=
ntional PCI endpoint
> [    0.179903] pci 0000:00:1d.3: [8086:a0b3] type 01 class 0x060400 PCIe =
Root Port
> [    0.179931] pci 0000:00:1d.3: PCI bridge to [bus 02]
> [    0.179935] pci 0000:00:1d.3:   bridge window [io  0x3000-0x3fff]
> [    0.179939] pci 0000:00:1d.3:   bridge window [mem 0x55000000-0x550fff=
ff]
> [    0.180021] pci 0000:00:1d.3: PME# supported from D0 D3hot D3cold
> [    0.180058] pci 0000:00:1d.3: PTM enabled (root), 4ns granularity
> [    0.180428] pci 0000:00:1f.0: [8086:a082] type 00 class 0x060100 conve=
ntional PCI endpoint
> [    0.180683] pci 0000:00:1f.3: [8086:a0c8] type 00 class 0x040100 conve=
ntional PCI endpoint
> [    0.180726] pci 0000:00:1f.3: BAR 0 [mem 0x6015228000-0x601522bfff 64b=
it]
> [    0.180780] pci 0000:00:1f.3: BAR 4 [mem 0x6015000000-0x60150fffff 64b=
it]
> [    0.180886] pci 0000:00:1f.3: PME# supported from D3hot D3cold
> [    0.181151] pci 0000:00:1f.4: [8086:a0a3] type 00 class 0x0c0500 conve=
ntional PCI endpoint
> [    0.181177] pci 0000:00:1f.4: BAR 0 [mem 0x6015234000-0x60152340ff 64b=
it]
> [    0.181207] pci 0000:00:1f.4: BAR 4 [io  0xefa0-0xefbf]
> [    0.181363] pci 0000:00:1f.5: [8086:a0a4] type 00 class 0x0c8000 conve=
ntional PCI endpoint
> [    0.181383] pci 0000:00:1f.5: BAR 0 [mem 0xfe010000-0xfe010fff]
> [    0.181549] pci 0000:01:00.0: [10de:1f9d] type 00 class 0x030200 PCIe =
Endpoint
> [    0.181569] pci 0000:01:00.0: BAR 0 [mem 0x54000000-0x54ffffff]
> [    0.181586] pci 0000:01:00.0: BAR 1 [mem 0x6000000000-0x600fffffff 64b=
it pref]
> [    0.181603] pci 0000:01:00.0: BAR 3 [mem 0x6010000000-0x6011ffffff 64b=
it pref]
> [    0.181614] pci 0000:01:00.0: BAR 5 [io  0x4000-0x407f]
> [    0.181625] pci 0000:01:00.0: ROM [mem 0xfff80000-0xffffffff pref]
> [    0.181723] pci 0000:01:00.0: PME# supported from D0 D3hot D3cold
> [    0.181870] pci 0000:01:00.0: 31.504 Gb/s available PCIe bandwidth, li=
mited by 8.0 GT/s PCIe x4 link at 0000:00:1c.0 (capable of 252.048 Gb/s wit=
h 16.0 GT/s PCIe x16 link)
> [    0.182048] pci 0000:00:1c.0: PCI bridge to [bus 01]
> [    0.182115] pci 0000:02:00.0: [10ec:8168] type 00 class 0x020000 PCIe =
Endpoint
> [    0.182139] pci 0000:02:00.0: BAR 0 [io  0x3000-0x30ff]
> [    0.182169] pci 0000:02:00.0: BAR 2 [mem 0x55004000-0x55004fff 64bit]
> [    0.182189] pci 0000:02:00.0: BAR 4 [mem 0x55000000-0x55003fff 64bit]
> [    0.182314] pci 0000:02:00.0: supports D1 D2
> [    0.182316] pci 0000:02:00.0: PME# supported from D0 D1 D2 D3hot D3cold
> [    0.182543] pci 0000:00:1d.3: PCI bridge to [bus 02]
> [    0.189505] Low-power S0 idle used by default for system suspend
> [    0.194347] ACPI: EC: interrupt unblocked
> [    0.194349] ACPI: EC: event unblocked
> [    0.194377] ACPI: EC: EC_CMD/EC_SC=3D0x66, EC_DATA=3D0x62
> [    0.194378] ACPI: EC: GPE=3D0x6e
> [    0.194379] ACPI: \_SB_.PC00.LPCB.EC0_: Boot DSDT EC initialization co=
mplete
> [    0.194381] ACPI: \_SB_.PC00.LPCB.EC0_: EC: Used to handle transaction=
s and events
> [    0.194437] iommu: Default domain type: Translated
> [    0.194437] iommu: DMA domain TLB invalidation policy: lazy mode
> [    0.194437] pps_core: LinuxPPS API ver. 1 registered
> [    0.194437] pps_core: Software ver. 5.3.6 - Copyright 2005-2007 Rodolf=
o Giometti <giometti@linux.it>
> [    0.194437] PTP clock support registered
> [    0.194437] EDAC MC: Ver: 3.0.0
> [    0.194437] efivars: Registered efivars operations
> [    0.194437] NetLabel: Initializing
> [    0.194437] NetLabel:  domain hash size =3D 128
> [    0.194437] NetLabel:  protocols =3D UNLABELED CIPSOv4 CALIPSO
> [    0.194437] NetLabel:  unlabeled traffic allowed by default
> [    0.194437] PCI: Using ACPI for IRQ routing
> [    0.194437] PCI: pci_cache_line_size set to 64 bytes
> [    0.194437] pci 0000:00:1f.5: BAR 0 [mem 0xfe010000-0xfe010fff]: can't=
 claim; no compatible bridge window
> [    0.194437] e820: reserve RAM buffer [mem 0x0009f000-0x0009ffff]
> [    0.194437] e820: reserve RAM buffer [mem 0x3c740000-0x3fffffff]
> [    0.194437] e820: reserve RAM buffer [mem 0x3cbd0000-0x3fffffff]
> [    0.194437] e820: reserve RAM buffer [mem 0x40d99000-0x43ffffff]
> [    0.194437] e820: reserve RAM buffer [mem 0x434af000-0x43ffffff]
> [    0.194437] e820: reserve RAM buffer [mem 0x45c00000-0x47ffffff]
> [    0.194437] e820: reserve RAM buffer [mem 0x6afc00000-0x6afffffff]
> [    0.194437] pci 0000:00:02.0: vgaarb: setting as boot VGA device
> [    0.194437] pci 0000:00:02.0: vgaarb: bridge control possible
> [    0.194437] pci 0000:00:02.0: vgaarb: VGA device added: decodes=3Dio+m=
em,owns=3Dio+mem,locks=3Dnone
> [    0.194437] vgaarb: loaded
> [    0.194437] clocksource: Switched to clocksource tsc-early
> [    0.194437] VFS: Disk quotas dquot_6.6.0
> [    0.194437] VFS: Dquot-cache hash table entries: 512 (order 0, 4096 by=
tes)
> [    0.194437] AppArmor: AppArmor Filesystem Enabled
> [    0.194437] pnp: PnP ACPI init
> [    0.194437] system 00:00: [io  0x0680-0x069f] has been reserved
> [    0.194437] system 00:00: [io  0x164e-0x164f] has been reserved
> [    0.194437] system 00:00: [io  0xfd60-0xfd63] has been reserved
> [    0.194437] system 00:02: [io  0x1854-0x1857] has been reserved
> [    0.194437] pnp 00:04: disabling [mem 0xc0000000-0xcfffffff] because i=
t overlaps 0000:00:02.0 BAR 9 [mem 0x00000000-0xdfffffff 64bit pref]
> [    0.194437] system 00:04: [mem 0xfedc0000-0xfedc7fff] has been reserved
> [    0.194437] system 00:04: [mem 0xfeda0000-0xfeda0fff] has been reserved
> [    0.194437] system 00:04: [mem 0xfeda1000-0xfeda1fff] has been reserved
> [    0.194437] system 00:04: [mem 0xfed20000-0xfed7ffff] could not be res=
erved
> [    0.194437] system 00:04: [mem 0xfed90000-0xfed93fff] could not be res=
erved
> [    0.194437] system 00:04: [mem 0xfed45000-0xfed8ffff] could not be res=
erved
> [    0.194437] system 00:04: [mem 0xfee00000-0xfeefffff] has been reserved
> [    0.194437] system 00:05: [io  0x1800-0x18fe] could not be reserved
> [    0.194437] system 00:05: [mem 0xfe000000-0xfe01ffff] could not be res=
erved
> [    0.194437] system 00:05: [mem 0xfe04c000-0xfe04ffff] has been reserved
> [    0.194437] system 00:05: [mem 0xfe050000-0xfe0affff] has been reserved
> [    0.194437] system 00:05: [mem 0xfe0d0000-0xfe0fffff] has been reserved
> [    0.194437] system 00:05: [mem 0xfe200000-0xfe7fffff] has been reserved
> [    0.194437] system 00:05: [mem 0xff000000-0xffffffff] has been reserved
> [    0.194437] system 00:05: [mem 0xfd000000-0xfd68ffff] has been reserved
> [    0.194437] system 00:05: [mem 0xfd6b0000-0xfd6cffff] has been reserved
> [    0.194437] system 00:05: [mem 0xfd6f0000-0xfdffffff] has been reserved
> [    0.194597] system 00:06: [io  0x2000-0x20fe] has been reserved
> [    0.194946] pnp: PnP ACPI: found 8 devices
> [    0.200093] clocksource: acpi_pm: mask: 0xffffff max_cycles: 0xffffff,=
 max_idle_ns: 2085701024 ns
> [    0.200127] NET: Registered PF_INET protocol family
> [    0.200266] IP idents hash table entries: 262144 (order: 9, 2097152 by=
tes, linear)
> [    0.208540] tcp_listen_portaddr_hash hash table entries: 16384 (order:=
 6, 262144 bytes, linear)
> [    0.208565] Table-perturb hash table entries: 65536 (order: 6, 262144 =
bytes, linear)
> [    0.208688] TCP established hash table entries: 262144 (order: 9, 2097=
152 bytes, linear)
> [    0.208934] TCP bind hash table entries: 65536 (order: 9, 2097152 byte=
s, linear)
> [    0.209085] TCP: Hash tables configured (established 262144 bind 65536)
> [    0.209169] MPTCP token hash table entries: 32768 (order: 7, 786432 by=
tes, linear)
> [    0.209228] UDP hash table entries: 16384 (order: 7, 524288 bytes, lin=
ear)
> [    0.209284] UDP-Lite hash table entries: 16384 (order: 7, 524288 bytes=
, linear)
> [    0.209337] NET: Registered PF_UNIX/PF_LOCAL protocol family
> [    0.209345] NET: Registered PF_XDP protocol family
> [    0.209351] pci 0000:01:00.0: ROM [mem 0xfff80000-0xffffffff pref]: ca=
n't claim; no compatible bridge window
> [    0.209357] pci_bus 0000:00: max bus depth: 1 pci_try_num: 2
> [    0.209366] pci 0000:00:02.0: VF BAR 2 [mem 0x4020000000-0x40ffffffff =
64bit pref]: assigned
> [    0.209371] pci 0000:00:02.0: VF BAR 0 [mem 0x4010000000-0x4016ffffff =
64bit]: assigned
> [    0.209373] pci 0000:00:15.0: BAR 0 [mem 0x4017000000-0x4017000fff 64b=
it]: assigned
> [    0.209431] pci 0000:00:1f.5: BAR 0 [mem 0x50400000-0x50400fff]: assig=
ned
> [    0.209443] pci 0000:01:00.0: ROM [mem size 0x00080000 pref]: can't as=
sign; no space
> [    0.209445] pci 0000:01:00.0: ROM [mem size 0x00080000 pref]: failed t=
o assign
> [    0.209447] pci 0000:00:1c.0: PCI bridge to [bus 01]
> [    0.209450] pci 0000:00:1c.0:   bridge window [io  0x4000-0x4fff]
> [    0.209454] pci 0000:00:1c.0:   bridge window [mem 0x54000000-0x54ffff=
ff]
> [    0.209458] pci 0000:00:1c.0:   bridge window [mem 0x6000000000-0x6011=
ffffff 64bit pref]
> [    0.209463] pci 0000:00:1d.3: PCI bridge to [bus 02]
> [    0.209466] pci 0000:00:1d.3:   bridge window [io  0x3000-0x3fff]
> [    0.209470] pci 0000:00:1d.3:   bridge window [mem 0x55000000-0x550fff=
ff]
> [    0.209477] pci_bus 0000:00: resource 4 [io  0x0000-0x0cf7 window]
> [    0.209479] pci_bus 0000:00: resource 5 [io  0x0d00-0xffff window]
> [    0.209480] pci_bus 0000:00: resource 6 [mem 0x000a0000-0x000bffff win=
dow]
> [    0.209482] pci_bus 0000:00: resource 7 [mem 0x50400000-0xbfffffff win=
dow]
> [    0.209483] pci_bus 0000:00: resource 8 [mem 0x4000000000-0x7fffffffff=
 window]
> [    0.209485] pci_bus 0000:01: resource 0 [io  0x4000-0x4fff]
> [    0.209487] pci_bus 0000:01: resource 1 [mem 0x54000000-0x54ffffff]
> [    0.209488] pci_bus 0000:01: resource 2 [mem 0x6000000000-0x6011ffffff=
 64bit pref]
> [    0.209490] pci_bus 0000:02: resource 0 [io  0x3000-0x3fff]
> [    0.209491] pci_bus 0000:02: resource 1 [mem 0x55000000-0x550fffff]
> [    0.211722] PCI: CLS 64 bytes, default 64
> [    0.211761] PCI-DMA: Using software bounce buffering for IO (SWIOTLB)
> [    0.211762] software IO TLB: mapped [mem 0x0000000037ebd000-0x00000000=
3bebd000] (64MB)
> [    0.211784] Trying to unpack rootfs image as initramfs...
> [    0.211786] clocksource: tsc: mask: 0xffffffffffffffff max_cycles: 0x2=
cd5a8bb032, max_idle_ns: 440795365915 ns
> [    0.211822] clocksource: Switched to clocksource tsc
> [    0.212075] Initialise system trusted keyrings
> [    0.212084] Key type blacklist registered
> [    0.212104] workingset: timestamp_bits=3D36 max_order=3D23 bucket_orde=
r=3D0
> [    0.212109] zbud: loaded
> [    0.212241] integrity: Platform Keyring initialized
> [    0.212245] integrity: Machine keyring initialized
> [    0.218915] Key type asymmetric registered
> [    0.218920] Asymmetric key parser 'x509' registered
> [    0.539172] Freeing initrd memory: 78320K
> [    0.541770] Block layer SCSI generic (bsg) driver version 0.4 loaded (=
major 247)
> [    0.541795] io scheduler mq-deadline registered
> [    0.544163] pcieport 0000:00:1c.0: PME: Signaling with IRQ 120
> [    0.544228] pcieport 0000:00:1c.0: AER: enabled with IRQ 120
> [    0.544263] pcieport 0000:00:1c.0: DPC: enabled with IRQ 120
> [    0.544265] pcieport 0000:00:1c.0: DPC: error containment capabilities=
: Int Msg #0, RPExt+ PoisonedTLP+ SwTrigger+ RP PIO Log 4, DL_ActiveErr+
> [    0.544488] pcieport 0000:00:1d.3: PME: Signaling with IRQ 121
> [    0.544542] pcieport 0000:00:1d.3: AER: enabled with IRQ 121
> [    0.544568] pcieport 0000:00:1d.3: DPC: enabled with IRQ 121
> [    0.544569] pcieport 0000:00:1d.3: DPC: error containment capabilities=
: Int Msg #0, RPExt+ PoisonedTLP+ SwTrigger+ RP PIO Log 4, DL_ActiveErr+
> [    0.544653] shpchp: Standard Hot Plug PCI Controller Driver version: 0=
=2E4
> [    0.544760] Monitor-Mwait will be used to enter C-1 state
> [    0.544765] Monitor-Mwait will be used to enter C-2 state
> [    0.544769] Monitor-Mwait will be used to enter C-3 state
> [    0.544771] ACPI: \_SB_.PR00: Found 3 idle states
> [    0.546632] thermal LNXTHERM:00: registered as thermal_zone0
> [    0.546635] ACPI: thermal: Thermal Zone [TZ00] (54 C)
> [    0.546767] Serial: 8250/16550 driver, 4 ports, IRQ sharing enabled
> [    0.547183] hpet_acpi_add: no address or irqs in _CRS
> [    0.547203] Linux agpgart interface v0.103
> [    0.577513] tpm tpm0: tpm_read_log_acpi: Failed to map ACPI memory
> [    0.578308] i8042: PNP: PS/2 Controller [PNP0303:PS2K] at 0x60,0x64 ir=
q 1
> [    0.578312] i8042: PNP: PS/2 appears to have AUX port disabled, if thi=
s is incorrect please boot with i8042.nopnp
> [    0.578765] serio: i8042 KBD port at 0x60,0x64 irq 1
> [    0.578920] mousedev: PS/2 mouse device common for all mice
> [    0.578930] rtc_cmos 00:01: RTC can wake from S4
> [    0.579828] rtc_cmos 00:01: registered as rtc0
> [    0.580004] rtc_cmos 00:01: setting system clock to 2024-08-15T05:15:4=
5 UTC (1723698945)
> [    0.580028] rtc_cmos 00:01: alarms up to one month, y3k, 242 bytes nvr=
am
> [    0.580354] intel_pstate: Intel P-state driver initializing
> [    0.581118] intel_pstate: HWP enabled
> [    0.581151] ledtrig-cpu: registered to indicate activity on CPUs
> [    0.581280] efifb: probing for efifb
> [    0.581290] efifb: framebuffer at 0x4000000000, using 8128k, total 812=
8k
> [    0.581292] efifb: mode is 1920x1080x32, linelength=3D7680, pages=3D1
> [    0.581294] efifb: scrolling: redraw
> [    0.581294] efifb: Truecolor: size=3D8:8:8:8, shift=3D24:16:8:0
> [    0.581346] Console: switching to colour frame buffer device 240x67
> [    0.583825] fb0: EFI VGA frame buffer device
> [    0.584085] NET: Registered PF_INET6 protocol family
> [    0.586974] Segment Routing with IPv6
> [    0.586990] In-situ OAM (IOAM) with IPv6
> [    0.587014] mip6: Mobile IPv6
> [    0.587020] NET: Registered PF_PACKET protocol family
> [    0.587046] mpls_gso: MPLS GSO support
> [    0.587950] ENERGY_PERF_BIAS: Set to 'normal', was 'performance'
> [    0.588024] microcode: Current revision: 0x000000b6
> [    0.588035] microcode: Updated early from: 0x000000aa
> [    0.593579] resctrl: L2 allocation detected
> [    0.593600] IPI shorthand broadcast: enabled
> [    0.594180] sched_clock: Marking stable (586823051, 6723299)->(6185757=
62, -25029412)
> [    0.594273] Timer migration: 1 hierarchy levels; 8 children per group;=
 1 crossnode level
> [    0.595021] registered taskstats version 1
> [    0.595085] Loading compiled-in X.509 certificates
> [    0.613230] Loaded X.509 cert 'Build time autogenerated kernel key: cf=
a62fccb59dbcacbb9cb81569b455badb2b2b1d'
> [    0.614383] Demotion targets for Node 0: null
> [    0.614564] Key type .fscrypt registered
> [    0.614573] Key type fscrypt-provisioning registered
> [    0.625990] Key type encrypted registered
> [    0.626007] AppArmor: AppArmor sha256 policy hashing enabled
> [    0.626701] ima: Allocated hash algorithm: sha256
> [    0.668212] ima: No architecture policies found
> [    0.668281] evm: Initialising EVM extended attributes:
> [    0.668298] evm: security.selinux
> [    0.668310] evm: security.SMACK64 (disabled)
> [    0.668325] evm: security.SMACK64EXEC (disabled)
> [    0.668339] evm: security.SMACK64TRANSMUTE (disabled)
> [    0.668355] evm: security.SMACK64MMAP (disabled)
> [    0.668370] evm: security.apparmor
> [    0.668382] evm: security.ima
> [    0.668393] evm: security.capability
> [    0.668405] evm: HMAC attrs: 0x1
> [    0.690808] input: AT Translated Set 2 keyboard as /devices/platform/i=
8042/serio0/input/input0
> [    0.758093] clk: Disabling unused clocks
> [    0.758105] PM: genpd: Disabling unused power domains
> [    0.762580] Freeing unused decrypted memory: 2028K
> [    0.763088] Freeing unused kernel image (initmem) memory: 4020K
> [    0.763109] Write protecting the kernel read-only data: 28672k
> [    0.763678] Freeing unused kernel image (rodata/data gap) memory: 1420K
> [    0.769387] x86/mm: Checked W+X mappings: passed, no W+X pages found.
> [    0.770115] Run /init as init process
> [    0.770841]   with arguments:
> [    0.771549]     /init
> [    0.772258]   with environment:
> [    0.772964]     HOME=3D/
> [    0.773668]     TERM=3Dlinux
> [    0.774368]     BOOT_IMAGE=3D/boot/vmlinuz-6.10.5
> [    0.856850] wmi_bus wmi_bus-PNP0C14:02: [Firmware Info]: B7F3CA0A-ACDC=
-42D2-9217-77C6C628FBD2 has zero instances
> [    0.857929] wmi_bus wmi_bus-PNP0C14:02: [Firmware Bug]: WQAE data bloc=
k query control method not found
> [    0.922120] vmd 0000:00:0e.0: PCI host bridge to bus 10000:e0
> [    0.923605] pci_bus 10000:e0: root bus resource [bus e0-ff]
> [    0.925043] pci_bus 10000:e0: root bus resource [mem 0x52000000-0x53ff=
ffff]
> [    0.926236] pci_bus 10000:e0: root bus resource [mem 0x6015102000-0x60=
151fffff 64bit]
> [    0.927456] pci 10000:e0:06.0: [8086:9a09] type 01 class 0x060400 PCIe=
 Root Port
> [    0.928599] pci 10000:e0:06.0: PCI bridge to [bus e1]
> [    0.929732] pci 10000:e0:06.0:   bridge window [io  0x0000-0x0fff]
> [    0.930918] pci 10000:e0:06.0:   bridge window [mem 0x52100000-0x521ff=
fff]
> [    0.932234] pci 10000:e0:06.0: PME# supported from D0 D3hot D3cold
> [    0.933382] pci 10000:e0:06.0: PTM enabled (root), 4ns granularity
> [    0.934966] pci 10000:e0:17.0: [8086:a0d3] type 00 class 0x010601 conv=
entional PCI endpoint
> [    0.936112] pci 10000:e0:17.0: BAR 0 [mem 0x00000000-0x00001fff]
> [    0.937234] pci 10000:e0:17.0: BAR 1 [mem 0x00000000-0x000000ff]
> [    0.938419] pci 10000:e0:17.0: BAR 2 [io  0x0000-0x0007]
> [    0.939543] pci 10000:e0:17.0: BAR 3 [io  0x0000-0x0003]
> [    0.940550] pci 10000:e0:17.0: BAR 4 [io  0x0000-0x001f]
> [    0.941372] pci 10000:e0:17.0: BAR 5 [mem 0x52000000-0x520007ff]
> [    0.942574] pci 10000:e0:17.0: PME# supported from D3hot
> [    0.944142] pci 10000:e0:1d.0: [8086:a0b0] type 01 class 0x060400 PCIe=
 Root Port
> [    0.945261] pci 10000:e0:1d.0: PCI bridge to [bus e2]
> [    0.946320] pci 10000:e0:1d.0:   bridge window [io  0x0000-0x0fff]
> [    0.947449] pci 10000:e0:1d.0:   bridge window [mem 0x52200000-0x522ff=
fff]
> [    0.948668] pci 10000:e0:1d.0: PME# supported from D0 D3hot D3cold
> [    0.949834] pci 10000:e0:1d.0: PTM enabled (root), 4ns granularity
> [    0.951082] pci 10000:e0:06.0: Primary bus is hard wired to 0
> [    0.952174] pci 10000:e1:00.0: [1e95:1007] type 00 class 0x010802 PCIe=
 Endpoint
> [    0.953253] pci 10000:e1:00.0: BAR 0 [mem 0x52100000-0x52103fff 64bit]
> [    0.954600] pci 10000:e0:06.0: PCI bridge to [bus e1]
> [    0.955675] pci 10000:e0:1d.0: Primary bus is hard wired to 0
> [    0.956781] pci 10000:e2:00.0: [15b7:5003] type 00 class 0x010802 PCIe=
 Endpoint
> [    0.957853] pci 10000:e2:00.0: BAR 0 [mem 0x52200000-0x52203fff 64bit]
> [    0.964828] pci 10000:e0:1d.0: PCI bridge to [bus e2]
> [    0.965876] pci 10000:e0:06.0: Primary bus is hard wired to 0
> [    0.966873] pci 10000:e0:1d.0: Primary bus is hard wired to 0
> [    0.969284] ACPI: bus type drm_connector registered
> [    0.986910] ACPI: bus type USB registered
> [    0.987894] usbcore: registered new interface driver usbfs
> [    0.988823] usbcore: registered new interface driver hub
> [    0.989757] usbcore: registered new device driver usb
> [    1.021767] xhci_hcd 0000:00:14.0: xHCI Host Controller
> [    1.022702] xhci_hcd 0000:00:14.0: new USB bus registered, assigned bu=
s number 1
> [    1.024804] xhci_hcd 0000:00:14.0: hcc params 0x20007fc1 hci version 0=
x120 quirks 0x0000100200009810
> [    1.027084] xhci_hcd 0000:00:14.0: xHCI Host Controller
> [    1.028178] xhci_hcd 0000:00:14.0: new USB bus registered, assigned bu=
s number 2
> [    1.029261] xhci_hcd 0000:00:14.0: Host supports USB 3.1 Enhanced Supe=
rSpeed
> [    1.030429] usb usb1: New USB device found, idVendor=3D1d6b, idProduct=
=3D0002, bcdDevice=3D 6.10
> [    1.031629] usb usb1: New USB device strings: Mfr=3D3, Product=3D2, Se=
rialNumber=3D1
> [    1.032742] usb usb1: Product: xHCI Host Controller
> [    1.033911] usb usb1: Manufacturer: Linux 6.10.5 xhci-hcd
> [    1.035087] usb usb1: SerialNumber: 0000:00:14.0
> [    1.036557] hub 1-0:1.0: USB hub found
> [    1.037679] hub 1-0:1.0: 12 ports detected
> [    1.040522] usb usb2: New USB device found, idVendor=3D1d6b, idProduct=
=3D0003, bcdDevice=3D 6.10
> [    1.041654] usb usb2: New USB device strings: Mfr=3D3, Product=3D2, Se=
rialNumber=3D1
> [    1.042761] usb usb2: Product: xHCI Host Controller
> [    1.043868] usb usb2: Manufacturer: Linux 6.10.5 xhci-hcd
> [    1.044981] usb usb2: SerialNumber: 0000:00:14.0
> [    1.046309] hub 2-0:1.0: USB hub found
> [    1.047362] hub 2-0:1.0: 4 ports detected
> [    1.142831] pci 10000:e0:06.0: bridge window [mem 0x52000000-0x520ffff=
f]: assigned
> [    1.143912] pci 10000:e0:1d.0: bridge window [mem 0x52100000-0x521ffff=
f]: assigned
> [    1.144949] pci 10000:e0:17.0: BAR 0 [mem 0x52200000-0x52201fff]: assi=
gned
> [    1.146009] pci 10000:e0:06.0: bridge window [io  size 0x1000]: can't =
assign; no space
> [    1.147142] pci 10000:e0:06.0: bridge window [io  size 0x1000]: failed=
 to assign
> [    1.148211] pci 10000:e0:1d.0: bridge window [io  size 0x1000]: can't =
assign; no space
> [    1.149271] pci 10000:e0:1d.0: bridge window [io  size 0x1000]: failed=
 to assign
> [    1.150323] pci 10000:e0:17.0: BAR 5 [mem 0x52202000-0x522027ff]: assi=
gned
> [    1.151437] pci 10000:e0:17.0: BAR 1 [mem 0x52202800-0x522028ff]: assi=
gned
> [    1.152462] pci 10000:e0:17.0: BAR 4 [io  size 0x0020]: can't assign; =
no space
> [    1.153501] pci 10000:e0:17.0: BAR 4 [io  size 0x0020]: failed to assi=
gn
> [    1.154541] pci 10000:e0:17.0: BAR 2 [io  size 0x0008]: can't assign; =
no space
> [    1.155658] pci 10000:e0:17.0: BAR 2 [io  size 0x0008]: failed to assi=
gn
> [    1.156679] pci 10000:e0:17.0: BAR 3 [io  size 0x0004]: can't assign; =
no space
> [    1.157683] pci 10000:e0:17.0: BAR 3 [io  size 0x0004]: failed to assi=
gn
> [    1.158798] pci 10000:e1:00.0: BAR 0 [mem 0x52000000-0x52003fff 64bit]=
: assigned
> [    1.159822] pci 10000:e0:06.0: PCI bridge to [bus e1]
> [    1.160837] pci 10000:e0:06.0:   bridge window [mem 0x52000000-0x520ff=
fff]
> [    1.161858] pci 10000:e2:00.0: BAR 0 [mem 0x52100000-0x52103fff 64bit]=
: assigned
> [    1.162916] pci 10000:e0:1d.0: PCI bridge to [bus e2]
> [    1.163944] pci 10000:e0:1d.0:   bridge window [mem 0x52100000-0x521ff=
fff]
> [    1.165003] pci 10000:e1:00.0: VMD: Default LTR value set by driver
> [    1.166098] pci 10000:e2:00.0: VMD: Default LTR value set by driver
> [    1.167207] pcieport 10000:e0:06.0: can't derive routing for PCI INT D
> [    1.168247] pcieport 10000:e0:06.0: PCI INT D: no GSI
> [    1.169358] pcieport 10000:e0:06.0: PME: Signaling with IRQ 149
> [    1.170638] pcieport 10000:e0:06.0: AER: enabled with IRQ 149
> [    1.171880] pcieport 10000:e0:06.0: DPC: enabled with IRQ 149
> [    1.172920] pcieport 10000:e0:06.0: DPC: error containment capabilitie=
s: Int Msg #0, RPExt+ PoisonedTLP+ SwTrigger+ RP PIO Log 4, DL_ActiveErr+
> [    1.174059] pcieport 10000:e0:1d.0: can't derive routing for PCI INT A
> [    1.175151] pcieport 10000:e0:1d.0: PCI INT A: no GSI
> [    1.176320] pcieport 10000:e0:1d.0: PME: Signaling with IRQ 150
> [    1.177637] pcieport 10000:e0:1d.0: AER: enabled with IRQ 150
> [    1.179015] pcieport 10000:e0:1d.0: DPC: enabled with IRQ 150
> [    1.179733] pcieport 10000:e0:1d.0: DPC: error containment capabilitie=
s: Int Msg #0, RPExt+ PoisonedTLP+ SwTrigger+ RP PIO Log 4, DL_ActiveErr+
> [    1.180580] vmd 0000:00:0e.0: Bound to PCI domain 10000
> [    1.217547] nvme nvme0: pci function 10000:e1:00.0
> [    1.217548] nvme nvme1: pci function 10000:e2:00.0
> [    1.217565] pcieport 10000:e0:1d.0: can't derive routing for PCI INT A
> [    1.218502] pcieport 10000:e0:06.0: can't derive routing for PCI INT A
> [    1.219417] nvme 10000:e2:00.0: PCI INT A: no GSI
> [    1.220130] nvme 10000:e1:00.0: PCI INT A: not connected
> [    1.229278] nvme nvme1: 8/0/0 default/read/poll queues
> [    1.233124]  nvme1n1: p1 p2 p3 p4
> [    1.238874] nvme nvme0: allocated 64 MiB host memory buffer.
> [    1.252827] nvme nvme0: 8/0/0 default/read/poll queues
> [    1.268907]  nvme0n1: p1
> [    1.302734] usb 1-1: new full-speed USB device number 2 using xhci_hcd
> [    1.462741] usb 1-1: New USB device found, idVendor=3D08f2, idProduct=
=3D6811, bcdDevice=3D20.23
> [    1.463825] usb 1-1: New USB device strings: Mfr=3D1, Product=3D2, Ser=
ialNumber=3D3
> [    1.464882] usb 1-1: Product: T505 Graphic Tablet
> [    1.465950] usb 1-1: Manufacturer: SZ PING-IT INC.=20
> [    1.467042] usb 1-1: SerialNumber: Internal CDROM!
> [    1.484245] hid: raw HID events driver (C) Jiri Kosina
> [    1.517180] usbcore: registered new interface driver usbhid
> [    1.517901] usbhid: USB HID core driver
> [    1.523978] input: SZ PING-IT INC.  T505 Graphic Tablet as /devices/pc=
i0000:00/0000:00:14.0/usb1/1-1/1-1:1.1/0003:08F2:6811.0001/input/input1
> [    1.524788] input: SZ PING-IT INC.  T505 Graphic Tablet Mouse as /devi=
ces/pci0000:00/0000:00:14.0/usb1/1-1/1-1:1.1/0003:08F2:6811.0001/input/inpu=
t2
> [    1.525601] input: SZ PING-IT INC.  T505 Graphic Tablet as /devices/pc=
i0000:00/0000:00:14.0/usb1/1-1/1-1:1.1/0003:08F2:6811.0001/input/input3
> [    1.526433] hid-generic 0003:08F2:6811.0001: input,hiddev0,hidraw0: US=
B HID v1.10 Mouse [SZ PING-IT INC.  T505 Graphic Tablet] on usb-0000:00:14.=
0-1/input1
> [    1.527376] input: SZ PING-IT INC.  T505 Graphic Tablet as /devices/pc=
i0000:00/0000:00:14.0/usb1/1-1/1-1:1.2/0003:08F2:6811.0002/input/input4
> [    1.587210] input: SZ PING-IT INC.  T505 Graphic Tablet Keyboard as /d=
evices/pci0000:00/0000:00:14.0/usb1/1-1/1-1:1.2/0003:08F2:6811.0002/input/i=
nput5
> [    1.588110] input: SZ PING-IT INC.  T505 Graphic Tablet as /devices/pc=
i0000:00/0000:00:14.0/usb1/1-1/1-1:1.2/0003:08F2:6811.0002/input/input6
> [    1.588994] hid-generic 0003:08F2:6811.0002: input,hiddev1,hidraw1: US=
B HID v1.10 Keyboard [SZ PING-IT INC.  T505 Graphic Tablet] on usb-0000:00:=
14.0-1/input2
> [    1.602747] usb 1-2: new full-speed USB device number 3 using xhci_hcd
> [    1.751690] usb 1-2: New USB device found, idVendor=3D0c76, idProduct=
=3D1733, bcdDevice=3D 1.00
> [    1.752491] usb 1-2: New USB device strings: Mfr=3D0, Product=3D1, Ser=
ialNumber=3D0
> [    1.753290] usb 1-2: Product: H710 Audio Device
> [    1.755144] input: H710 Audio Device as /devices/pci0000:00/0000:00:14=
=2E0/usb1/1-2/1-2:1.3/0003:0C76:1733.0003/input/input7
> [    1.814878] hid-generic 0003:0C76:1733.0003: input,hidraw2: USB HID v1=
=2E00 Device [H710 Audio Device] on usb-0000:00:14.0-2/input3
> [    1.921131] i915 0000:00:02.0: [drm:intel_gt_common_init_early [i915]]=
 WOPCM: 2048K
> [    1.922080] i915 0000:00:02.0: [drm:intel_uc_init_early [i915]] GT0: e=
nable_guc=3D0 (guc:no submission:no huc:no slpc:no)
> [    1.923049] i915 0000:00:02.0: [drm:intel_pch_type [i915]] Found Tiger=
 Lake LP PCH
> [    1.923996] i915 0000:00:02.0: [drm:intel_gt_probe_all [i915]] GT0: Se=
tting up Primary GT
> [    1.924951] i915 0000:00:02.0: [drm:intel_uncore_init_mmio [i915]] unc=
laimed mmio detected on uncore init, clearing
> [    1.925897] i915 0000:00:02.0: [drm:i915_driver_probe [i915]] rawclk r=
ate: 19200 kHz
> [    1.927019] i915 0000:00:02.0: [drm:intel_engines_init_mmio [i915]] GT=
0: vdbox enable: 0005, instances: 0005
> [    1.927947] i915 0000:00:02.0: [drm:intel_engines_init_mmio [i915]] GT=
0: vebox enable: 0001, instances: 0001
> [    1.929225] i915 0000:00:02.0: [drm:i915_ggtt_probe_hw [i915]] GGTT si=
ze =3D 4096M
> [    1.930178] i915 0000:00:02.0: [drm:i915_ggtt_probe_hw [i915]] GMADR s=
ize =3D 256M
> [    1.931139] i915 0000:00:02.0: [drm:i915_ggtt_probe_hw [i915]] DSM siz=
e =3D 60M
> [    1.932262] Console: switching to colour dummy device 80x25
> [    1.932287] i915 0000:00:02.0: vgaarb: deactivate vga console
> [    1.932543] i915 0000:00:02.0: [drm] Using Transparent Hugepages
> [    1.932547] i915 0000:00:02.0: [drm:i915_gem_init_stolen [i915]] GEN6_=
STOLEN_RESERVED =3D 0x00000000502000c7
> [    1.932656] i915 0000:00:02.0: [drm:i915_gem_init_stolen [i915]] Memor=
y reserved for graphics device: 61440K, usable: 59392K
> [    1.932752] i915 0000:00:02.0: [drm:intel_memory_regions_hw_probe [i91=
5]] Memory region(0): system: 23805 MiB [mem 0x00000000-0x5cfdc8fff], io: n=
/a
> [    1.932836] i915 0000:00:02.0: [drm:intel_memory_regions_hw_probe [i91=
5]] Memory region(5): stolen-system: 58 MiB [mem 0x4c800000-0x501fffff], io=
: n/a
> [    1.932950] i915 0000:00:02.0: [drm:intel_opregion_setup [i915]] graph=
ic opregion physical addr: 0x45abe018
> [    1.933060] i915 0000:00:02.0: [drm:intel_opregion_setup [i915]] ACPI =
OpRegion version 2.1.0
> [    1.933159] i915 0000:00:02.0: [drm:intel_opregion_setup [i915]] Publi=
c ACPI methods supported
> [    1.933254] i915 0000:00:02.0: [drm:intel_opregion_setup [i915]] SWSCI=
 Mailbox #2 present for opregion v2.x
> [    1.933350] i915 0000:00:02.0: [drm:intel_opregion_setup [i915]] SWSCI=
 supported
> [    1.934371] i915 0000:00:02.0: [drm:intel_opregion_setup [i915]] SWSCI=
 GBDA callbacks 00000cb3, SBCB callbacks 00300583
> [    1.934462] i915 0000:00:02.0: [drm:intel_opregion_setup [i915]] ASLE =
supported
> [    1.934548] i915 0000:00:02.0: [drm:intel_opregion_setup [i915]] ASLE =
extension supported
> [    1.934637] i915 0000:00:02.0: [drm:intel_opregion_setup [i915]] Found=
 valid VBT in ACPI OpRegion (RVDA)
> [    1.934728] i915 0000:00:02.0: [drm:intel_dram_detect [i915]] Num qgv =
points 1
> [    1.934813] i915 0000:00:02.0: [drm:intel_dram_detect [i915]] DRAM cha=
nnels: 2
> [    1.934891] i915 0000:00:02.0: [drm:i915_driver_probe [i915]] Watermar=
k level 0 adjustment needed: no
> [    1.934968] i915 0000:00:02.0: [drm:icl_get_qgv_points.constprop.0 [i9=
15]] QGV 0: DCLK=3D2668 tRP=3D19 tRDPRE=3D10 tRAS=3D43 tRCD=3D19 tRC=3D62
> [    1.935070] i915 0000:00:02.0: [drm:tgl_get_bw_info.isra.0 [i915]] BW0=
 / QGV 0: num_planes=3D0 deratedbw=3D11821 peakbw: 42688
> [    1.935162] i915 0000:00:02.0: [drm:tgl_get_bw_info.isra.0 [i915]] BW1=
 / QGV 0: num_planes=3D2 deratedbw=3D14636 peakbw: 42688
> [    1.935249] i915 0000:00:02.0: [drm:tgl_get_bw_info.isra.0 [i915]] BW2=
 / QGV 0: num_planes=3D0 deratedbw=3D16614 peakbw: 42688
> [    1.935334] i915 0000:00:02.0: [drm:tgl_get_bw_info.isra.0 [i915]] BW3=
 / QGV 0: num_planes=3D0 deratedbw=3D17818 peakbw: 42688
> [    1.935417] i915 0000:00:02.0: [drm:tgl_get_bw_info.isra.0 [i915]] BW4=
 / QGV 0: num_planes=3D0 deratedbw=3D18487 peakbw: 42688
> [    1.935499] i915 0000:00:02.0: [drm:tgl_get_bw_info.isra.0 [i915]] BW5=
 / QGV 0: num_planes=3D0 deratedbw=3D18842 peakbw: 42688
> [    1.936199] i915 0000:00:02.0: [drm:intel_bios_init [i915]] Set defaul=
t to SSC at 120000 kHz
> [    1.936310] i915 0000:00:02.0: [drm:intel_bios_init [i915]] VBT signat=
ure "$VBT TIGERLAKE      ", BDB version 237
> [    1.936404] i915 0000:00:02.0: [drm:intel_bios_init [i915]] Found BDB =
block 1 (size 5, min size 7)
> [    1.936492] i915 0000:00:02.0: [drm:intel_bios_init [i915]] Found BDB =
block 2 (size 356, min size 5)
> [    1.936576] i915 0000:00:02.0: [drm:intel_bios_init [i915]] Found BDB =
block 9 (size 100, min size 100)
> [    1.936658] i915 0000:00:02.0: [drm:intel_bios_init [i915]] Found BDB =
block 12 (size 19, min size 19)
> [    1.936738] i915 0000:00:02.0: [drm:intel_bios_init [i915]] Found BDB =
block 27 (size 780, min size 812)
> [    1.936819] i915 0000:00:02.0: [drm:intel_bios_init [i915]] Found BDB =
block 40 (size 30, min size 34)
> [    1.936898] i915 0000:00:02.0: [drm:intel_bios_init [i915]] Generating=
 LFP data table pointers
> [    1.936977] i915 0000:00:02.0: [drm:intel_bios_init [i915]] Found BDB =
block 41 (size 148, min size 148)
> [    1.937056] i915 0000:00:02.0: [drm:intel_bios_init [i915]] Found BDB =
block 42 (size 1364, min size 1366)
> [    1.937135] i915 0000:00:02.0: [drm:intel_bios_init [i915]] Found BDB =
block 43 (size 273, min size 305)
> [    1.937214] i915 0000:00:02.0: [drm:intel_bios_init [i915]] Found BDB =
block 44 (size 58, min size 78)
> [    1.937292] i915 0000:00:02.0: [drm:intel_bios_init [i915]] Found BDB =
block 52 (size 822, min size 822)
> [    1.937370] i915 0000:00:02.0: [drm:intel_bios_init [i915]] Found BDB =
block 56 (size 210, min size 210)
> [    1.937448] i915 0000:00:02.0: [drm:intel_bios_init [i915]] BDB_GENERA=
L_FEATURES int_tv_support 0 int_crt_support 0 lvds_use_ssc 0 lvds_ssc_freq =
120000 display_clock_mode 0 fdi_rx_polarity_inverted 0
> [    1.937527] i915 0000:00:02.0: [drm:intel_bios_init [i915]] crt_ddc_bu=
s_pin: 2
> [    1.937605] i915 0000:00:02.0: [drm:intel_bios_init [i915]] Found VBT =
child device with type 0x1806
> [    1.937682] i915 0000:00:02.0: [drm:intel_bios_init [i915]] Found VBT =
child device with type 0x60d6
> [    1.937760] i915 0000:00:02.0: [drm:intel_bios_init [i915]] Found VBT =
child device with type 0x60d2
> [    1.937837] i915 0000:00:02.0: [drm:intel_bios_init [i915]] Found VBT =
child device with type 0x68c6
> [    1.937914] i915 0000:00:02.0: [drm:intel_bios_init [i915]] Found VBT =
child device with type 0x68c6
> [    1.937992] i915 0000:00:02.0: [drm:intel_bios_init [i915]] Skipping S=
DVO device mapping
> [    1.938070] i915 0000:00:02.0: [drm:intel_bios_init [i915]] Port A VBT=
 info: CRT:0 DVI:0 HDMI:0 DP:1 eDP:1 DSI:0 DP++:0 LSPCON:0 USB-Type-C:0 TBT=
:0 DSC:0
> [    1.938149] i915 0000:00:02.0: [drm:intel_bios_init [i915]] Port A VBT=
 HDMI level shift: 0
> [    1.938228] i915 0000:00:02.0: [drm:intel_bios_init [i915]] Port B VBT=
 info: CRT:0 DVI:1 HDMI:1 DP:1 eDP:0 DSI:0 DP++:1 LSPCON:0 USB-Type-C:0 TBT=
:0 DSC:0
> [    1.938306] i915 0000:00:02.0: [drm:intel_bios_init [i915]] Port B VBT=
 HDMI level shift: 0
> [    1.938383] i915 0000:00:02.0: [drm:intel_bios_init [i915]] Port B VBT=
 info: CRT:0 DVI:1 HDMI:1 DP:0 eDP:0 DSI:0 DP++:0 LSPCON:0 USB-Type-C:0 TBT=
:0 DSC:0
> [    1.938461] i915 0000:00:02.0: [drm:intel_bios_init [i915]] Port B VBT=
 HDMI level shift: 0
> [    1.938538] i915 0000:00:02.0: [drm:intel_bios_init [i915]] Port B VBT=
 HDMI max TMDS clock: 297000 kHz
> [    1.938614] i915 0000:00:02.0: [drm:intel_bios_init [i915]] Port D VBT=
 info: CRT:0 DVI:0 HDMI:0 DP:1 eDP:0 DSI:0 DP++:0 LSPCON:0 USB-Type-C:1 TBT=
:1 DSC:0
> [    1.938692] i915 0000:00:02.0: [drm:intel_bios_init [i915]] Port D VBT=
 HDMI level shift: 0
> [    1.938827] i915 0000:00:02.0: [drm:intel_bios_init [i915]] Port E VBT=
 info: CRT:0 DVI:0 HDMI:0 DP:1 eDP:0 DSI:0 DP++:0 LSPCON:0 USB-Type-C:1 TBT=
:0 DSC:0
> [    1.938913] i915 0000:00:02.0: [drm:intel_bios_init [i915]] Port E VBT=
 HDMI level shift: 0
> [    1.938996] i915 0000:00:02.0: [drm:intel_power_domains_init [i915]] A=
llowed DC state mask 4000000a
> [    1.939100] i915 0000:00:02.0: [drm:gen9_set_dc_state.part.0 [i915]] S=
etting DC state from 00 to 00
> [    1.939223] i915 0000:00:02.0: [drm:check_phy_reg [i915]] Combo PHY A =
reg 001628a0 state mismatch: current 300355fc mask e0000000 expected a00000=
00
> [    1.939313] i915 0000:00:02.0: [drm:check_phy_reg [i915]] Combo PHY A =
reg 00162804 state mismatch: current 1c300004 mask 00300000 expected 000000=
00
> [    1.939416] i915 0000:00:02.0: [drm:icl_combo_phys_init [i915]] Initia=
lizing combo PHY A (Voltage/Process Info : 0.85V dot0 (low-voltage))
> [    1.939527] i915 0000:00:02.0: [drm:check_phy_reg [i915]] Combo PHY B =
reg 0006c8a0 state mismatch: current 3003501c mask e0000000 expected a00000=
00
> [    1.939614] i915 0000:00:02.0: [drm:check_phy_reg [i915]] Combo PHY B =
reg 0006c804 state mismatch: current 1c300004 mask 00300000 expected 000000=
00
> [    1.939716] i915 0000:00:02.0: [drm:icl_combo_phys_init [i915]] Initia=
lizing combo PHY B (Voltage/Process Info : 0.85V dot0 (low-voltage))
> [    1.939825] i915 0000:00:02.0: [drm:intel_power_well_enable [i915]] en=
abling PW_1
> [    1.939923] i915 0000:00:02.0: [drm:intel_cdclk_init_hw [i915]] Curren=
t CDCLK 652800 kHz, VCO 1305600 kHz, ref 38400 kHz, bypass 19200 kHz, volta=
ge level 3
> [    1.940016] i915 0000:00:02.0: [drm:gen9_dbuf_slices_update [i915]] Up=
dating dbuf slices to 0x3
> [    1.940132] i915 0000:00:02.0: [drm:intel_power_well_enable [i915]] en=
abling always-on
> [    1.940221] i915 0000:00:02.0: [drm:intel_power_well_enable [i915]] en=
abling DC_off
> [    1.940308] i915 0000:00:02.0: [drm:gen9_set_dc_state.part.0 [i915]] S=
etting DC state from 00 to 00
> [    1.940441] i915 0000:00:02.0: [drm:intel_power_well_enable [i915]] en=
abling PW_2
> [    1.940525] i915 0000:00:02.0: [drm:intel_power_well_enable [i915]] en=
abling PW_3
> [    1.940611] i915 0000:00:02.0: vgaarb: VGA decodes changed: olddecodes=
=3Dio+mem,decodes=3Dio+mem:owns=3Dio+mem
> [    1.940614] i915 0000:00:02.0: [drm:intel_power_well_enable [i915]] en=
abling PW_4
> [    1.940698] i915 0000:00:02.0: [drm:intel_power_well_enable [i915]] en=
abling PW_5
> [    1.940800] i915 0000:00:02.0: [drm:intel_power_well_sync_hw [i915]] T=
C cold unblock succeeded
> [    1.940890] i915 0000:00:02.0: [drm:intel_dmc_init [i915]] Loading i91=
5/tgl_dmc_ver2_12.bin
> [    1.941065] i915 0000:00:02.0: [drm:dmc_load_work_fn [i915]] DMC 0:
> [    1.941151] i915 0000:00:02.0: [drm:dmc_load_work_fn [i915]]  mmio[0]:=
 0x8f074 =3D 0x86fc0
> [    1.941235] i915 0000:00:02.0: [drm:dmc_load_work_fn [i915]]  mmio[1]:=
 0x8f034 =3D 0xc003b400 (EVT_CTL)
> [    1.941317] i915 0000:00:02.0: [drm:dmc_load_work_fn [i915]]  mmio[2]:=
 0x8f004 =3D 0x1a40188 (EVT_HTP)
> [    1.941400] i915 0000:00:02.0: [drm:dmc_load_work_fn [i915]]  mmio[3]:=
 0x8f038 =3D 0xc003b200 (EVT_CTL)
> [    1.941482] i915 0000:00:02.0: [drm:dmc_load_work_fn [i915]]  mmio[4]:=
 0x8f008 =3D 0x3ebc3cc0 (EVT_HTP)
> [    1.941568] i915 0000:00:02.0: [drm:dmc_load_work_fn [i915]]  mmio[5]:=
 0x8f03c =3D 0xc0033200 (EVT_CTL) (disabling)
> [    1.941654] i915 0000:00:02.0: [drm:dmc_load_work_fn [i915]]  mmio[6]:=
 0x8f00c =3D 0x41dc41b0 (EVT_HTP)
> [    1.941738] i915 0000:00:02.0: [drm:dmc_load_work_fn [i915]]  mmio[7]:=
 0x8f040 =3D 0xc003bf00 (EVT_CTL) (disabling)
> [    1.941820] i915 0000:00:02.0: [drm:dmc_load_work_fn [i915]]  mmio[8]:=
 0x8f010 =3D 0x433442b4 (EVT_HTP)
> [    1.941902] i915 0000:00:02.0: [drm:dmc_load_work_fn [i915]] DMC 1:
> [    1.941981] i915 0000:00:02.0: [drm:dmc_load_work_fn [i915]]  mmio[0]:=
 0x92074 =3D 0x90fc0
> [    1.942060] i915 0000:00:02.0: [drm:dmc_load_work_fn [i915]]  mmio[1]:=
 0x92034 =3D 0xc003df00 (EVT_CTL) (disabling)
> [    1.942138] i915 0000:00:02.0: [drm:dmc_load_work_fn [i915]]  mmio[2]:=
 0x92004 =3D 0x1c00188 (EVT_HTP)
> [    1.942217] i915 0000:00:02.0: [drm:dmc_load_work_fn [i915]]  mmio[3]:=
 0x92038 =3D 0xc003e000 (EVT_CTL) (disabling)
> [    1.942295] i915 0000:00:02.0: [drm:dmc_load_work_fn [i915]]  mmio[4]:=
 0x92008 =3D 0x2b4027c (EVT_HTP)
> [    1.942831] i915 0000:00:02.0: [drm] Finished loading DMC firmware i91=
5/tgl_dmc_ver2_12.bin (v2.12)
> [    1.942792] i915 0000:00:02.0: [drm:intel_fbc_init [i915]] Sanitized e=
nable_fbc value: 1
> [    1.943065] i915 0000:00:02.0: [drm:skl_wm_init [i915]] SAGV supported=
: no, original SAGV block time: 11 us
> [    1.943211] i915 0000:00:02.0: [drm:intel_print_wm_latency [i915]] Gen=
9 Plane WM0 latency 3 (3.0 usec)
> [    1.943328] i915 0000:00:02.0: [drm:intel_print_wm_latency [i915]] Gen=
9 Plane WM1 latency 54 (54.0 usec)
> [    1.943439] i915 0000:00:02.0: [drm:intel_print_wm_latency [i915]] Gen=
9 Plane WM2 latency 54 (54.0 usec)
> [    1.943544] i915 0000:00:02.0: [drm:intel_print_wm_latency [i915]] Gen=
9 Plane WM3 latency 54 (54.0 usec)
> [    1.943625] i915 0000:00:02.0: [drm:intel_print_wm_latency [i915]] Gen=
9 Plane WM4 latency 54 (54.0 usec)
> [    1.943702] i915 0000:00:02.0: [drm:intel_print_wm_latency [i915]] Gen=
9 Plane WM5 latency 73 (73.0 usec)
> [    1.943778] i915 0000:00:02.0: [drm:intel_print_wm_latency [i915]] Gen=
9 Plane WM6 latency 110 (110.0 usec)
> [    1.943854] i915 0000:00:02.0: [drm:intel_print_wm_latency [i915]] Gen=
9 Plane WM7 latency 115 (115.0 usec)
> [    1.944051] i915 0000:00:02.0: [drm:intel_display_driver_probe_nogem [=
i915]] 4 display pipes available.
> [    1.944302] i915 0000:00:02.0: [drm:intel_cdclk_dump_config [i915]] Cu=
rrent CDCLK 652800 kHz, VCO 1305600 kHz, ref 38400 kHz, bypass 19200 kHz, v=
oltage level 3
> [    1.944406] i915 0000:00:02.0: [drm:intel_update_max_cdclk [i915]] Max=
 CD clock rate: 652800 kHz
> [    1.944499] i915 0000:00:02.0: [drm:intel_display_driver_probe_nogem [=
i915]] Max dotclock rate: 1305600 kHz
> [    1.944599] i915 0000:00:02.0: [drm:intel_dp_aux_ch [i915]] [ENCODER:3=
12:DDI A/PHY A] Using AUX CH A (VBT)
> [    1.944690] i915 0000:00:02.0: [drm:intel_dp_init_connector [i915]] Ad=
ding eDP connector on [ENCODER:312:DDI A/PHY A]
> [    1.945093] i915 0000:00:02.0: [drm:intel_opregion_get_panel_type [i91=
5]] Ignoring OpRegion panel type (0)
> [    1.945186] i915 0000:00:02.0: [drm:intel_bios_init_panel [i915]] Pane=
l type (VBT): 2
> [    1.945280] i915 0000:00:02.0: [drm:intel_bios_init_panel [i915]] Sele=
cted panel type (VBT): 2
> [    1.945369] i915 0000:00:02.0: [drm:intel_bios_init_panel [i915]] DRRS=
 supported mode is seamless
> [    1.945458] i915 0000:00:02.0: [drm:intel_bios_init_panel [i915]] Foun=
d panel mode in BIOS VBT legacy lfp table: "1024x768": 60 65000 1024 1048 1=
184 1344 768 771 777 806 0x8 0xa
> [    1.945546] i915 0000:00:02.0: [drm:intel_bios_init_panel [i915]] VBT =
initial LVDS value 300
> [    1.945632] i915 0000:00:02.0: [drm] Panel manufacturer name: MS_, pro=
duct code: 3, serial number: 3, year of manufacture: 2002
> [    1.945634] i915 0000:00:02.0: [drm:intel_bios_init_panel [i915]] Pane=
l name: LFP_PanelName
> [    1.945723] i915 0000:00:02.0: [drm:intel_bios_init_panel [i915]] Seam=
less DRRS min refresh rate: 0 Hz
> [    1.945811] i915 0000:00:02.0: [drm:intel_bios_init_panel [i915]] VBT =
backlight PWM modulation frequency 200 Hz, active high, min brightness 0, l=
evel 255, controller 0
> [    1.945898] i915 0000:00:02.0: [drm:intel_pps_init [i915]] [ENCODER:31=
2:DDI A/PHY A] initial power sequencer: PPS 0
> [    1.946014] i915 0000:00:02.0: [drm:pps_init_delays [i915]] bios t1_t3=
 1 t8 1 t9 1 t10 500 t11_t12 6000
> [    1.946100] i915 0000:00:02.0: [drm:pps_init_delays [i915]] vbt t1_t3 =
2000 t8 10 t9 2000 t10 500 t11_t12 6000
> [    1.946183] i915 0000:00:02.0: [drm:pps_init_delays [i915]] spec t1_t3=
 2100 t8 500 t9 500 t10 5000 t11_t12 6100
> [    1.946265] i915 0000:00:02.0: [drm:pps_init_delays [i915]] panel powe=
r up delay 200, power down delay 50, power cycle delay 600
> [    1.946345] i915 0000:00:02.0: [drm:pps_init_delays [i915]] backlight =
on delay 1, off delay 200
> [    1.946476] i915 0000:00:02.0: [drm:pps_init_registers [i915]] panel p=
ower sequencer register settings: PP_ON 0x7d00001, PP_OFF 0x1f40001, PP_DIV=
 0x60
> [    1.946610] i915 0000:00:02.0: [drm:intel_power_well_enable [i915]] en=
abling AUX_A
> [    1.946732] usb 1-3: new low-speed USB device number 4 using xhci_hcd
> [    1.946722] i915 0000:00:02.0: [drm:intel_pps_vdd_on_unlocked [i915]] =
[ENCODER:312:DDI A/PHY A] PPS 0 turning VDD on
> [    1.946880] i915 0000:00:02.0: [drm:intel_pps_vdd_on_unlocked [i915]] =
[ENCODER:312:DDI A/PHY A] PPS 0 PP_STATUS: 0x80000008 PP_CONTROL: 0x0000006f
> [    1.947484] i915 0000:00:02.0: [drm:drm_dp_read_dpcd_caps [drm_display=
_helper]] AUX A/DDI A/PHY A: DPCD: 11 0a 82 41 00 00 01 c0 02 00 00 00 0f 0=
b 00
> [    1.948005] i915 0000:00:02.0: [drm:drm_dp_read_desc [drm_display_help=
er]] AUX A/DDI A/PHY A: DP sink: OUI 00-1c-f8 dev-ID  HW-rev 0.0 SW-rev 1.1=
6 quirks 0x0000
> [    1.948362] i915 0000:00:02.0: [drm:intel_dp_init_connector [i915]] eD=
P DPCD: 01 fb fd
> [    1.948805] i915 0000:00:02.0: [drm:intel_psr_init_dpcd [i915]] Panel =
replay is not supported by panel
> [    1.953852] i915 0000:00:02.0: [drm:update_display_info.part.0 [drm]] =
[CONNECTOR:313:eDP-1] Supported Monitor Refresh rate range is 48 Hz - 60 Hz
> [    1.953897] i915 0000:00:02.0: [drm:update_display_info.part.0 [drm]] =
[CONNECTOR:313:eDP-1] Assigning EDID-1.4 digital sink color depth as 8 bpc.
> [    1.953926] i915 0000:00:02.0: [drm:update_display_info.part.0 [drm]] =
[CONNECTOR:313:eDP-1] ELD monitor=20
> [    1.953952] i915 0000:00:02.0: [drm:update_display_info.part.0 [drm]] =
[CONNECTOR:313:eDP-1] ELD size 20, SAD count 0
> [    1.953988] i915 0000:00:02.0: [drm:intel_panel_add_edid_fixed_modes [=
i915]] [CONNECTOR:313:eDP-1] using preferred EDID fixed mode: "1920x1080": =
60 166010 1920 2028 2076 2120 1080 1090 1100 1304 0x48 0xa
> [    1.954101] i915 0000:00:02.0: [drm:intel_dp_wait_source_oui [i915]] [=
CONNECTOR:313:eDP-1] Performing OUI wait (30 ms)
> [    1.954568] i915 0000:00:02.0: [drm:intel_panel_init [i915]] [CONNECTO=
R:313:eDP-1] DRRS type: none
> [    1.954680] i915 0000:00:02.0: [drm:cnp_setup_backlight [i915]] [CONNE=
CTOR:313:eDP-1] Using native PCH PWM for backlight control (controller=3D0)
> [    1.954798] i915 0000:00:02.0: [drm:intel_backlight_setup [i915]] [CON=
NECTOR:313:eDP-1] backlight initialized, enabled, brightness 96000/96000
> [    1.954898] i915 0000:00:02.0: [drm:pps_init_delays [i915]] bios t1_t3=
 1 t8 1 t9 1 t10 500 t11_t12 6000
> [    1.954988] i915 0000:00:02.0: [drm:pps_init_delays [i915]] vbt t1_t3 =
2000 t8 10 t9 2000 t10 500 t11_t12 6000
> [    1.955076] i915 0000:00:02.0: [drm:pps_init_delays [i915]] spec t1_t3=
 2100 t8 500 t9 500 t10 5000 t11_t12 6100
> [    1.955164] i915 0000:00:02.0: [drm:pps_init_delays [i915]] panel powe=
r up delay 200, power down delay 50, power cycle delay 600
> [    1.955251] i915 0000:00:02.0: [drm:pps_init_delays [i915]] backlight =
on delay 1, off delay 200
> [    1.955389] i915 0000:00:02.0: [drm:pps_init_registers [i915]] panel p=
ower sequencer register settings: PP_ON 0x7d00001, PP_OFF 0x1f40001, PP_DIV=
 0x60
> [    1.955835] i915 0000:00:02.0: [drm:intel_dp_aux_ch [i915]] [ENCODER:3=
21:DDI B/PHY B] Using AUX CH B (VBT)
> [    1.955925] i915 0000:00:02.0: [drm:intel_dp_init_connector [i915]] Ad=
ding DP connector on [ENCODER:321:DDI B/PHY B]
> [    2.098330] usb 1-3: New USB device found, idVendor=3D4e53, idProduct=
=3D5407, bcdDevice=3D 1.00
> [    2.098333] usb 1-3: New USB device strings: Mfr=3D0, Product=3D1, Ser=
ialNumber=3D0
> [    2.098334] usb 1-3: Product: USB OPTICAL MOUSE=20
> [    2.101511] input: USB OPTICAL MOUSE  as /devices/pci0000:00/0000:00:1=
4.0/usb1/1-3/1-3:1.0/0003:4E53:5407.0004/input/input8
> [    2.101564] hid-generic 0003:4E53:5407.0004: input,hidraw3: USB HID v1=
=2E11 Mouse [USB OPTICAL MOUSE ] on usb-0000:00:14.0-3/input0
> [    2.104731] input: USB OPTICAL MOUSE  Keyboard as /devices/pci0000:00/=
0000:00:14.0/usb1/1-3/1-3:1.1/0003:4E53:5407.0005/input/input9
> [    2.162765] hid-generic 0003:4E53:5407.0005: input,hiddev2,hidraw4: US=
B HID v1.10 Keyboard [USB OPTICAL MOUSE ] on usb-0000:00:14.0-3/input1
> [    2.210864] i915 0000:00:02.0: [drm:drm_dp_dpcd_access [drm_display_he=
lper]] AUX B/DDI B/PHY B: Too many retries, giving up. First error: -6
> [    2.210885] i915 0000:00:02.0: [drm:intel_hdmi_init_connector [i915]] =
Adding HDMI connector on [ENCODER:321:DDI B/PHY B]
> [    2.211021] i915 0000:00:02.0: [drm:intel_hdmi_init_connector [i915]] =
[ENCODER:321:DDI B/PHY B] Using DDC pin 0x2 (VBT)
> [    2.211119] i915 0000:00:02.0: [drm:intel_bios_for_each_encoder [i915]=
] Port B already claimed
> [    2.211225] i915 0000:00:02.0: [drm:intel_dp_aux_ch [i915]] [ENCODER:3=
39:DDI TC1/PHY TC1] Using AUX CH USBC1 (VBT)
> [    2.211313] i915 0000:00:02.0: [drm:intel_power_well_enable [i915]] en=
abling TC_cold_off
> [    2.211421] i915 0000:00:02.0: [drm:intel_power_well_enable [i915]] TC=
 cold block succeeded
> [    2.211516] ------------[ cut here ]------------
> [    2.211517] i915 0000:00:02.0: drm_WARN_ON(val =3D=3D 0xffffffff)
> [    2.211527] WARNING: CPU: 7 PID: 217 at drivers/gpu/drm/i915/display/i=
ntel_tc.c:737 tgl_tc_phy_init+0x103/0x130 [i915]
> [    2.211621] Modules linked in: i915(+) joydev hid_generic usbhid hid n=
vme nvme_core t10_pi crc64_rocksoft crc64 crc_t10dif crct10dif_generic i2c_=
algo_bit cec rc_core drm_buddy ttm drm_display_helper xhci_pci xhci_hcd drm=
_kms_helper crct10dif_pclmul usbcore evdev crct10dif_common crc32c_intel se=
rio_raw drm usb_common vmd video wmi fan
> [    2.211636] CPU: 7 PID: 217 Comm: (udev-worker) Not tainted 6.10.5 #1
> [    2.211639] Hardware name: LENOVO 82MG/LNVNB161216, BIOS H4CN35WW(V2.0=
4) 04/12/2024
> [    2.211640] RIP: 0010:tgl_tc_phy_init+0x103/0x130 [i915]
> [    2.211728] Code: 48 8b 6f 50 48 85 ed 75 03 48 8b 2f e8 76 62 ac d8 4=
8 c7 c1 e8 94 c5 c0 48 89 ea 48 c7 c7 62 a7 c7 c0 48 89 c6 e8 bd a0 2e d8 <=
0f> 0b 48 8b 3b e8 e3 7d f9 ff 89 c1 89 c5 c1 e9 1f c1 ed 1f 8d 14
> [    2.211730] RSP: 0018:ffffb95e40a53608 EFLAGS: 00010286
> [    2.211732] RAX: 0000000000000000 RBX: ffff8e8f919e4800 RCX: c0000000f=
ffdffff
> [    2.211734] RDX: 0000000000000000 RSI: 00000000fffdffff RDI: 000000000=
0000001
> [    2.211735] RBP: ffff8e8f81bf6d30 R08: 0000000000000000 R09: 000000000=
0000003
> [    2.211736] R10: ffffb95e40a53498 R11: ffff8e952f7fffe8 R12: ffff8e8f8=
13ec000
> [    2.211737] R13: ffff8e8f813ec618 R14: 000fffffffe00000 R15: ffff8e8f8=
13ec000
> [    2.211739] FS:  00007f4ce50158c0(0000) GS:ffff8e952e780000(0000) knlG=
S:0000000000000000
> [    2.211740] CS:  0010 DS: 0000 ES: 0000 CR0: 0000000080050033
> [    2.211742] CR2: 000055b901674008 CR3: 0000000102c70004 CR4: 000000000=
0770ef0
> [    2.211743] PKRU: 55555554
> [    2.211744] Call Trace:
> [    2.211747]  <TASK>
> [    2.211749]  ? __warn+0x7c/0x120
> [    2.211753]  ? tgl_tc_phy_init+0x103/0x130 [i915]
> [    2.211839]  ? report_bug+0x160/0x190
> [    2.211842]  ? prb_read_valid+0x17/0x20
> [    2.211845]  ? handle_bug+0x41/0x70
> [    2.211848]  ? exc_invalid_op+0x13/0x60
> [    2.211850]  ? asm_exc_invalid_op+0x16/0x20
> [    2.211853]  ? tgl_tc_phy_init+0x103/0x130 [i915]
> [    2.211937]  ? tgl_tc_phy_init+0x103/0x130 [i915]
> [    2.212021]  intel_tc_port_init+0x17e/0x220 [i915]
> [    2.212109]  intel_ddi_init+0x9fa/0x11d0 [i915]
> [    2.212198]  ? __pfx_intel_ddi_init+0x10/0x10 [i915]
> [    2.212282]  intel_bios_for_each_encoder+0x31/0x50 [i915]
> [    2.212381]  intel_setup_outputs+0x4e0/0xc20 [i915]
> [    2.212479]  intel_display_driver_probe_nogem+0x139/0x220 [i915]
> [    2.212573]  i915_driver_probe+0x63b/0xba0 [i915]
> [    2.212647]  local_pci_probe+0x3e/0x90
> [    2.212651]  pci_device_probe+0xc3/0x240
> [    2.212653]  really_probe+0xd3/0x380
> [    2.212656]  ? __pfx___driver_attach+0x10/0x10
> [    2.212658]  __driver_probe_device+0x78/0x150
> [    2.212660]  driver_probe_device+0x1f/0x90
> [    2.212662]  __driver_attach+0xce/0x1c0
> [    2.212664]  bus_for_each_dev+0x81/0xd0
> [    2.212666]  bus_add_driver+0x10e/0x240
> [    2.212668]  driver_register+0x55/0x100
> [    2.212671]  i915_init+0x1e/0xc0 [i915]
> [    2.212742]  ? __pfx_i915_init+0x10/0x10 [i915]
> [    2.212811]  do_one_initcall+0x54/0x320
