Return-Path: <intel-gfx-bounces@lists.freedesktop.org>
X-Original-To: lists+intel-gfx@lfdr.de
Delivered-To: lists+intel-gfx@lfdr.de
Received: from gabe.freedesktop.org (gabe.freedesktop.org [IPv6:2610:10:20:722:a800:ff:fe36:1795])
	by mail.lfdr.de (Postfix) with ESMTPS id 5AEA134889D
	for <lists+intel-gfx@lfdr.de>; Thu, 25 Mar 2021 06:42:41 +0100 (CET)
Received: from gabe.freedesktop.org (localhost [127.0.0.1])
	by gabe.freedesktop.org (Postfix) with ESMTP id 24EE26EB1A;
	Thu, 25 Mar 2021 05:42:38 +0000 (UTC)
X-Original-To: intel-gfx@lists.freedesktop.org
Delivered-To: intel-gfx@lists.freedesktop.org
Received: from youngberry.canonical.com (youngberry.canonical.com
 [91.189.89.112])
 by gabe.freedesktop.org (Postfix) with ESMTPS id DACF76EB1A
 for <intel-gfx@lists.freedesktop.org>; Thu, 25 Mar 2021 05:42:34 +0000 (UTC)
Received: from [222.129.33.11] (helo=[192.168.1.10])
 by youngberry.canonical.com with esmtpsa
 (TLS1.2:ECDHE_RSA_AES_128_GCM_SHA256:128) (Exim 4.86_2)
 (envelope-from <aaron.ma@canonical.com>)
 id 1lPIlI-00062e-NP; Thu, 25 Mar 2021 05:42:33 +0000
To: lyude@redhat.com, Jani Nikula <jani.nikula@intel.com>
References: <dab3efecceb3e2ad2dc543a7c09fd9de0d55af2d.camel@redhat.com>
From: Aaron Ma <aaron.ma@canonical.com>
Message-ID: <08c1f5e7-dfd2-416a-0c65-bf522dcac6b7@canonical.com>
Date: Thu, 25 Mar 2021 13:42:21 +0800
User-Agent: Mozilla/5.0 (X11; Linux x86_64; rv:78.0) Gecko/20100101
 Thunderbird/78.8.0
MIME-Version: 1.0
In-Reply-To: <dab3efecceb3e2ad2dc543a7c09fd9de0d55af2d.camel@redhat.com>
Content-Type: multipart/mixed; boundary="------------FC9202B3358A08678C16161C"
Content-Language: en-US
Subject: Re: [Intel-gfx] Regarding the laptop with the BOE panel with ID 2270
X-BeenThere: intel-gfx@lists.freedesktop.org
X-Mailman-Version: 2.1.29
Precedence: list
List-Id: Intel graphics driver community testing & development
 <intel-gfx.lists.freedesktop.org>
List-Unsubscribe: <https://lists.freedesktop.org/mailman/options/intel-gfx>,
 <mailto:intel-gfx-request@lists.freedesktop.org?subject=unsubscribe>
List-Archive: <https://lists.freedesktop.org/archives/intel-gfx>
List-Post: <mailto:intel-gfx@lists.freedesktop.org>
List-Help: <mailto:intel-gfx-request@lists.freedesktop.org?subject=help>
List-Subscribe: <https://lists.freedesktop.org/mailman/listinfo/intel-gfx>,
 <mailto:intel-gfx-request@lists.freedesktop.org?subject=subscribe>
Cc: intel-gfx@lists.freedesktop.org
Errors-To: intel-gfx-bounces@lists.freedesktop.org
Sender: "Intel-gfx" <intel-gfx-bounces@lists.freedesktop.org>

This is a multi-part message in MIME format.
--------------FC9202B3358A08678C16161C
Content-Type: text/plain; charset=utf-8; format=flowed
Content-Transfer-Encoding: quoted-printable

Hi Lyude,

I have tested this BOE2270 panel which belong to ThinkPad P17, and metion=
 it in
the issue #3158, even with your patch:
"drm/i915/dpcd_bl: Don't try vesa interface unless specified by VBT"

drm-tip with/without "i915.enable_dpcd_backlight=3D3", backlight always c=
an work as expected.
log is attached.

Looks like both of PWM and AUX can work on 5.12-rc kernel, but not sure w=
hich commit
did it.

BR,
Aaron

On 3/25/21 4:58 AM, Lyude Paul wrote:
> Hey Aaron! A while ago you submitted some patches for a machine that ap=
pears to
> have needed the VESA backlight interface in order to control the panel =
backlight
> on it:
>
> https://patchwork.freedesktop.org/patch/394371/
>
> We're currently dealing with a different laptop where the machine adver=
tises
> VESA backlight support, which we end up defaulting to after failing to =
probe for
> the Intel backlight interface, but this backlight interface appears to =
be
> broken:
>
> https://gitlab.freedesktop.org/drm/intel/-/issues/3158
>
> The fix I was hoping to do was to just not attempt probing for the VESA=

> backlight interface, but if we did that then it's possible that the bac=
klight
> controls for the machine you submitted your patch for would stop workin=
g out of
> the box. However, it occurred to me that we never tried the Intel backl=
ight
> interface on your machine - and if it works there, then we'd likely be =
able to
> require the VBT to advertise VESA support before using it and fix the m=
achine in
> the gitlab issue I've linked.
>
> Do you think you could test this for us? If you build the latest kernel=
 from
> drm-tip, the easiest way should be to boot up with
> "i915.enable_dpcd_backlight=3D3" and just see if your backlight control=
s still
> work as expected.


--------------FC9202B3358A08678C16161C
Content-Type: text/x-log; charset=UTF-8;
 name="drm-tip-dpcd-bl-3.log"
Content-Transfer-Encoding: quoted-printable
Content-Disposition: attachment;
 filename="drm-tip-dpcd-bl-3.log"

[    0.000000] Linux version 5.12.0-rc4+ (u@u-ThinkPad-P17-Gen-1) (gcc (U=
buntu 9.3.0-17ubuntu1~20.04) 9.3.0, GNU ld (GNU Binutils for Ubuntu) 2.34=
) #47 SMP Thu Mar 25 09:59:44 CST 2021
[    0.000000] Command line: BOOT_IMAGE=3D/boot/vmlinuz-s2idle root=3DPAR=
TUUID=3D8a29db6b-cc72-4579-9291-ca3a19a86b25 ro ignore_loglevel debug ini=
tcall_debug no_console_suspend log_buf_len=3D256M rootwait drm.debug=3D0x=
114 module_blacklist=3Dnouveau acpi.dyndbg=3D i915.enable_dpcd_backlight=3D=
3
[    0.000000] KERNEL supported cpus:
[    0.000000]   Intel GenuineIntel
[    0.000000]   AMD AuthenticAMD
[    0.000000]   Hygon HygonGenuine
[    0.000000]   Centaur CentaurHauls
[    0.000000]   zhaoxin   Shanghai =20
[    0.000000] x86/fpu: Supporting XSAVE feature 0x001: 'x87 floating poi=
nt registers'
[    0.000000] x86/fpu: Supporting XSAVE feature 0x002: 'SSE registers'
[    0.000000] x86/fpu: Supporting XSAVE feature 0x004: 'AVX registers'
[    0.000000] x86/fpu: Supporting XSAVE feature 0x008: 'MPX bounds regis=
ters'
[    0.000000] x86/fpu: Supporting XSAVE feature 0x010: 'MPX CSR'
[    0.000000] x86/fpu: Supporting XSAVE feature 0x200: 'Protection Keys =
User registers'
[    0.000000] x86/fpu: xstate_offset[2]:  576, xstate_sizes[2]:  256
[    0.000000] x86/fpu: xstate_offset[3]:  832, xstate_sizes[3]:   64
[    0.000000] x86/fpu: xstate_offset[4]:  896, xstate_sizes[4]:   64
[    0.000000] x86/fpu: xstate_offset[9]:  960, xstate_sizes[9]:    8
[    0.000000] x86/fpu: Enabled xstate features 0x21f, context size is 96=
8 bytes, using 'compacted' format.
[    0.000000] BIOS-provided physical RAM map:
[    0.000000] BIOS-e820: [mem 0x0000000000000000-0x000000000009efff] usa=
ble
[    0.000000] BIOS-e820: [mem 0x000000000009f000-0x00000000000fffff] res=
erved
[    0.000000] BIOS-e820: [mem 0x0000000000100000-0x00000000aa5b6fff] usa=
ble
[    0.000000] BIOS-e820: [mem 0x00000000aa5b7000-0x00000000ae794fff] res=
erved
[    0.000000] BIOS-e820: [mem 0x00000000ae795000-0x00000000afb1efff] ACP=
I NVS
[    0.000000] BIOS-e820: [mem 0x00000000afb1f000-0x00000000afc4efff] ACP=
I data
[    0.000000] BIOS-e820: [mem 0x00000000afc4f000-0x00000000afc4ffff] usa=
ble
[    0.000000] BIOS-e820: [mem 0x00000000afc50000-0x00000000b7ffffff] res=
erved
[    0.000000] BIOS-e820: [mem 0x00000000b8000000-0x00000000b8bfffff] usa=
ble
[    0.000000] BIOS-e820: [mem 0x00000000b8c00000-0x00000000be7fffff] res=
erved
[    0.000000] BIOS-e820: [mem 0x0000000100000000-0x000000083f7fffff] usa=
ble
[    0.000000] printk: debug: ignoring loglevel setting.
[    0.000000] NX (Execute Disable) protection: active
[    0.000000] e820: update [mem 0x88301018-0x88311057] usable =3D=3D> us=
able
[    0.000000] e820: update [mem 0x88301018-0x88311057] usable =3D=3D> us=
able
[    0.000000] extended physical RAM map:
[    0.000000] reserve setup_data: [mem 0x0000000000000000-0x000000000009=
efff] usable
[    0.000000] reserve setup_data: [mem 0x000000000009f000-0x00000000000f=
ffff] reserved
[    0.000000] reserve setup_data: [mem 0x0000000000100000-0x000000008830=
1017] usable
[    0.000000] reserve setup_data: [mem 0x0000000088301018-0x000000008831=
1057] usable
[    0.000000] reserve setup_data: [mem 0x0000000088311058-0x00000000aa5b=
6fff] usable
[    0.000000] reserve setup_data: [mem 0x00000000aa5b7000-0x00000000ae79=
4fff] reserved
[    0.000000] reserve setup_data: [mem 0x00000000ae795000-0x00000000afb1=
efff] ACPI NVS
[    0.000000] reserve setup_data: [mem 0x00000000afb1f000-0x00000000afc4=
efff] ACPI data
[    0.000000] reserve setup_data: [mem 0x00000000afc4f000-0x00000000afc4=
ffff] usable
[    0.000000] reserve setup_data: [mem 0x00000000afc50000-0x00000000b7ff=
ffff] reserved
[    0.000000] reserve setup_data: [mem 0x00000000b8000000-0x00000000b8bf=
ffff] usable
[    0.000000] reserve setup_data: [mem 0x00000000b8c00000-0x00000000be7f=
ffff] reserved
[    0.000000] reserve setup_data: [mem 0x0000000100000000-0x000000083f7f=
ffff] usable
[    0.000000] efi: EFI v2.70 by Lenovo
[    0.000000] efi: TPMFinalLog=3D0xafb17000 SMBIOS=3D0xacbb8000 SMBIOS 3=
=2E0=3D0xacbab000 ACPI=3D0xafc4e000 ACPI 2.0=3D0xafc4e014 MEMATTR=3D0xa70=
36018 ESRT=3D0xab038000 RNG=3D0xacbb9918 TPMEventLog=3D0x896a9018=20
[    0.000000] efi: seeding entropy pool
[    0.000000] random: fast init done
[    0.000000] SMBIOS 3.2.0 present.
[    0.000000] DMI: LENOVO 20SN0SIT14/20SN0SIT14, BIOS N30ET29W (1.12 ) 0=
9/08/2020
[    0.000000] tsc: Detected 2600.000 MHz processor
[    0.000000] tsc: Detected 2599.992 MHz TSC
[    0.000007] e820: update [mem 0x00000000-0x00000fff] usable =3D=3D> re=
served
[    0.000011] e820: remove [mem 0x000a0000-0x000fffff] usable
[    0.000017] last_pfn =3D 0x83f800 max_arch_pfn =3D 0x400000000
[    0.000187] x86/PAT: Configuration [0-7]: WB  WC  UC- UC  WB  WP  UC- =
WT =20
[    0.001689] last_pfn =3D 0xb8c00 max_arch_pfn =3D 0x400000000
[    0.010220] esrt: Reserving ESRT space from 0x00000000ab038000 to 0x00=
000000ab038100.
[    0.010233] check: Scanning 1 areas for low memory corruption
[    0.010239] Using GB pages for direct mapping
[    0.153972] printk: log_buf_len: 268435456 bytes
[    0.153975] printk: early log buf free: 257528(98%)
[    0.153977] Secure boot disabled
[    0.153988] ACPI: Early table checksum verification disabled
[    0.153992] ACPI: RSDP 0x00000000AFC4E014 000024 (v02 LENOVO)
[    0.153998] ACPI: XSDT 0x00000000AFC4C188 000124 (v01 LENOVO TP-N30   =
000010C0 PTEC 00000002)
[    0.154005] ACPI: FACP 0x00000000ACA60000 000114 (v06 LENOVO TP-N30   =
000010C0 PTEC 00000002)
[    0.154011] ACPI: DSDT 0x00000000ACA30000 02B975 (v02 LENOVO CML      =
20170001 INTL 20160422)
[    0.154015] ACPI: FACS 0x00000000AF95D000 000040
[    0.154019] ACPI: SSDT 0x00000000ACABC000 0020AE (v02 LENOVO CpuSsdt  =
00003000 INTL 20160527)
[    0.154023] ACPI: SSDT 0x00000000ACABB000 0005A1 (v02 LENOVO CtdpB    =
00001000 INTL 20160527)
[    0.154027] ACPI: SSDT 0x00000000ACA7E000 003A8F (v02 LENOVO DptfTabl =
00001000 INTL 20160527)
[    0.154030] ACPI: SSDT 0x00000000ACA68000 00331E (v02 LENOVO SaSsdt   =
00003000 INTL 20160527)
[    0.154034] ACPI: SSDT 0x00000000ACA65000 002E1C (v02 LENOVO PegSsdt  =
00001000 INTL 20160527)
[    0.154038] ACPI: SSDT 0x00000000ACA64000 00060E (v02 LENOVO Tpm2Tabl =
00001000 INTL 20160527)
[    0.154042] ACPI: TPM2 0x00000000ACA63000 000034 (v04 LENOVO TP-N30   =
000010C0 PTEC 00000002)
[    0.154048] ACPI: SSDT 0x00000000ACA61000 0005D8 (v02 LENOVO PerfTune =
00001000 INTL 20160527)
[    0.154051] ACPI: HPET 0x00000000ACA5F000 000038 (v01 LENOVO TP-N30   =
000010C0 PTEC 00000002)
[    0.154055] ACPI: APIC 0x00000000ACA5E000 000164 (v03 LENOVO TP-N30   =
000010C0 PTEC 00000002)
[    0.154059] ACPI: MCFG 0x00000000ACA5D000 00003C (v01 LENOVO TP-N30   =
000010C0 PTEC 00000002)
[    0.154063] ACPI: ECDT 0x00000000ACA5C000 000053 (v01 LENOVO TP-N30   =
000010C0 PTEC 00000002)
[    0.154066] ACPI: SSDT 0x00000000ACA2E000 001ED1 (v02 LENOVO CflH_Tbt =
00001000 INTL 20160527)
[    0.154070] ACPI: SSDT 0x00000000ACA2D000 0000A6 (v02 LENOVO PID0Ssdt =
00000010 INTL 20160527)
[    0.154074] ACPI: SSDT 0x00000000ACA29000 003F3D (v02 LENOVO ProjSsdt =
00000010 INTL 20160527)
[    0.154078] ACPI: NHLT 0x00000000ACA28000 00002D (v00 LENOVO TP-N30   =
000010C0 PTEC 00000002)
[    0.154082] ACPI: BOOT 0x00000000ACA27000 000028 (v01 LENOVO TP-N30   =
000010C0 PTEC 00000002)
[    0.154086] ACPI: SSDT 0x00000000ACA24000 000EF6 (v02 LENOVO UsbCTabl =
00001000 INTL 20160527)
[    0.154089] ACPI: LPIT 0x00000000ACA23000 000094 (v01 LENOVO TP-N30   =
000010C0 PTEC 00000002)
[    0.154093] ACPI: WSMT 0x00000000ACA22000 000028 (v01 LENOVO TP-N30   =
000010C0 PTEC 00000002)
[    0.154097] ACPI: SSDT 0x00000000ACA1F000 00281B (v02 LENOVO TbtTypeC =
00000000 INTL 20160527)
[    0.154101] ACPI: DBGP 0x00000000ACA1E000 000034 (v01 LENOVO TP-N30   =
000010C0 PTEC 00000002)
[    0.154104] ACPI: DBG2 0x00000000ACA1D000 000054 (v00 LENOVO TP-N30   =
000010C0 PTEC 00000002)
[    0.154108] ACPI: POAT 0x00000000ACA1C000 000055 (v03 LENOVO TP-N30   =
000010C0 PTEC 00000002)
[    0.154112] ACPI: BATB 0x00000000AC83F000 00004A (v02 LENOVO TP-N30   =
000010C0 PTEC 00000002)
[    0.154116] ACPI: SSDT 0x00000000AB036000 001D2E (v01 LENOVO NvOptTbl =
00001000 INTL 20160527)
[    0.154119] ACPI: SSDT 0x00000000AB035000 0000AE (v02 LENOVO SgPeg    =
00001000 INTL 20160527)
[    0.154123] ACPI: DMAR 0x00000000ACA26000 0000A8 (v01 LENOVO TP-N30   =
000010C0 PTEC 00000002)
[    0.154127] ACPI: BGRT 0x00000000AB034000 000038 (v01 LENOVO TP-N30   =
000010C0 PTEC 00000002)
[    0.154131] ACPI: UEFI 0x00000000AF8DF000 00012A (v01 LENOVO TP-N30   =
000010C0 PTEC 00000002)
[    0.154134] ACPI: FPDT 0x00000000AB033000 000044 (v01 LENOVO TP-N30   =
000010C0 PTEC 000010C0)
[    0.154143] ACPI: Local APIC address 0xfee00000
[    0.154446] No NUMA configuration found
[    0.154448] Faking a node at [mem 0x0000000000000000-0x000000083f7ffff=
f]
[    0.154459] NODE_DATA(0) allocated [mem 0x7f77d5000-0x7f77fffff]
[    0.154798] cma: Reserved 32 MiB at 0x0000000100000000
[    0.154843] Zone ranges:
[    0.154844]   DMA      [mem 0x0000000000001000-0x0000000000ffffff]
[    0.154847]   DMA32    [mem 0x0000000001000000-0x00000000ffffffff]
[    0.154849]   Normal   [mem 0x0000000100000000-0x000000083f7fffff]
[    0.154851]   Device   empty
[    0.154853] Movable zone start for each node
[    0.154858] Early memory node ranges
[    0.154859]   node   0: [mem 0x0000000000001000-0x000000000009efff]
[    0.154861]   node   0: [mem 0x0000000000100000-0x00000000aa5b6fff]
[    0.154862]   node   0: [mem 0x00000000afc4f000-0x00000000afc4ffff]
[    0.154864]   node   0: [mem 0x00000000b8000000-0x00000000b8bfffff]
[    0.154865]   node   0: [mem 0x0000000100000000-0x000000083f7fffff]
[    0.154869] Initmem setup node 0 [mem 0x0000000000001000-0x000000083f7=
fffff]
[    0.154872] On node 0 totalpages: 8300886
[    0.154873]   DMA zone: 64 pages used for memmap
[    0.154875]   DMA zone: 22 pages reserved
[    0.154876]   DMA zone: 3998 pages, LIFO batch:0
[    0.155229]   DMA zone: 28770 pages in unavailable ranges
[    0.155231]   DMA32 zone: 10887 pages used for memmap
[    0.155233]   DMA32 zone: 696760 pages, LIFO batch:63
[    0.159914]   DMA32 zone: 52808 pages in unavailable ranges
[    0.159916]   Normal zone: 118752 pages used for memmap
[    0.159917]   Normal zone: 7600128 pages, LIFO batch:63
[    0.204335]   Normal zone: 2048 pages in unavailable ranges
[    0.204376] Reserving Intel graphics memory at [mem 0xba800000-0xbe7ff=
fff]
[    0.204854] ACPI: PM-Timer IO Port: 0x1808
[    0.204856] ACPI: Local APIC address 0xfee00000
[    0.204864] ACPI: LAPIC_NMI (acpi_id[0x01] high edge lint[0x1])
[    0.204866] ACPI: LAPIC_NMI (acpi_id[0x02] high edge lint[0x1])
[    0.204867] ACPI: LAPIC_NMI (acpi_id[0x03] high edge lint[0x1])
[    0.204869] ACPI: LAPIC_NMI (acpi_id[0x04] high edge lint[0x1])
[    0.204870] ACPI: LAPIC_NMI (acpi_id[0x05] high edge lint[0x1])
[    0.204871] ACPI: LAPIC_NMI (acpi_id[0x06] high edge lint[0x1])
[    0.204872] ACPI: LAPIC_NMI (acpi_id[0x07] high edge lint[0x1])
[    0.204874] ACPI: LAPIC_NMI (acpi_id[0x08] high edge lint[0x1])
[    0.204875] ACPI: LAPIC_NMI (acpi_id[0x09] high edge lint[0x1])
[    0.204876] ACPI: LAPIC_NMI (acpi_id[0x0a] high edge lint[0x1])
[    0.204877] ACPI: LAPIC_NMI (acpi_id[0x0b] high edge lint[0x1])
[    0.204879] ACPI: LAPIC_NMI (acpi_id[0x0c] high edge lint[0x1])
[    0.204880] ACPI: LAPIC_NMI (acpi_id[0x0d] high edge lint[0x1])
[    0.204881] ACPI: LAPIC_NMI (acpi_id[0x0e] high edge lint[0x1])
[    0.204882] ACPI: LAPIC_NMI (acpi_id[0x0f] high edge lint[0x1])
[    0.204883] ACPI: LAPIC_NMI (acpi_id[0x10] high edge lint[0x1])
[    0.204885] ACPI: LAPIC_NMI (acpi_id[0x11] high edge lint[0x1])
[    0.204886] ACPI: LAPIC_NMI (acpi_id[0x12] high edge lint[0x1])
[    0.204887] ACPI: LAPIC_NMI (acpi_id[0x13] high edge lint[0x1])
[    0.204889] ACPI: LAPIC_NMI (acpi_id[0x14] high edge lint[0x1])
[    0.204922] IOAPIC[0]: apic_id 2, version 32, address 0xfec00000, GSI =
0-119
[    0.204926] ACPI: INT_SRC_OVR (bus 0 bus_irq 0 global_irq 2 dfl dfl)
[    0.204928] ACPI: INT_SRC_OVR (bus 0 bus_irq 9 global_irq 9 high level=
)
[    0.204931] ACPI: IRQ0 used by override.
[    0.204932] ACPI: IRQ9 used by override.
[    0.204935] Using ACPI (MADT) for SMP configuration information
[    0.204936] ACPI: HPET id: 0x8086a201 base: 0xfed00000
[    0.204949] e820: update [mem 0xa6a37000-0xa6c77fff] usable =3D=3D> re=
served
[    0.204959] TSC deadline timer available
[    0.204960] smpboot: Allowing 12 CPUs, 0 hotplug CPUs
[    0.204975] PM: hibernation: Registered nosave memory: [mem 0x00000000=
-0x00000fff]
[    0.204977] PM: hibernation: Registered nosave memory: [mem 0x0009f000=
-0x000fffff]
[    0.204980] PM: hibernation: Registered nosave memory: [mem 0x88301000=
-0x88301fff]
[    0.204982] PM: hibernation: Registered nosave memory: [mem 0x88311000=
-0x88311fff]
[    0.204984] PM: hibernation: Registered nosave memory: [mem 0xa6a37000=
-0xa6c77fff]
[    0.204986] PM: hibernation: Registered nosave memory: [mem 0xaa5b7000=
-0xae794fff]
[    0.204987] PM: hibernation: Registered nosave memory: [mem 0xae795000=
-0xafb1efff]
[    0.204988] PM: hibernation: Registered nosave memory: [mem 0xafb1f000=
-0xafc4efff]
[    0.204991] PM: hibernation: Registered nosave memory: [mem 0xafc50000=
-0xb7ffffff]
[    0.204993] PM: hibernation: Registered nosave memory: [mem 0xb8c00000=
-0xbe7fffff]
[    0.204994] PM: hibernation: Registered nosave memory: [mem 0xbe800000=
-0xffffffff]
[    0.204996] [mem 0xbe800000-0xffffffff] available for PCI devices
[    0.204998] Booting paravirtualized kernel on bare hardware
[    0.205000] clocksource: refined-jiffies: mask: 0xffffffff max_cycles:=
 0xffffffff, max_idle_ns: 7645519600211568 ns
[    0.205008] setup_percpu: NR_CPUS:8192 nr_cpumask_bits:12 nr_cpu_ids:1=
2 nr_node_ids:1
[    0.205353] percpu: Embedded 56 pages/cpu s192512 r8192 d28672 u262144=

[    0.205361] pcpu-alloc: s192512 r8192 d28672 u262144 alloc=3D1*2097152=

[    0.205364] pcpu-alloc: [0] 00 01 02 03 04 05 06 07 [0] 08 09 10 11 --=
 -- -- --=20
[    0.205402] Built 1 zonelists, mobility grouping on.  Total pages: 817=
1161
[    0.205404] Policy zone: Normal
[    0.205407] Kernel command line: BOOT_IMAGE=3D/boot/vmlinuz-s2idle roo=
t=3DPARTUUID=3D8a29db6b-cc72-4579-9291-ca3a19a86b25 ro ignore_loglevel de=
bug initcall_debug no_console_suspend log_buf_len=3D256M rootwait drm.deb=
ug=3D0x114 module_blacklist=3Dnouveau acpi.dyndbg=3D i915.enable_dpcd_bac=
klight=3D3
[    0.207503] Dentry cache hash table entries: 4194304 (order: 13, 33554=
432 bytes, linear)
[    0.208452] Inode-cache hash table entries: 2097152 (order: 12, 167772=
16 bytes, linear)
[    0.208574] mem auto-init: stack:off, heap alloc:on, heap free:off
[    0.277319] Memory: 31245724K/33203544K available (16394K kernel code,=
 3606K rwdata, 5692K rodata, 2708K init, 5816K bss, 1924792K reserved, 32=
768K cma-reserved)
[    0.277327] random: get_random_u64 called from __kmem_cache_create+0x2=
d/0x430 with crng_init=3D1
[    0.277456] SLUB: HWalign=3D64, Order=3D0-3, MinObjects=3D0, CPUs=3D12=
, Nodes=3D1
[    0.277469] ftrace: allocating 50252 entries in 197 pages
[    0.296509] ftrace: allocated 197 pages with 4 groups
[    0.296629] rcu: Hierarchical RCU implementation.
[    0.296631] rcu: 	RCU restricting CPUs from NR_CPUS=3D8192 to nr_cpu_i=
ds=3D12.
[    0.296633] 	Rude variant of Tasks RCU enabled.
[    0.296634] 	Tracing variant of Tasks RCU enabled.
[    0.296635] rcu: RCU calculated value of scheduler-enlistment delay is=
 25 jiffies.
[    0.296636] rcu: Adjusting geometry for rcu_fanout_leaf=3D16, nr_cpu_i=
ds=3D12
[    0.300820] NR_IRQS: 524544, nr_irqs: 2152, preallocated irqs: 16
[    0.301248] random: crng done (trusting CPU's manufacturer)
[    0.301269] calling  con_init+0x0/0x247 @ 0
[    0.301285] Console: colour dummy device 80x25
[    0.301604] printk: console [tty0] enabled
[    0.301607] initcall con_init+0x0/0x247 returned 0 after 0 usecs
[    0.301612] calling  hvc_console_init+0x0/0x19 @ 0
[    0.301617] initcall hvc_console_init+0x0/0x19 returned 0 after 0 usec=
s
[    0.301622] calling  xen_cons_init+0x0/0x60 @ 0
[    0.301626] initcall xen_cons_init+0x0/0x60 returned 0 after 0 usecs
[    0.301629] calling  univ8250_console_init+0x0/0x2d @ 0
[    0.301636] initcall univ8250_console_init+0x0/0x2d returned 0 after 0=
 usecs
[    0.301641] calling  kgdboc_earlycon_late_init+0x0/0x25 @ 0
[    0.301644] initcall kgdboc_earlycon_late_init+0x0/0x25 returned 0 aft=
er 0 usecs
[    0.301661] ACPI: Core revision 20210105
[    0.302108] clocksource: hpet: mask: 0xffffffff max_cycles: 0xffffffff=
, max_idle_ns: 79635855245 ns
[    0.302199] APIC: Switch to symmetric I/O mode setup
[    0.302202] DMAR: Host address width 39
[    0.302205] DMAR: DRHD base: 0x000000fed90000 flags: 0x0
[    0.302211] DMAR: dmar0: reg_base_addr fed90000 ver 1:0 cap 1c0000c406=
60462 ecap 19e2ff0505e
[    0.302215] DMAR: DRHD base: 0x000000fed91000 flags: 0x1
[    0.302220] DMAR: dmar1: reg_base_addr fed91000 ver 1:0 cap d2008c4066=
0462 ecap f050da
[    0.302223] DMAR: RMRR base: 0x000000ae74f000 end: 0x000000ae76efff
[    0.302226] DMAR: RMRR base: 0x000000ba000000 end: 0x000000be7fffff
[    0.302229] DMAR-IR: IOAPIC id 2 under DRHD base  0xfed91000 IOMMU 1
[    0.302232] DMAR-IR: HPET id 0 under DRHD base 0xfed91000
[    0.302234] DMAR-IR: Queued invalidation will be enabled to support x2=
apic and Intr-remapping.
[    0.304165] DMAR-IR: Enabled IRQ remapping in x2apic mode
[    0.304169] x2apic enabled
[    0.304192] Switched APIC routing to cluster x2apic.
[    0.309577] ..TIMER: vector=3D0x30 apic1=3D0 pin1=3D2 apic2=3D-1 pin2=3D=
-1
[    0.326091] clocksource: tsc-early: mask: 0xffffffffffffffff max_cycle=
s: 0x257a34a6eea, max_idle_ns: 440795264358 ns
[    0.326099] Calibrating delay loop (skipped), value calculated using t=
imer frequency.. 5199.98 BogoMIPS (lpj=3D10399968)
[    0.326104] pid_max: default: 32768 minimum: 301
[    0.328944] LSM: Security Framework initializing
[    0.328956] Yama: becoming mindful.
[    0.328979] AppArmor: AppArmor initialized
[    0.329063] Mount-cache hash table entries: 65536 (order: 7, 524288 by=
tes, linear)
[    0.329110] Mountpoint-cache hash table entries: 65536 (order: 7, 5242=
88 bytes, linear)
[    0.329369] CPU0: Thermal monitoring enabled (TM1)
[    0.329413] process: using mwait in idle threads
[    0.329417] Last level iTLB entries: 4KB 64, 2MB 8, 4MB 8
[    0.329419] Last level dTLB entries: 4KB 64, 2MB 0, 4MB 0, 1GB 4
[    0.329424] Spectre V1 : Mitigation: usercopy/swapgs barriers and __us=
er pointer sanitization
[    0.329428] Spectre V2 : Mitigation: Enhanced IBRS
[    0.329429] Spectre V2 : Spectre v2 / SpectreRSB mitigation: Filling R=
SB on context switch
[    0.329433] Spectre V2 : mitigation: Enabling conditional Indirect Bra=
nch Prediction Barrier
[    0.329436] Speculative Store Bypass: Mitigation: Speculative Store By=
pass disabled via prctl and seccomp
[    0.329701] Freeing SMP alternatives memory: 44K
[    0.334171] smpboot: Estimated ratio of average max frequency by base =
frequency (times 1024): 1811
[    0.334192] smpboot: CPU0: Intel(R) Core(TM) i7-10750H CPU @ 2.60GHz (=
family: 0x6, model: 0xa5, stepping: 0x2)
[    0.334317] calling  init_hw_perf_events+0x0/0x782 @ 1
[    0.334324] Performance Events: PEBS fmt3+, Skylake events, 32-deep LB=
R, full-width counters, Intel PMU driver.
[    0.334336] ... version:                4
[    0.334337] ... bit width:              48
[    0.334339] ... generic registers:      4
[    0.334340] ... value mask:             0000ffffffffffff
[    0.334342] ... max period:             00007fffffffffff
[    0.334344] ... fixed-purpose events:   3
[    0.334345] ... event mask:             000000070000000f
[    0.334420] initcall init_hw_perf_events+0x0/0x782 returned 0 after 0 =
usecs
[    0.334424] calling  init_real_mode+0x0/0x20a @ 1
[    0.334434] initcall init_real_mode+0x0/0x20a returned 0 after 0 usecs=

[    0.334437] calling  trace_init_perf_perm_irq_work_exit+0x0/0x18 @ 1
[    0.334440] initcall trace_init_perf_perm_irq_work_exit+0x0/0x18 retur=
ned 0 after 0 usecs
[    0.334444] calling  register_nmi_cpu_backtrace_handler+0x0/0x1b @ 1
[    0.334448] initcall register_nmi_cpu_backtrace_handler+0x0/0x1b retur=
ned 0 after 0 usecs
[    0.334451] calling  numachip_system_init+0x0/0x6b @ 1
[    0.334455] initcall numachip_system_init+0x0/0x6b returned 0 after 0 =
usecs
[    0.334458] calling  kvm_setup_vsyscall_timeinfo+0x0/0x128 @ 1
[    0.334462] initcall kvm_setup_vsyscall_timeinfo+0x0/0x128 returned 0 =
after 0 usecs
[    0.334466] calling  spawn_ksoftirqd+0x0/0x3e @ 1
[    0.334485] initcall spawn_ksoftirqd+0x0/0x3e returned 0 after 0 usecs=

[    0.334489] calling  migration_init+0x0/0x39 @ 1
[    0.334492] initcall migration_init+0x0/0x39 returned 0 after 0 usecs
[    0.334495] calling  srcu_bootup_announce+0x0/0x35 @ 1
[    0.334499] rcu: Hierarchical SRCU implementation.
[    0.334501] initcall srcu_bootup_announce+0x0/0x35 returned 0 after 0 =
usecs
[    0.334505] calling  rcu_spawn_core_kthreads+0x0/0x7e @ 1
[    0.334509] initcall rcu_spawn_core_kthreads+0x0/0x7e returned 0 after=
 0 usecs
[    0.334513] calling  rcu_spawn_gp_kthread+0x0/0x138 @ 1
[    0.334528] initcall rcu_spawn_gp_kthread+0x0/0x138 returned 0 after 0=
 usecs
[    0.334532] calling  check_cpu_stall_init+0x0/0x20 @ 1
[    0.334536] initcall check_cpu_stall_init+0x0/0x20 returned 0 after 0 =
usecs
[    0.334540] calling  rcu_sysrq_init+0x0/0x28 @ 1
[    0.334544] initcall rcu_sysrq_init+0x0/0x28 returned 0 after 0 usecs
[    0.334547] calling  trace_init_flags_sys_enter+0x0/0x14 @ 1
[    0.334552] initcall trace_init_flags_sys_enter+0x0/0x14 returned 0 af=
ter 0 usecs
[    0.334556] calling  trace_init_flags_sys_exit+0x0/0x14 @ 1
[    0.334560] initcall trace_init_flags_sys_exit+0x0/0x14 returned 0 aft=
er 0 usecs
[    0.334564] calling  cpu_stop_init+0x0/0x8f @ 1
[    0.334581] initcall cpu_stop_init+0x0/0x8f returned 0 after 0 usecs
[    0.334584] calling  init_kprobes+0x0/0x184 @ 1
[    0.334868] initcall init_kprobes+0x0/0x184 returned 0 after 0 usecs
[    0.334872] calling  init_events+0x0/0x42 @ 1
[    0.334878] initcall init_events+0x0/0x42 returned 0 after 0 usecs
[    0.334881] calling  init_trace_printk+0x0/0x12 @ 1
[    0.334884] initcall init_trace_printk+0x0/0x12 returned 0 after 0 use=
cs
[    0.334887] calling  event_trace_enable_again+0x0/0x44 @ 1
[    0.334891] initcall event_trace_enable_again+0x0/0x44 returned 0 afte=
r 0 usecs
[    0.334894] calling  static_call_init+0x0/0x86 @ 1
[    0.334898] initcall static_call_init+0x0/0x86 returned 0 after 0 usec=
s
[    0.334902] calling  jump_label_init_module+0x0/0x17 @ 1
[    0.334905] initcall jump_label_init_module+0x0/0x17 returned 0 after =
0 usecs
[    0.334909] calling  dynamic_debug_init+0x0/0x1cb @ 1
[    0.334996] initcall dynamic_debug_init+0x0/0x1cb returned 0 after 0 u=
secs
[    0.335000] calling  initialize_ptr_random+0x0/0x50 @ 1
[    0.335009] initcall initialize_ptr_random+0x0/0x50 returned 0 after 0=
 usecs
[    0.335013] calling  efi_memreserve_root_init+0x0/0x2e @ 1
[    0.335017] initcall efi_memreserve_root_init+0x0/0x2e returned 0 afte=
r 0 usecs
[    0.335021] calling  efi_earlycon_remap_fb+0x0/0x57 @ 1
[    0.335025] initcall efi_earlycon_remap_fb+0x0/0x57 returned 0 after 0=
 usecs
[    0.335028] calling  idle_inject_init+0x0/0x17 @ 1
[    0.335046] initcall idle_inject_init+0x0/0x17 returned 0 after 0 usec=
s
[    0.335533] NMI watchdog: Enabled. Permanently consumes one hw-PMU cou=
nter.
[    0.335628] smp: Bringing up secondary CPUs ...
[    0.335720] x86: Booting SMP configuration:
[    0.335723] .... node  #0, CPUs:        #1  #2  #3  #4  #5  #6  #7  #8=
  #9 #10 #11
[    0.342720] smp: Brought up 1 node, 12 CPUs
[    0.342720] smpboot: Max logical packages: 1
[    0.342720] smpboot: Total of 12 processors activated (62399.80 BogoMI=
PS)
[    0.347183] devtmpfs: initialized
[    0.347183] x86/mm: Memory block size: 128MB
[    0.348159] calling  bpf_jit_charge_init+0x0/0x3a @ 1
[    0.348167] initcall bpf_jit_charge_init+0x0/0x3a returned 0 after 0 u=
secs
[    0.348171] calling  ipc_ns_init+0x0/0x45 @ 1
[    0.348177] initcall ipc_ns_init+0x0/0x45 returned 0 after 0 usecs
[    0.348181] calling  init_mmap_min_addr+0x0/0x1b @ 1
[    0.348186] initcall init_mmap_min_addr+0x0/0x1b returned 0 after 0 us=
ecs
[    0.348191] calling  pci_realloc_setup_params+0x0/0x4b @ 1
[    0.348195] initcall pci_realloc_setup_params+0x0/0x4b returned 0 afte=
r 0 usecs
[    0.348200] calling  net_ns_init+0x0/0x116 @ 1
[    0.348213] initcall net_ns_init+0x0/0x116 returned 0 after 0 usecs
[    0.348213] calling  inet_frag_wq_init+0x0/0x42 @ 1
[    0.348213] initcall inet_frag_wq_init+0x0/0x42 returned 0 after 0 use=
cs
[    0.348213] calling  xen_pvh_gnttab_setup+0x0/0x3a @ 1
[    0.348213] initcall xen_pvh_gnttab_setup+0x0/0x3a returned -19 after =
0 usecs
[    0.348213] calling  e820__register_nvs_regions+0x0/0x3d @ 1
[    0.348213] PM: Registering ACPI NVS region [mem 0xae795000-0xafb1efff=
] (20488192 bytes)
[    0.348213] initcall e820__register_nvs_regions+0x0/0x3d returned 0 af=
ter 0 usecs
[    0.348213] calling  cpufreq_register_tsc_scaling+0x0/0x32 @ 1
[    0.348213] initcall cpufreq_register_tsc_scaling+0x0/0x32 returned 0 =
after 0 usecs
[    0.348213] calling  reboot_init+0x0/0x45 @ 1
[    0.348213] initcall reboot_init+0x0/0x45 returned 0 after 0 usecs
[    0.348213] calling  init_lapic_sysfs+0x0/0x29 @ 1
[    0.348213] initcall init_lapic_sysfs+0x0/0x29 returned 0 after 0 usec=
s
[    0.348213] calling  alloc_frozen_cpus+0x0/0x23 @ 1
[    0.348213] initcall alloc_frozen_cpus+0x0/0x23 returned 0 after 0 use=
cs
[    0.348213] calling  cpu_hotplug_pm_sync_init+0x0/0x19 @ 1
[    0.348213] initcall cpu_hotplug_pm_sync_init+0x0/0x19 returned 0 afte=
r 0 usecs
[    0.348213] calling  wq_sysfs_init+0x0/0x30 @ 1
[    0.348213] initcall wq_sysfs_init+0x0/0x30 returned 0 after 0 usecs
[    0.348213] calling  ksysfs_init+0x0/0x9e @ 1
[    0.348213] initcall ksysfs_init+0x0/0x9e returned 0 after 0 usecs
[    0.348213] calling  schedutil_gov_init+0x0/0x17 @ 1
[    0.348213] initcall schedutil_gov_init+0x0/0x17 returned 0 after 0 us=
ecs
[    0.348213] calling  pm_init+0x0/0x79 @ 1
[    0.348213] initcall pm_init+0x0/0x79 returned 0 after 0 usecs
[    0.348213] calling  pm_disk_init+0x0/0x1e @ 1
[    0.348213] initcall pm_disk_init+0x0/0x1e returned 0 after 0 usecs
[    0.348213] calling  swsusp_header_init+0x0/0x31 @ 1
[    0.348213] initcall swsusp_header_init+0x0/0x31 returned 0 after 0 us=
ecs
[    0.348213] calling  em_debug_init+0x0/0x22 @ 1
[    0.348213] initcall em_debug_init+0x0/0x22 returned 0 after 0 usecs
[    0.348213] calling  rcu_set_runtime_mode+0x0/0x1c @ 1
[    0.348213] initcall rcu_set_runtime_mode+0x0/0x1c returned 0 after 0 =
usecs
[    0.348213] calling  init_jiffies_clocksource+0x0/0x1e @ 1
[    0.348213] clocksource: jiffies: mask: 0xffffffff max_cycles: 0xfffff=
fff, max_idle_ns: 7645041785100000 ns
[    0.348213] initcall init_jiffies_clocksource+0x0/0x1e returned 0 afte=
r 0 usecs
[    0.348213] calling  futex_init+0x0/0x100 @ 1
[    0.348213] futex hash table entries: 4096 (order: 6, 262144 bytes, li=
near)
[    0.348213] initcall futex_init+0x0/0x100 returned 0 after 0 usecs
[    0.348213] calling  cgroup_wq_init+0x0/0x2e @ 1
[    0.348213] initcall cgroup_wq_init+0x0/0x2e returned 0 after 0 usecs
[    0.348213] calling  cgroup1_wq_init+0x0/0x2e @ 1
[    0.348213] initcall cgroup1_wq_init+0x0/0x2e returned 0 after 0 usecs=

[    0.348213] calling  ftrace_mod_cmd_init+0x0/0x12 @ 1
[    0.348213] initcall ftrace_mod_cmd_init+0x0/0x12 returned 0 after 0 u=
secs
[    0.348213] calling  init_wakeup_tracer+0x0/0x32 @ 1
[    0.348213] initcall init_wakeup_tracer+0x0/0x32 returned 0 after 0 us=
ecs
[    0.348213] calling  init_graph_trace+0x0/0x64 @ 1
[    0.348213] initcall init_graph_trace+0x0/0x64 returned 0 after 0 usec=
s
[    0.348213] calling  trace_events_synth_init_early+0x0/0x2c @ 1
[    0.348213] initcall trace_events_synth_init_early+0x0/0x2c returned 0=
 after 0 usecs
[    0.348213] calling  init_kprobe_trace_early+0x0/0x2b @ 1
[    0.348213] initcall init_kprobe_trace_early+0x0/0x2b returned 0 after=
 0 usecs
[    0.348213] calling  init_zero_pfn+0x0/0x3d @ 1
[    0.348213] initcall init_zero_pfn+0x0/0x3d returned 0 after 0 usecs
[    0.348213] calling  mem_cgroup_swap_init+0x0/0x5b @ 1
[    0.348213] initcall mem_cgroup_swap_init+0x0/0x5b returned 0 after 0 =
usecs
[    0.348213] calling  memory_failure_init+0x0/0x9f @ 1
[    0.348213] initcall memory_failure_init+0x0/0x9f returned 0 after 0 u=
secs
[    0.348213] calling  cma_init_reserved_areas+0x0/0x1b2 @ 1
[    0.348213] initcall cma_init_reserved_areas+0x0/0x1b2 returned 0 afte=
r 0 usecs
[    0.348213] calling  fsnotify_init+0x0/0x4e @ 1
[    0.350108] initcall fsnotify_init+0x0/0x4e returned 0 after 3906 usec=
s
[    0.350112] calling  filelock_init+0x0/0x9d @ 1
[    0.350123] initcall filelock_init+0x0/0x9d returned 0 after 0 usecs
[    0.350126] calling  init_script_binfmt+0x0/0x1b @ 1
[    0.350130] initcall init_script_binfmt+0x0/0x1b returned 0 after 0 us=
ecs
[    0.350133] calling  init_elf_binfmt+0x0/0x1b @ 1
[    0.350136] initcall init_elf_binfmt+0x0/0x1b returned 0 after 0 usecs=

[    0.350140] calling  init_compat_elf_binfmt+0x0/0x1b @ 1
[    0.350143] initcall init_compat_elf_binfmt+0x0/0x1b returned 0 after =
0 usecs
[    0.350147] calling  configfs_init+0x0/0x9f @ 1
[    0.350153] initcall configfs_init+0x0/0x9f returned 0 after 0 usecs
[    0.350157] calling  debugfs_init+0x0/0x68 @ 1
[    0.350161] initcall debugfs_init+0x0/0x68 returned 0 after 0 usecs
[    0.350165] calling  tracefs_init+0x0/0x42 @ 1
[    0.350169] initcall tracefs_init+0x0/0x42 returned 0 after 0 usecs
[    0.350173] calling  securityfs_init+0x0/0x73 @ 1
[    0.350186] initcall securityfs_init+0x0/0x73 returned 0 after 0 usecs=

[    0.350189] calling  lockdown_secfs_init+0x0/0x35 @ 1
[    0.350193] initcall lockdown_secfs_init+0x0/0x35 returned 0 after 0 u=
secs
[    0.350196] calling  register_xor_blocks+0x0/0xa3 @ 1
[    0.350199] initcall register_xor_blocks+0x0/0xa3 returned 0 after 0 u=
secs
[    0.350202] calling  prandom_init_early+0x0/0x14b @ 1
[    0.350207] initcall prandom_init_early+0x0/0x14b returned 0 after 0 u=
secs
[    0.350211] calling  pinctrl_init+0x0/0xb3 @ 1
[    0.350214] pinctrl core: initialized pinctrl subsystem
[    0.350225] initcall pinctrl_init+0x0/0xb3 returned 0 after 0 usecs
[    0.350229] calling  gpiolib_dev_init+0x0/0x101 @ 1
[    0.350241] initcall gpiolib_dev_init+0x0/0x101 returned 0 after 0 use=
cs
[    0.350245] calling  virtio_init+0x0/0x30 @ 1
[    0.350253] initcall virtio_init+0x0/0x30 returned 0 after 0 usecs
[    0.350256] calling  regulator_init+0x0/0xa1 @ 1
[    0.350308] initcall regulator_init+0x0/0xa1 returned 0 after 0 usecs
[    0.350313] calling  iommu_init+0x0/0x30 @ 1
[    0.350317] initcall iommu_init+0x0/0x30 returned 0 after 0 usecs
[    0.350319] calling  component_debug_init+0x0/0x22 @ 1
[    0.350323] initcall component_debug_init+0x0/0x22 returned 0 after 0 =
usecs
[    0.350327] calling  early_resume_init+0x0/0x9c @ 1
[    0.350514] PM: RTC time: 05:32:06, date: 2021-03-25
[    0.350517] initcall early_resume_init+0x0/0x9c returned 0 after 0 use=
cs
[    0.350520] calling  opp_debug_init+0x0/0x22 @ 1
[    0.350525] initcall opp_debug_init+0x0/0x22 returned 0 after 0 usecs
[    0.350528] calling  cpufreq_core_init+0x0/0x70 @ 1
[    0.350531] initcall cpufreq_core_init+0x0/0x70 returned 0 after 0 use=
cs
[    0.350534] calling  cpufreq_gov_performance_init+0x0/0x17 @ 1
[    0.350537] initcall cpufreq_gov_performance_init+0x0/0x17 returned 0 =
after 0 usecs
[    0.350541] calling  cpufreq_gov_powersave_init+0x0/0x17 @ 1
[    0.350543] initcall cpufreq_gov_powersave_init+0x0/0x17 returned 0 af=
ter 0 usecs
[    0.350547] calling  cpufreq_gov_userspace_init+0x0/0x17 @ 1
[    0.350549] initcall cpufreq_gov_userspace_init+0x0/0x17 returned 0 af=
ter 0 usecs
[    0.350552] calling  CPU_FREQ_GOV_ONDEMAND_init+0x0/0x17 @ 1
[    0.350555] initcall CPU_FREQ_GOV_ONDEMAND_init+0x0/0x17 returned 0 af=
ter 0 usecs
[    0.350559] calling  CPU_FREQ_GOV_CONSERVATIVE_init+0x0/0x17 @ 1
[    0.350562] initcall CPU_FREQ_GOV_CONSERVATIVE_init+0x0/0x17 returned =
0 after 0 usecs
[    0.350565] calling  cpuidle_init+0x0/0x26 @ 1
[    0.350570] initcall cpuidle_init+0x0/0x26 returned 0 after 0 usecs
[    0.350572] calling  capsule_reboot_register+0x0/0x17 @ 1
[    0.350576] initcall capsule_reboot_register+0x0/0x17 returned 0 after=
 0 usecs
[    0.350580] calling  sock_init+0x0/0xa4 @ 1
[    0.350688] initcall sock_init+0x0/0xa4 returned 0 after 0 usecs
[    0.350693] calling  net_inuse_init+0x0/0x29 @ 1
[    0.350698] initcall net_inuse_init+0x0/0x29 returned 0 after 0 usecs
[    0.350702] calling  net_defaults_init+0x0/0x29 @ 1
[    0.350706] initcall net_defaults_init+0x0/0x29 returned 0 after 0 use=
cs
[    0.350709] calling  init_default_flow_dissectors+0x0/0x55 @ 1
[    0.350714] initcall init_default_flow_dissectors+0x0/0x55 returned 0 =
after 0 usecs
[    0.350718] calling  netpoll_init+0x0/0x2e @ 1
[    0.350723] initcall netpoll_init+0x0/0x2e returned 0 after 0 usecs
[    0.350726] calling  netlink_proto_init+0x0/0x185 @ 1
[    0.350740] NET: Registered protocol family 16
[    0.350750] initcall netlink_proto_init+0x0/0x185 returned 0 after 0 u=
secs
[    0.350754] calling  genl_init+0x0/0x3f @ 1
[    0.350760] initcall genl_init+0x0/0x3f returned 0 after 0 usecs
[    0.350764] calling  tcp_bpf_v4_build_proto+0x0/0x71 @ 1
[    0.350767] initcall tcp_bpf_v4_build_proto+0x0/0x71 returned 0 after =
0 usecs
[    0.350770] calling  udp_bpf_v4_build_proto+0x0/0x3b @ 1
[    0.350772] initcall udp_bpf_v4_build_proto+0x0/0x3b returned 0 after =
0 usecs
[    0.350775] calling  bsp_pm_check_init+0x0/0x19 @ 1
[    0.350779] initcall bsp_pm_check_init+0x0/0x19 returned 0 after 0 use=
cs
[    0.350782] calling  trace_boot_init+0x0/0xde @ 1
[    0.350786] initcall trace_boot_init+0x0/0xde returned 0 after 0 usecs=

[    0.350789] calling  __gnttab_init+0x0/0x40 @ 1
[    0.350793] initcall __gnttab_init+0x0/0x40 returned -19 after 0 usecs=

[    0.350848] calling  irq_sysfs_init+0x0/0x97 @ 1
[    0.350916] initcall irq_sysfs_init+0x0/0x97 returned 0 after 0 usecs
[    0.350921] calling  dma_atomic_pool_init+0x0/0x152 @ 1
[    0.350960] DMA: preallocated 4096 KiB GFP_KERNEL pool for atomic allo=
cations
[    0.350960] DMA: preallocated 4096 KiB GFP_KERNEL|GFP_DMA pool for ato=
mic allocations
[    0.350960] DMA: preallocated 4096 KiB GFP_KERNEL|GFP_DMA32 pool for a=
tomic allocations
[    0.350968] initcall dma_atomic_pool_init+0x0/0x152 returned 0 after 0=
 usecs
[    0.350974] calling  audit_init+0x0/0x175 @ 1
[    0.350980] audit: initializing netlink subsys (disabled)
[    0.350995] initcall audit_init+0x0/0x175 returned 0 after 0 usecs
[    0.350995] audit: type=3D2000 audit(1616650326.048:1): state=3Dinitia=
lized audit_enabled=3D0 res=3D1
[    0.350995] calling  release_early_probes+0x0/0x45 @ 1
[    0.350995] initcall release_early_probes+0x0/0x45 returned 0 after 0 =
usecs
[    0.350995] calling  bdi_class_init+0x0/0x4e @ 1
[    0.350995] initcall bdi_class_init+0x0/0x4e returned 0 after 0 usecs
[    0.350995] calling  mm_sysfs_init+0x0/0x2e @ 1
[    0.350995] initcall mm_sysfs_init+0x0/0x2e returned 0 after 0 usecs
[    0.350995] calling  init_per_zone_wmark_min+0x0/0x7b @ 1
[    0.350995] initcall init_per_zone_wmark_min+0x0/0x7b returned 0 after=
 0 usecs
[    0.350995] calling  mpi_init+0x0/0x6d @ 1
[    0.350995] initcall mpi_init+0x0/0x6d returned 0 after 0 usecs
[    0.350995] calling  kobject_uevent_init+0x0/0x12 @ 1
[    0.350995] initcall kobject_uevent_init+0x0/0x12 returned 0 after 0 u=
secs
[    0.350995] calling  gpiolib_sysfs_init+0x0/0xa6 @ 1
[    0.350995] initcall gpiolib_sysfs_init+0x0/0xa6 returned 0 after 0 us=
ecs
[    0.350995] calling  acpi_gpio_setup_params+0x0/0x6d @ 1
[    0.350995] initcall acpi_gpio_setup_params+0x0/0x6d returned 0 after =
0 usecs
[    0.350995] calling  pcibus_class_init+0x0/0x1e @ 1
[    0.350995] initcall pcibus_class_init+0x0/0x1e returned 0 after 0 use=
cs
[    0.350995] calling  pci_driver_init+0x0/0x27 @ 1
[    0.350995] initcall pci_driver_init+0x0/0x27 returned 0 after 0 usecs=

[    0.350995] calling  rio_bus_init+0x0/0x4b @ 1
[    0.350995] initcall rio_bus_init+0x0/0x4b returned 0 after 0 usecs
[    0.350995] calling  backlight_class_init+0x0/0xad @ 1
[    0.350995] initcall backlight_class_init+0x0/0xad returned 0 after 0 =
usecs
[    0.350995] calling  xenbus_init+0x0/0x2ae @ 1
[    0.350995] initcall xenbus_init+0x0/0x2ae returned -19 after 0 usecs
[    0.350995] calling  tty_class_init+0x0/0x39 @ 1
[    0.350995] initcall tty_class_init+0x0/0x39 returned 0 after 0 usecs
[    0.350995] calling  vtconsole_class_init+0x0/0xdc @ 1
[    0.350995] initcall vtconsole_class_init+0x0/0xdc returned 0 after 0 =
usecs
[    0.350995] calling  serdev_init+0x0/0x22 @ 1
[    0.350995] initcall serdev_init+0x0/0x22 returned 0 after 0 usecs
[    0.350995] calling  iommu_dev_init+0x0/0x1e @ 1
[    0.350995] initcall iommu_dev_init+0x0/0x1e returned 0 after 0 usecs
[    0.350995] calling  mipi_dsi_bus_init+0x0/0x17 @ 1
[    0.350995] initcall mipi_dsi_bus_init+0x0/0x17 returned 0 after 0 use=
cs
[    0.350995] calling  devlink_class_init+0x0/0x4b @ 1
[    0.350995] initcall devlink_class_init+0x0/0x4b returned 0 after 0 us=
ecs
[    0.350995] calling  software_node_init+0x0/0x30 @ 1
[    0.350995] initcall software_node_init+0x0/0x30 returned 0 after 0 us=
ecs
[    0.350995] calling  wakeup_sources_debugfs_init+0x0/0x29 @ 1
[    0.350995] initcall wakeup_sources_debugfs_init+0x0/0x29 returned 0 a=
fter 0 usecs
[    0.350995] calling  wakeup_sources_sysfs_init+0x0/0x35 @ 1
[    0.350995] initcall wakeup_sources_sysfs_init+0x0/0x35 returned 0 aft=
er 0 usecs
[    0.350995] calling  isa_bus_init+0x0/0x44 @ 1
[    0.350995] initcall isa_bus_init+0x0/0x44 returned 0 after 0 usecs
[    0.350995] calling  register_node_type+0x0/0x38 @ 1
[    0.350995] initcall register_node_type+0x0/0x38 returned 0 after 0 us=
ecs
[    0.350995] calling  regmap_initcall+0x0/0x12 @ 1
[    0.350995] initcall regmap_initcall+0x0/0x12 returned 0 after 0 usecs=

[    0.350995] calling  sram_init+0x0/0x19 @ 1
[    0.350995] initcall sram_init+0x0/0x19 returned 0 after 0 usecs
[    0.350995] calling  syscon_init+0x0/0x19 @ 1
[    0.350995] initcall syscon_init+0x0/0x19 returned 0 after 0 usecs
[    0.350995] calling  spi_init+0x0/0xd0 @ 1
[    0.350995] initcall spi_init+0x0/0xd0 returned 0 after 0 usecs
[    0.350995] calling  i2c_init+0x0/0xb9 @ 1
[    0.350995] initcall i2c_init+0x0/0xb9 returned 0 after 0 usecs
[    0.350995] calling  thermal_init+0x0/0xfe @ 1
[    0.350995] thermal_sys: Registered thermal governor 'fair_share'
[    0.350995] thermal_sys: Registered thermal governor 'bang_bang'
[    0.350995] thermal_sys: Registered thermal governor 'step_wise'
[    0.350995] thermal_sys: Registered thermal governor 'user_space'
[    0.350995] thermal_sys: Registered thermal governor 'power_allocator'=

[    0.350995] initcall thermal_init+0x0/0xfe returned 0 after 0 usecs
[    0.350995] calling  eisa_init+0x0/0x31 @ 1
[    0.350995] EISA bus registered
[    0.350995] initcall eisa_init+0x0/0x31 returned 0 after 0 usecs
[    0.350995] calling  init_ladder+0x0/0x2a @ 1
[    0.350995] cpuidle: using governor ladder
[    0.350995] initcall init_ladder+0x0/0x2a returned 0 after 0 usecs
[    0.350995] calling  init_menu+0x0/0x17 @ 1
[    0.350995] cpuidle: using governor menu
[    0.350995] initcall init_menu+0x0/0x17 returned 0 after 0 usecs
[    0.350995] calling  teo_governor_init+0x0/0x17 @ 1
[    0.350995] initcall teo_governor_init+0x0/0x17 returned 0 after 0 use=
cs
[    0.350995] calling  init_haltpoll+0x0/0x26 @ 1
[    0.350995] initcall init_haltpoll+0x0/0x26 returned 0 after 0 usecs
[    0.350995] calling  pcc_init+0x0/0xa4 @ 1
[    0.350995] initcall pcc_init+0x0/0xa4 returned -19 after 0 usecs
[    0.350995] calling  amd_postcore_init+0x0/0x125 @ 1
[    0.350995] initcall amd_postcore_init+0x0/0x125 returned 0 after 0 us=
ecs
[    0.350995] calling  bts_init+0x0/0xc2 @ 1
[    0.350995] initcall bts_init+0x0/0xc2 returned 0 after 0 usecs
[    0.350995] calling  pt_init+0x0/0x36b @ 1
[    0.350995] initcall pt_init+0x0/0x36b returned 0 after 0 usecs
[    0.350995] calling  boot_params_ksysfs_init+0x0/0x295 @ 1
[    0.350995] initcall boot_params_ksysfs_init+0x0/0x295 returned 0 afte=
r 0 usecs
[    0.350995] calling  sbf_init+0x0/0xd9 @ 1
[    0.350995] Simple Boot Flag at 0x47 set to 0x1
[    0.350995] initcall sbf_init+0x0/0xd9 returned 0 after 0 usecs
[    0.350995] calling  arch_kdebugfs_init+0x0/0x22 @ 1
[    0.350995] initcall arch_kdebugfs_init+0x0/0x22 returned 0 after 0 us=
ecs
[    0.350995] calling  intel_pconfig_init+0x0/0xe4 @ 1
[    0.350995] initcall intel_pconfig_init+0x0/0xe4 returned 0 after 0 us=
ecs
[    0.350995] calling  mtrr_if_init+0x0/0x64 @ 1
[    0.350995] initcall mtrr_if_init+0x0/0x64 returned 0 after 0 usecs
[    0.350995] calling  activate_jump_labels+0x0/0x3a @ 1
[    0.350995] initcall activate_jump_labels+0x0/0x3a returned 0 after 0 =
usecs
[    0.350995] calling  ffh_cstate_init+0x0/0x30 @ 1
[    0.350995] initcall ffh_cstate_init+0x0/0x30 returned 0 after 0 usecs=

[    0.350995] calling  activate_jump_labels+0x0/0x3a @ 1
[    0.350995] initcall activate_jump_labels+0x0/0x3a returned 0 after 0 =
usecs
[    0.350995] calling  kvm_alloc_cpumask+0x0/0x9d @ 1
[    0.350995] initcall kvm_alloc_cpumask+0x0/0x9d returned 0 after 0 use=
cs
[    0.350995] calling  gigantic_pages_init+0x0/0x28 @ 1
[    0.350995] initcall gigantic_pages_init+0x0/0x28 returned 0 after 0 u=
secs
[    0.350995] calling  uv_rtc_setup_clock+0x0/0x277 @ 1
[    0.350995] initcall uv_rtc_setup_clock+0x0/0x277 returned -19 after 0=
 usecs
[    0.350995] calling  kcmp_cookies_init+0x0/0x3d @ 1
[    0.350995] initcall kcmp_cookies_init+0x0/0x3d returned 0 after 0 use=
cs
[    0.350995] calling  cryptomgr_init+0x0/0x17 @ 1
[    0.350995] initcall cryptomgr_init+0x0/0x17 returned 0 after 0 usecs
[    0.350995] calling  acpi_pci_init+0x0/0x67 @ 1
[    0.350995] ACPI FADT declares the system doesn't support PCIe ASPM, s=
o disable it
[    0.350995] ACPI: bus type PCI registered
[    0.350995] acpiphp: ACPI Hot Plug PCI Controller Driver version: 0.5
[    0.350995] initcall acpi_pci_init+0x0/0x67 returned 0 after 0 usecs
[    0.350995] calling  dma_channel_table_init+0x0/0xd7 @ 1
[    0.350995] initcall dma_channel_table_init+0x0/0xd7 returned 0 after =
0 usecs
[    0.350995] calling  dma_bus_init+0x0/0x108 @ 1
[    0.350995] initcall dma_bus_init+0x0/0x108 returned 0 after 0 usecs
[    0.350995] calling  register_xen_pci_notifier+0x0/0x33 @ 1
[    0.350995] initcall register_xen_pci_notifier+0x0/0x33 returned 0 aft=
er 0 usecs
[    0.350995] calling  xen_pcpu_init+0x0/0xbe @ 1
[    0.350995] initcall xen_pcpu_init+0x0/0xbe returned -19 after 0 usecs=

[    0.350995] calling  iommu_dma_init+0x0/0x30 @ 1
[    0.350995] initcall iommu_dma_init+0x0/0x30 returned 0 after 0 usecs
[    0.350995] calling  dmi_id_init+0x0/0x38b @ 1
[    0.350995] initcall dmi_id_init+0x0/0x38b returned 0 after 0 usecs
[    0.350995] calling  numachip_timer_init+0x0/0x5a @ 1
[    0.350995] initcall numachip_timer_init+0x0/0x5a returned -19 after 0=
 usecs
[    0.350995] calling  ts_dmi_init+0x0/0x6c @ 1
[    0.350995] initcall ts_dmi_init+0x0/0x6c returned 0 after 0 usecs
[    0.350995] calling  pci_arch_init+0x0/0x7b @ 1
[    0.350995] PCI: MMCONFIG for domain 0000 [bus 00-7f] at [mem 0xf00000=
00-0xf7ffffff] (base 0xf0000000)
[    0.350995] PCI: not using MMCONFIG
[    0.350995] PCI: Using configuration type 1 for base access
[    0.350995] initcall pci_arch_init+0x0/0x7b returned 0 after 0 usecs
[    0.350995] calling  init_vdso+0x0/0x25 @ 1
[    0.350995] initcall init_vdso+0x0/0x25 returned 0 after 0 usecs
[    0.350995] calling  sysenter_setup+0x0/0x19 @ 1
[    0.350995] initcall sysenter_setup+0x0/0x19 returned 0 after 0 usecs
[    0.350995] calling  fixup_ht_bug+0x0/0xbf @ 1
[    0.350995] initcall fixup_ht_bug+0x0/0xbf returned 0 after 0 usecs
[    0.350995] calling  topology_init+0x0/0xd1 @ 1
[    0.351365] initcall topology_init+0x0/0xd1 returned 0 after 0 usecs
[    0.351370] calling  intel_epb_init+0x0/0x74 @ 1
[    0.351379] ENERGY_PERF_BIAS: Set to 'normal', was 'performance'
[    0.351387] initcall intel_epb_init+0x0/0x74 returned 0 after 0 usecs
[    0.351387] calling  mtrr_init_finialize+0x0/0x47 @ 1
[    0.351387] initcall mtrr_init_finialize+0x0/0x47 returned 0 after 0 u=
secs
[    0.351387] calling  eisa_bus_probe+0x0/0x51 @ 1
[    0.351387] initcall eisa_bus_probe+0x0/0x51 returned 0 after 0 usecs
[    0.351387] calling  uid_cache_init+0x0/0x9a @ 1
[    0.351387] initcall uid_cache_init+0x0/0x9a returned 0 after 0 usecs
[    0.351387] calling  param_sysfs_init+0x0/0x1ea @ 1
[    0.355156] initcall param_sysfs_init+0x0/0x1ea returned 0 after 3906 =
usecs
[    0.355161] calling  user_namespace_sysctl_init+0x0/0x39 @ 1
[    0.355172] initcall user_namespace_sysctl_init+0x0/0x39 returned 0 af=
ter 0 usecs
[    0.355176] calling  proc_schedstat_init+0x0/0x2a @ 1
[    0.355181] initcall proc_schedstat_init+0x0/0x2a returned 0 after 0 u=
secs
[    0.355184] calling  pm_sysrq_init+0x0/0x1e @ 1
[    0.355195] initcall pm_sysrq_init+0x0/0x1e returned 0 after 0 usecs
[    0.355198] calling  create_proc_profile+0x0/0xf0 @ 1
[    0.355202] initcall create_proc_profile+0x0/0xf0 returned 0 after 0 u=
secs
[    0.355205] calling  crash_save_vmcoreinfo_init+0x0/0x74c @ 1
[    0.355236] initcall crash_save_vmcoreinfo_init+0x0/0x74c returned 0 a=
fter 0 usecs
[    0.355239] calling  crash_notes_memory_init+0x0/0x3e @ 1
[    0.355244] initcall crash_notes_memory_init+0x0/0x3e returned 0 after=
 0 usecs
[    0.355247] calling  cgroup_sysfs_init+0x0/0x1e @ 1
[    0.355251] initcall cgroup_sysfs_init+0x0/0x1e returned 0 after 0 use=
cs
[    0.355254] calling  cgroup_namespaces_init+0x0/0xd @ 1
[    0.355257] initcall cgroup_namespaces_init+0x0/0xd returned 0 after 0=
 usecs
[    0.355260] calling  user_namespaces_init+0x0/0x32 @ 1
[    0.355266] initcall user_namespaces_init+0x0/0x32 returned 0 after 0 =
usecs
[    0.355269] calling  init_optprobes+0x0/0x1f @ 1
[    0.355272] Kprobes globally optimized
[    0.355274] initcall init_optprobes+0x0/0x1f returned 0 after 0 usecs
[    0.355276] calling  hung_task_init+0x0/0x60 @ 1
[    0.355282] initcall hung_task_init+0x0/0x60 returned 0 after 0 usecs
[    0.355282] calling  send_signal_irq_work_init+0x0/0x5b @ 1
[    0.355282] initcall send_signal_irq_work_init+0x0/0x5b returned 0 aft=
er 0 usecs
[    0.355282] calling  dev_map_init+0x0/0x52 @ 1
[    0.355282] initcall dev_map_init+0x0/0x52 returned 0 after 0 usecs
[    0.355282] calling  cpu_map_init+0x0/0x46 @ 1
[    0.355282] initcall cpu_map_init+0x0/0x46 returned 0 after 0 usecs
[    0.355282] calling  netns_bpf_init+0x0/0x17 @ 1
[    0.355282] initcall netns_bpf_init+0x0/0x17 returned 0 after 0 usecs
[    0.355282] calling  stack_map_init+0x0/0x60 @ 1
[    0.355282] initcall stack_map_init+0x0/0x60 returned 0 after 0 usecs
[    0.355282] calling  oom_init+0x0/0x35 @ 1
[    0.355282] initcall oom_init+0x0/0x35 returned 0 after 0 usecs
[    0.355282] calling  default_bdi_init+0x0/0xb7 @ 1
[    0.355282] initcall default_bdi_init+0x0/0xb7 returned 0 after 0 usec=
s
[    0.355282] calling  cgwb_init+0x0/0x2e @ 1
[    0.355282] initcall cgwb_init+0x0/0x2e returned 0 after 0 usecs
[    0.355282] calling  percpu_enable_async+0x0/0x14 @ 1
[    0.355282] initcall percpu_enable_async+0x0/0x14 returned 0 after 0 u=
secs
[    0.355282] calling  kcompactd_init+0x0/0xa3 @ 1
[    0.355282] initcall kcompactd_init+0x0/0xa3 returned 0 after 0 usecs
[    0.355282] calling  init_user_reserve+0x0/0x50 @ 1
[    0.355282] initcall init_user_reserve+0x0/0x50 returned 0 after 0 use=
cs
[    0.355282] calling  init_admin_reserve+0x0/0x50 @ 1
[    0.355282] initcall init_admin_reserve+0x0/0x50 returned 0 after 0 us=
ecs
[    0.355282] calling  init_reserve_notifier+0x0/0x24 @ 1
[    0.355282] initcall init_reserve_notifier+0x0/0x24 returned 0 after 0=
 usecs
[    0.355282] calling  swap_init_sysfs+0x0/0x6f @ 1
[    0.355282] initcall swap_init_sysfs+0x0/0x6f returned 0 after 0 usecs=

[    0.355282] calling  swapfile_init+0x0/0xa1 @ 1
[    0.355282] initcall swapfile_init+0x0/0xa1 returned 0 after 0 usecs
[    0.355282] calling  hugetlb_init+0x0/0x4c7 @ 1
[    0.355282] HugeTLB registered 1.00 GiB page size, pre-allocated 0 pag=
es
[    0.355282] HugeTLB registered 2.00 MiB page size, pre-allocated 0 pag=
es
[    0.355282] initcall hugetlb_init+0x0/0x4c7 returned 0 after 0 usecs
[    0.355282] calling  ksm_init+0x0/0x1a5 @ 1
[    0.355282] initcall ksm_init+0x0/0x1a5 returned 0 after 0 usecs
[    0.355282] calling  hugepage_init+0x0/0x169 @ 1
[    0.355282] initcall hugepage_init+0x0/0x169 returned 0 after 0 usecs
[    0.355282] calling  mem_cgroup_init+0x0/0x12f @ 1
[    0.355282] initcall mem_cgroup_init+0x0/0x12f returned 0 after 0 usec=
s
[    0.355282] calling  page_idle_init+0x0/0x38 @ 1
[    0.355282] initcall page_idle_init+0x0/0x38 returned 0 after 0 usecs
[    0.355282] calling  io_wq_init+0x0/0x3a @ 1
[    0.355282] initcall io_wq_init+0x0/0x3a returned 0 after 0 usecs
[    0.355282] calling  sel_ib_pkey_init+0x0/0x3b @ 1
[    0.355282] initcall sel_ib_pkey_init+0x0/0x3b returned 0 after 0 usec=
s
[    0.355282] calling  seqiv_module_init+0x0/0x17 @ 1
[    0.355282] initcall seqiv_module_init+0x0/0x17 returned 0 after 0 use=
cs
[    0.355282] calling  dh_init+0x0/0x20 @ 1
[    0.355282] initcall dh_init+0x0/0x20 returned 0 after 0 usecs
[    0.355282] calling  rsa_init+0x0/0x50 @ 1
[    0.355282] initcall rsa_init+0x0/0x50 returned 0 after 0 usecs
[    0.355282] calling  hmac_module_init+0x0/0x17 @ 1
[    0.355282] initcall hmac_module_init+0x0/0x17 returned 0 after 0 usec=
s
[    0.355282] calling  crypto_null_mod_init+0x0/0x72 @ 1
[    0.355282] initcall crypto_null_mod_init+0x0/0x72 returned 0 after 0 =
usecs
[    0.355282] calling  md5_mod_init+0x0/0x17 @ 1
[    0.355282] initcall md5_mod_init+0x0/0x17 returned 0 after 0 usecs
[    0.355282] calling  sha1_generic_mod_init+0x0/0x17 @ 1
[    0.355282] initcall sha1_generic_mod_init+0x0/0x17 returned 0 after 0=
 usecs
[    0.355282] calling  sha256_generic_mod_init+0x0/0x1c @ 1
[    0.355282] initcall sha256_generic_mod_init+0x0/0x1c returned 0 after=
 0 usecs
[    0.355282] calling  sha512_generic_mod_init+0x0/0x1c @ 1
[    0.355282] initcall sha512_generic_mod_init+0x0/0x1c returned 0 after=
 0 usecs
[    0.355282] calling  blake2b_mod_init+0x0/0x1c @ 1
[    0.355282] initcall blake2b_mod_init+0x0/0x1c returned 0 after 0 usec=
s
[    0.355282] calling  crypto_ecb_module_init+0x0/0x17 @ 1
[    0.355282] initcall crypto_ecb_module_init+0x0/0x17 returned 0 after =
0 usecs
[    0.355282] calling  crypto_cbc_module_init+0x0/0x17 @ 1
[    0.355282] initcall crypto_cbc_module_init+0x0/0x17 returned 0 after =
0 usecs
[    0.355282] calling  crypto_cts_module_init+0x0/0x17 @ 1
[    0.355282] initcall crypto_cts_module_init+0x0/0x17 returned 0 after =
0 usecs
[    0.355282] calling  xts_module_init+0x0/0x17 @ 1
[    0.355282] initcall xts_module_init+0x0/0x17 returned 0 after 0 usecs=

[    0.355282] calling  crypto_ctr_module_init+0x0/0x1c @ 1
[    0.355282] initcall crypto_ctr_module_init+0x0/0x1c returned 0 after =
0 usecs
[    0.355282] calling  crypto_gcm_module_init+0x0/0x6f @ 1
[    0.355282] initcall crypto_gcm_module_init+0x0/0x6f returned 0 after =
0 usecs
[    0.355282] calling  aes_init+0x0/0x17 @ 1
[    0.355282] initcall aes_init+0x0/0x17 returned 0 after 0 usecs
[    0.355282] calling  deflate_mod_init+0x0/0x49 @ 1
[    0.355282] initcall deflate_mod_init+0x0/0x49 returned 0 after 0 usec=
s
[    0.355282] calling  crc32c_mod_init+0x0/0x17 @ 1
[    0.355282] initcall crc32c_mod_init+0x0/0x17 returned 0 after 0 usecs=

[    0.355282] calling  crct10dif_mod_init+0x0/0x17 @ 1
[    0.355282] initcall crct10dif_mod_init+0x0/0x17 returned 0 after 0 us=
ecs
[    0.355282] calling  lzo_mod_init+0x0/0x44 @ 1
[    0.355282] initcall lzo_mod_init+0x0/0x44 returned 0 after 0 usecs
[    0.355282] calling  lzorle_mod_init+0x0/0x44 @ 1
[    0.355282] initcall lzorle_mod_init+0x0/0x44 returned 0 after 0 usecs=

[    0.355282] calling  xxhash_mod_init+0x0/0x17 @ 1
[    0.355282] initcall xxhash_mod_init+0x0/0x17 returned 0 after 0 usecs=

[    0.355282] calling  drbg_init+0x0/0x89 @ 1
[    0.355282] initcall drbg_init+0x0/0x89 returned 0 after 0 usecs
[    0.355282] calling  ghash_mod_init+0x0/0x17 @ 1
[    0.355282] initcall ghash_mod_init+0x0/0x17 returned 0 after 0 usecs
[    0.355282] calling  init_bio+0x0/0x8d @ 1
[    0.355282] initcall init_bio+0x0/0x8d returned 0 after 0 usecs
[    0.355282] calling  blk_settings_init+0x0/0x2f @ 1
[    0.355282] initcall blk_settings_init+0x0/0x2f returned 0 after 0 use=
cs
[    0.355282] calling  blk_ioc_init+0x0/0x2f @ 1
[    0.355282] initcall blk_ioc_init+0x0/0x2f returned 0 after 0 usecs
[    0.355282] calling  blk_mq_init+0x0/0xbd @ 1
[    0.355282] initcall blk_mq_init+0x0/0xbd returned 0 after 0 usecs
[    0.355282] calling  genhd_device_init+0x0/0x67 @ 1
[    0.355282] initcall genhd_device_init+0x0/0x67 returned 0 after 0 use=
cs
[    0.355282] calling  blkcg_init+0x0/0x2e @ 1
[    0.355282] initcall blkcg_init+0x0/0x2e returned 0 after 0 usecs
[    0.355282] calling  bio_crypt_ctx_init+0x0/0x61 @ 1
[    0.355282] initcall bio_crypt_ctx_init+0x0/0x61 returned 0 after 0 us=
ecs
[    0.355282] calling  raid6_select_algo+0x0/0x30d @ 1
[    0.422099] raid6: avx2x4   gen() 28947 MB/s
[    0.490099] raid6: avx2x4   xor() 13144 MB/s
[    0.558098] raid6: avx2x2   gen() 29098 MB/s
[    0.626098] raid6: avx2x2   xor() 17305 MB/s
[    0.694100] raid6: avx2x1   gen() 24630 MB/s
[    0.762099] raid6: avx2x1   xor() 14473 MB/s
[    0.830101] raid6: sse2x4   gen() 11700 MB/s
[    0.898101] raid6: sse2x4   xor()  6449 MB/s
[    0.966099] raid6: sse2x2   gen() 11870 MB/s
[    1.034101] raid6: sse2x2   xor()  7227 MB/s
[    1.102100] raid6: sse2x1   gen()  9963 MB/s
[    1.170099] raid6: sse2x1   xor()  5093 MB/s
[    1.170101] raid6: using algorithm avx2x2 gen() 29098 MB/s
[    1.170103] raid6: .... xor() 17305 MB/s, rmw enabled
[    1.170105] raid6: using avx2x2 recovery algorithm
[    1.170107] initcall raid6_select_algo+0x0/0x30d returned 0 after 7968=
75 usecs
[    1.170112] calling  irq_poll_setup+0x0/0x71 @ 1
[    1.170119] initcall irq_poll_setup+0x0/0x71 returned 0 after 0 usecs
[    1.170119] calling  sx150x_init+0x0/0x19 @ 1
[    1.170130] initcall sx150x_init+0x0/0x19 returned 0 after 0 usecs
[    1.170130] calling  byt_gpio_init+0x0/0x19 @ 1
[    1.170138] initcall byt_gpio_init+0x0/0x19 returned 0 after 0 usecs
[    1.170142] calling  chv_pinctrl_init+0x0/0x19 @ 1
[    1.170149] initcall chv_pinctrl_init+0x0/0x19 returned 0 after 0 usec=
s
[    1.170153] calling  gpiolib_debugfs_init+0x0/0x29 @ 1
[    1.170165] initcall gpiolib_debugfs_init+0x0/0x29 returned 0 after 0 =
usecs
[    1.170169] calling  palmas_gpio_init+0x0/0x19 @ 1
[    1.170175] initcall palmas_gpio_init+0x0/0x19 returned 0 after 0 usec=
s
[    1.170179] calling  rc5t583_gpio_init+0x0/0x19 @ 1
[    1.170185] initcall rc5t583_gpio_init+0x0/0x19 returned 0 after 0 use=
cs
[    1.170189] calling  tps6586x_gpio_init+0x0/0x19 @ 1
[    1.170195] initcall tps6586x_gpio_init+0x0/0x19 returned 0 after 0 us=
ecs
[    1.170199] calling  tps65910_gpio_init+0x0/0x19 @ 1
[    1.170205] initcall tps65910_gpio_init+0x0/0x19 returned 0 after 0 us=
ecs
[    1.170209] calling  pwm_debugfs_init+0x0/0x29 @ 1
[    1.170214] initcall pwm_debugfs_init+0x0/0x29 returned 0 after 0 usec=
s
[    1.170218] calling  pwm_sysfs_init+0x0/0x1e @ 1
[    1.170227] initcall pwm_sysfs_init+0x0/0x1e returned 0 after 0 usecs
[    1.170231] calling  pci_slot_init+0x0/0x40 @ 1
[    1.170236] initcall pci_slot_init+0x0/0x40 returned 0 after 0 usecs
[    1.170239] calling  fbmem_init+0x0/0xe7 @ 1
[    1.170262] fbcon: Taking over console
[    1.170269] initcall fbmem_init+0x0/0xe7 returned 0 after 0 usecs
[    1.170271] calling  scan_for_dmi_ipmi+0x0/0x262 @ 1
[    1.170272] initcall scan_for_dmi_ipmi+0x0/0x262 returned 0 after 0 us=
ecs
[    1.170274] calling  acpi_init+0x0/0x48d @ 1
[    1.170296] ACPI: Added _OSI(Module Device)
[    1.170298] ACPI: Added _OSI(Processor Device)
[    1.170300] ACPI: Added _OSI(3.0 _SCP Extensions)
[    1.170302] ACPI: Added _OSI(Processor Aggregator Device)
[    1.170304] ACPI: Added _OSI(Linux-Dell-Video)
[    1.170306] ACPI: Added _OSI(Linux-Lenovo-NV-HDMI-Audio)
[    1.170308] ACPI: Added _OSI(Linux-HPI-Hybrid-Graphics)
[    1.246396] ACPI: 15 ACPI AML tables successfully acquired and loaded
[    1.247814] ACPI: EC: EC started
[    1.247816] ACPI: EC: interrupt blocked
[    1.249420] ACPI: EC: EC_CMD/EC_SC=3D0x66, EC_DATA=3D0x62
[    1.249423] ACPI: EC: Boot ECDT EC used to handle transactions
[    1.251510] ACPI: [Firmware Bug]: BIOS _OSI(Linux) query ignored
[    1.325955] ACPI: Dynamic OEM Table Load:
[    1.325970] ACPI: SSDT 0xFFFF8CE18363D100 0000FC (v02 PmRef  Cpu0Psd  =
00003000 INTL 20160527)
[    1.327208] ACPI: \_SB_.PR00: _OSC native thermal LVT Acked
[    1.328519] ACPI: Dynamic OEM Table Load:
[    1.328531] ACPI: SSDT 0xFFFF8CE183646800 000400 (v02 PmRef  Cpu0Cst  =
00003001 INTL 20160527)
[    1.329909] ACPI: Dynamic OEM Table Load:
[    1.329921] ACPI: SSDT 0xFFFF8CE183615800 0005FD (v02 PmRef  Cpu0Ist  =
00003000 INTL 20160527)
[    1.331424] ACPI: Dynamic OEM Table Load:
[    1.331434] ACPI: SSDT 0xFFFF8CE183638C00 00016C (v02 PmRef  Cpu0Hwp  =
00003000 INTL 20160527)
[    1.332723] ACPI: Dynamic OEM Table Load:
[    1.332736] ACPI: SSDT 0xFFFF8CE183634000 000BEA (v02 PmRef  HwpLvt   =
00003000 INTL 20160527)
[    1.334346] ACPI: Dynamic OEM Table Load:
[    1.334357] ACPI: SSDT 0xFFFF8CE183617000 000778 (v02 PmRef  ApIst    =
00003000 INTL 20160527)
[    1.335876] ACPI: Dynamic OEM Table Load:
[    1.335886] ACPI: SSDT 0xFFFF8CE183642400 0003D7 (v02 PmRef  ApHwp    =
00003000 INTL 20160527)
[    1.337400] ACPI: Dynamic OEM Table Load:
[    1.337411] ACPI: SSDT 0xFFFF8CE183635000 000D22 (v02 PmRef  ApPsd    =
00003000 INTL 20160527)
[    1.339816] ACPI: Dynamic OEM Table Load:
[    1.339827] ACPI: SSDT 0xFFFF8CE183641C00 0003CA (v02 PmRef  ApCst    =
00003000 INTL 20160527)
[    1.346525] ACPI: Interpreter enabled
[    1.346582] ACPI: (supports S0 S3 S4 S5)
[    1.346585] ACPI: Using IOAPIC for interrupt routing
[    1.346629] PCI: MMCONFIG for domain 0000 [bus 00-7f] at [mem 0xf00000=
00-0xf7ffffff] (base 0xf0000000)
[    1.348006] PCI: MMCONFIG at [mem 0xf0000000-0xf7ffffff] reserved in A=
CPI motherboard resources
[    1.348020] PCI: Using host bridge windows from ACPI; if necessary, us=
e "pci=3Dnocrs" and report a bug
[    1.348588] ACPI: Enabled 11 GPEs in block 00 to 7F
[    1.350885] ACPI: PM: Power Resource [PG00] (on)
[    1.351347] ACPI: PM: Power Resource [PG01] (on)
[    1.351802] ACPI: PM: Power Resource [PG02] (on)
[    1.355112] ACPI: PM: Power Resource [PUBS] (on)
[    1.359414] ACPI: PM: Power Resource [BTPR] (on)
[    1.360564] ACPI: PM: Power Resource [USBC] (on)
[    1.361121] ACPI: PM: Power Resource [PXP] (on)
[    1.365637] ACPI: PM: Power Resource [PXP] (on)
[    1.375146] ACPI: PM: Power Resource [V0PR] (on)
[    1.375380] ACPI: PM: Power Resource [V1PR] (on)
[    1.375605] ACPI: PM: Power Resource [V2PR] (on)
[    1.377175] ACPI: PM: Power Resource [WRST] (on)
[    1.381096] ACPI: PM: Power Resource [PIN] (off)
[    1.381128] ACPI: PM: Power Resource [PINP] (off)
[    1.381806] ACPI: PCI Root Bridge [PCI0] (domain 0000 [bus 00-7e])
[    1.381817] acpi PNP0A08:00: _OSC: OS supports [ExtendedConfig ASPM Cl=
ockPM Segments MSI HPX-Type3]
[    1.387301] acpi PNP0A08:00: _OSC: platform does not support [AER]
[    1.389988] acpi PNP0A08:00: _OSC: OS now controls [PCIeHotplug SHPCHo=
tplug PME PCIeCapability LTR]
[    1.389992] acpi PNP0A08:00: FADT indicates ASPM is unsupported, using=
 BIOS configuration
[    1.393516] PCI host bridge to bus 0000:00
[    1.393520] pci_bus 0000:00: root bus resource [io  0x0000-0x0cf7 wind=
ow]
[    1.393523] pci_bus 0000:00: root bus resource [io  0x0d00-0xffff wind=
ow]
[    1.393526] pci_bus 0000:00: root bus resource [mem 0x000a0000-0x000bf=
fff window]
[    1.393528] pci_bus 0000:00: root bus resource [mem 0xbe800000-0xeffff=
fff window]
[    1.393531] pci_bus 0000:00: root bus resource [mem 0x4000000000-0x7ff=
fffffff window]
[    1.393534] pci_bus 0000:00: root bus resource [mem 0xfc800000-0xfe7ff=
fff window]
[    1.393537] pci_bus 0000:00: root bus resource [bus 00-7e]
[    1.393557] pci 0000:00:00.0: calling  quirk_mmio_always_on+0x0/0x20 @=
 1
[    1.393563] pci 0000:00:00.0: quirk_mmio_always_on+0x0/0x20 took 0 use=
cs
[    1.393567] pci 0000:00:00.0: [8086:9b54] type 00 class 0x060000
[    1.393591] pci 0000:00:00.0: calling  quirk_igfx_skip_te_disable+0x0/=
0x60 @ 1
[    1.393597] pci 0000:00:00.0: quirk_igfx_skip_te_disable+0x0/0x60 took=
 0 usecs
[    1.394859] pci 0000:00:01.0: calling  quirk_cmd_compl+0x0/0x70 @ 1
[    1.394865] pci 0000:00:01.0: quirk_cmd_compl+0x0/0x70 took 0 usecs
[    1.394868] pci 0000:00:01.0: calling  quirk_no_aersid+0x0/0x30 @ 1
[    1.394874] pci 0000:00:01.0: quirk_no_aersid+0x0/0x30 took 0 usecs
[    1.394878] pci 0000:00:01.0: [8086:1901] type 01 class 0x060400
[    1.394908] pci 0000:00:01.0: calling  quirk_igfx_skip_te_disable+0x0/=
0x60 @ 1
[    1.394913] pci 0000:00:01.0: quirk_igfx_skip_te_disable+0x0/0x60 took=
 0 usecs
[    1.394917] pci 0000:00:01.0: calling  pci_fixup_transparent_bridge+0x=
0/0x20 @ 1
[    1.394923] pci 0000:00:01.0: pci_fixup_transparent_bridge+0x0/0x20 to=
ok 0 usecs
[    1.394943] pci 0000:00:01.0: PME# supported from D0 D3hot D3cold
[    1.396337] pci 0000:00:02.0: [8086:9bc4] type 00 class 0x030000
[    1.396348] pci 0000:00:02.0: reg 0x10: [mem 0x6040000000-0x6040ffffff=
 64bit]
[    1.396356] pci 0000:00:02.0: reg 0x18: [mem 0x4000000000-0x400fffffff=
 64bit pref]
[    1.396361] pci 0000:00:02.0: reg 0x20: [io  0x4000-0x403f]
[    1.396379] pci 0000:00:02.0: calling  efifb_fixup_resources+0x0/0xf0 =
@ 1
[    1.396385] pci 0000:00:02.0: BAR 2: assigned to efifb
[    1.396387] pci 0000:00:02.0: efifb_fixup_resources+0x0/0xf0 took 0 us=
ecs
[    1.396390] pci 0000:00:02.0: calling  quirk_igfx_skip_te_disable+0x0/=
0x60 @ 1
[    1.396395] pci 0000:00:02.0: quirk_igfx_skip_te_disable+0x0/0x60 took=
 0 usecs
[    1.397701] pci 0000:00:04.0: [8086:1903] type 00 class 0x118000
[    1.397712] pci 0000:00:04.0: reg 0x10: [mem 0x6041110000-0x6041117fff=
 64bit]
[    1.397733] pci 0000:00:04.0: calling  quirk_igfx_skip_te_disable+0x0/=
0x60 @ 1
[    1.397739] pci 0000:00:04.0: quirk_igfx_skip_te_disable+0x0/0x60 took=
 0 usecs
[    1.399108] pci 0000:00:08.0: [8086:1911] type 00 class 0x088000
[    1.399118] pci 0000:00:08.0: reg 0x10: [mem 0x6041128000-0x6041128fff=
 64bit]
[    1.399138] pci 0000:00:08.0: calling  quirk_igfx_skip_te_disable+0x0/=
0x60 @ 1
[    1.399144] pci 0000:00:08.0: quirk_igfx_skip_te_disable+0x0/0x60 took=
 0 usecs
[    1.400451] pci 0000:00:12.0: [8086:06f9] type 00 class 0x118000
[    1.400469] pci 0000:00:12.0: reg 0x10: [mem 0x6041127000-0x6041127fff=
 64bit]
[    1.400505] pci 0000:00:12.0: calling  quirk_igfx_skip_te_disable+0x0/=
0x60 @ 1
[    1.400510] pci 0000:00:12.0: quirk_igfx_skip_te_disable+0x0/0x60 took=
 0 usecs
[    1.401831] pci 0000:00:14.0: [8086:06ed] type 00 class 0x0c0330
[    1.401848] pci 0000:00:14.0: reg 0x10: [mem 0x6041100000-0x604110ffff=
 64bit]
[    1.401886] pci 0000:00:14.0: calling  quirk_igfx_skip_te_disable+0x0/=
0x60 @ 1
[    1.401891] pci 0000:00:14.0: quirk_igfx_skip_te_disable+0x0/0x60 took=
 0 usecs
[    1.401925] pci 0000:00:14.0: PME# supported from D3hot D3cold
[    1.403305] pci 0000:00:14.2: [8086:06ef] type 00 class 0x050000
[    1.403325] pci 0000:00:14.2: reg 0x10: [mem 0x6041120000-0x6041121fff=
 64bit]
[    1.403337] pci 0000:00:14.2: reg 0x18: [mem 0x6041126000-0x6041126fff=
 64bit]
[    1.403364] pci 0000:00:14.2: calling  quirk_igfx_skip_te_disable+0x0/=
0x60 @ 1
[    1.403369] pci 0000:00:14.2: quirk_igfx_skip_te_disable+0x0/0x60 took=
 0 usecs
[    1.404705] pci 0000:00:14.3: [8086:06f0] type 00 class 0x028000
[    1.404791] pci 0000:00:14.3: reg 0x10: [mem 0x604111c000-0x604111ffff=
 64bit]
[    1.404906] pci 0000:00:14.3: calling  quirk_igfx_skip_te_disable+0x0/=
0x60 @ 1
[    1.404912] pci 0000:00:14.3: quirk_igfx_skip_te_disable+0x0/0x60 took=
 0 usecs
[    1.405033] pci 0000:00:14.3: PME# supported from D0 D3hot D3cold
[    1.406460] pci 0000:00:15.0: [8086:06e8] type 00 class 0x0c8000
[    1.406502] pci 0000:00:15.0: reg 0x10: [mem 0x6041125000-0x6041125fff=
 64bit]
[    1.406584] pci 0000:00:15.0: calling  quirk_igfx_skip_te_disable+0x0/=
0x60 @ 1
[    1.406590] pci 0000:00:15.0: quirk_igfx_skip_te_disable+0x0/0x60 took=
 0 usecs
[    1.408027] pci 0000:00:15.1: [8086:06e9] type 00 class 0x0c8000
[    1.408076] pci 0000:00:15.1: reg 0x10: [mem 0x6041124000-0x6041124fff=
 64bit]
[    1.408184] pci 0000:00:15.1: calling  quirk_igfx_skip_te_disable+0x0/=
0x60 @ 1
[    1.408190] pci 0000:00:15.1: quirk_igfx_skip_te_disable+0x0/0x60 took=
 0 usecs
[    1.409640] pci 0000:00:16.0: [8086:06e0] type 00 class 0x078000
[    1.409661] pci 0000:00:16.0: reg 0x10: [mem 0x6041123000-0x6041123fff=
 64bit]
[    1.409703] pci 0000:00:16.0: calling  quirk_igfx_skip_te_disable+0x0/=
0x60 @ 1
[    1.409709] pci 0000:00:16.0: quirk_igfx_skip_te_disable+0x0/0x60 took=
 0 usecs
[    1.409749] pci 0000:00:16.0: PME# supported from D3hot
[    1.411164] pci 0000:00:1c.0: calling  quirk_cmd_compl+0x0/0x70 @ 1
[    1.411169] pci 0000:00:1c.0: quirk_cmd_compl+0x0/0x70 took 0 usecs
[    1.411173] pci 0000:00:1c.0: calling  quirk_no_aersid+0x0/0x30 @ 1
[    1.411177] pci 0000:00:1c.0: quirk_no_aersid+0x0/0x30 took 0 usecs
[    1.411182] pci 0000:00:1c.0: [8086:06b8] type 01 class 0x060400
[    1.411232] pci 0000:00:1c.0: calling  quirk_igfx_skip_te_disable+0x0/=
0x60 @ 1
[    1.411237] pci 0000:00:1c.0: quirk_igfx_skip_te_disable+0x0/0x60 took=
 0 usecs
[    1.411242] pci 0000:00:1c.0: calling  pci_fixup_transparent_bridge+0x=
0/0x20 @ 1
[    1.411247] pci 0000:00:1c.0: pci_fixup_transparent_bridge+0x0/0x20 to=
ok 0 usecs
[    1.412494] pci 0000:00:1c.0: PME# supported from D0 D3hot D3cold
[    1.412526] pci 0000:00:1c.0: PTM enabled (root), 4ns granularity
[    1.412724] pci 0000:00:1c.6: calling  quirk_cmd_compl+0x0/0x70 @ 1
[    1.412730] pci 0000:00:1c.6: quirk_cmd_compl+0x0/0x70 took 0 usecs
[    1.412733] pci 0000:00:1c.6: calling  quirk_no_aersid+0x0/0x30 @ 1
[    1.412738] pci 0000:00:1c.6: quirk_no_aersid+0x0/0x30 took 0 usecs
[    1.412742] pci 0000:00:1c.6: [8086:06be] type 01 class 0x060400
[    1.412793] pci 0000:00:1c.6: calling  quirk_igfx_skip_te_disable+0x0/=
0x60 @ 1
[    1.412798] pci 0000:00:1c.6: quirk_igfx_skip_te_disable+0x0/0x60 took=
 0 usecs
[    1.412803] pci 0000:00:1c.6: calling  pci_fixup_transparent_bridge+0x=
0/0x20 @ 1
[    1.412808] pci 0000:00:1c.6: pci_fixup_transparent_bridge+0x0/0x20 to=
ok 0 usecs
[    1.412854] pci 0000:00:1c.6: PME# supported from D0 D3hot D3cold
[    1.412884] pci 0000:00:1c.6: PTM enabled (root), 4ns granularity
[    1.414255] pci 0000:00:1c.7: calling  quirk_cmd_compl+0x0/0x70 @ 1
[    1.414261] pci 0000:00:1c.7: quirk_cmd_compl+0x0/0x70 took 0 usecs
[    1.414264] pci 0000:00:1c.7: calling  quirk_no_aersid+0x0/0x30 @ 1
[    1.414269] pci 0000:00:1c.7: quirk_no_aersid+0x0/0x30 took 0 usecs
[    1.414273] pci 0000:00:1c.7: [8086:06bf] type 01 class 0x060400
[    1.414325] pci 0000:00:1c.7: calling  quirk_igfx_skip_te_disable+0x0/=
0x60 @ 1
[    1.414330] pci 0000:00:1c.7: quirk_igfx_skip_te_disable+0x0/0x60 took=
 0 usecs
[    1.414335] pci 0000:00:1c.7: calling  pci_fixup_transparent_bridge+0x=
0/0x20 @ 1
[    1.414340] pci 0000:00:1c.7: pci_fixup_transparent_bridge+0x0/0x20 to=
ok 0 usecs
[    1.414386] pci 0000:00:1c.7: PME# supported from D0 D3hot D3cold
[    1.414415] pci 0000:00:1c.7: PTM enabled (root), 4ns granularity
[    1.415787] pci 0000:00:1d.0: calling  quirk_cmd_compl+0x0/0x70 @ 1
[    1.415793] pci 0000:00:1d.0: quirk_cmd_compl+0x0/0x70 took 0 usecs
[    1.415796] pci 0000:00:1d.0: calling  quirk_no_aersid+0x0/0x30 @ 1
[    1.415801] pci 0000:00:1d.0: quirk_no_aersid+0x0/0x30 took 0 usecs
[    1.415805] pci 0000:00:1d.0: [8086:06b0] type 01 class 0x060400
[    1.415861] pci 0000:00:1d.0: calling  quirk_igfx_skip_te_disable+0x0/=
0x60 @ 1
[    1.415866] pci 0000:00:1d.0: quirk_igfx_skip_te_disable+0x0/0x60 took=
 0 usecs
[    1.415870] pci 0000:00:1d.0: calling  pci_fixup_transparent_bridge+0x=
0/0x20 @ 1
[    1.415875] pci 0000:00:1d.0: pci_fixup_transparent_bridge+0x0/0x20 to=
ok 0 usecs
[    1.415925] pci 0000:00:1d.0: PME# supported from D0 D3hot D3cold
[    1.415958] pci 0000:00:1d.0: PTM enabled (root), 4ns granularity
[    1.417359] pci 0000:00:1f.0: [8086:068e] type 00 class 0x060100
[    1.417429] pci 0000:00:1f.0: calling  quirk_igfx_skip_te_disable+0x0/=
0x60 @ 1
[    1.417435] pci 0000:00:1f.0: quirk_igfx_skip_te_disable+0x0/0x60 took=
 0 usecs
[    1.418805] pci 0000:00:1f.3: [8086:06c8] type 00 class 0x040380
[    1.418839] pci 0000:00:1f.3: reg 0x10: [mem 0x6041118000-0x604111bfff=
 64bit]
[    1.418877] pci 0000:00:1f.3: reg 0x20: [mem 0x6041000000-0x60410fffff=
 64bit]
[    1.418900] pci 0000:00:1f.3: calling  quirk_igfx_skip_te_disable+0x0/=
0x60 @ 1
[    1.418905] pci 0000:00:1f.3: quirk_igfx_skip_te_disable+0x0/0x60 took=
 0 usecs
[    1.418970] pci 0000:00:1f.3: PME# supported from D3hot D3cold
[    1.420365] pci 0000:00:1f.4: [8086:06a3] type 00 class 0x0c0500
[    1.420390] pci 0000:00:1f.4: reg 0x10: [mem 0x6041122000-0x60411220ff=
 64bit]
[    1.420419] pci 0000:00:1f.4: reg 0x20: [io  0xefa0-0xefbf]
[    1.420450] pci 0000:00:1f.4: calling  quirk_igfx_skip_te_disable+0x0/=
0x60 @ 1
[    1.420455] pci 0000:00:1f.4: quirk_igfx_skip_te_disable+0x0/0x60 took=
 0 usecs
[    1.421797] pci 0000:00:1f.5: [8086:06a4] type 00 class 0x0c8000
[    1.421814] pci 0000:00:1f.5: reg 0x10: [mem 0xfe010000-0xfe010fff]
[    1.421870] pci 0000:00:1f.5: calling  quirk_igfx_skip_te_disable+0x0/=
0x60 @ 1
[    1.421875] pci 0000:00:1f.5: quirk_igfx_skip_te_disable+0x0/0x60 took=
 0 usecs
[    1.423148] pci 0000:00:1f.6: calling  quirk_f0_vpd_link+0x0/0x60 @ 1
[    1.423154] pci 0000:00:1f.6: quirk_f0_vpd_link+0x0/0x60 took 0 usecs
[    1.423157] pci 0000:00:1f.6: [8086:0d4d] type 00 class 0x020000
[    1.423195] pci 0000:00:1f.6: reg 0x10: [mem 0xee480000-0xee49ffff]
[    1.423298] pci 0000:00:1f.6: calling  quirk_igfx_skip_te_disable+0x0/=
0x60 @ 1
[    1.423303] pci 0000:00:1f.6: quirk_igfx_skip_te_disable+0x0/0x60 took=
 0 usecs
[    1.423366] pci 0000:00:1f.6: PME# supported from D0 D3hot D3cold
[    1.424711] pci 0000:01:00.0: [10de:1fb8] type 00 class 0x030000
[    1.424735] pci 0000:01:00.0: reg 0x10: [mem 0xed000000-0xedffffff]
[    1.424755] pci 0000:01:00.0: reg 0x14: [mem 0xc0000000-0xcfffffff 64b=
it pref]
[    1.424775] pci 0000:01:00.0: reg 0x1c: [mem 0xd0000000-0xd1ffffff 64b=
it pref]
[    1.424789] pci 0000:01:00.0: reg 0x24: [io  0x3000-0x307f]
[    1.424802] pci 0000:01:00.0: reg 0x30: [mem 0xfff80000-0xffffffff pre=
f]
[    1.424829] pci 0000:01:00.0: calling  quirk_nvidia_hda+0x0/0x60 @ 1
[    1.424836] pci 0000:01:00.0: quirk_nvidia_hda+0x0/0x60 took 0 usecs
[    1.424839] pci 0000:01:00.0: calling  efifb_fixup_resources+0x0/0xf0 =
@ 1
[    1.424843] pci 0000:01:00.0: efifb_fixup_resources+0x0/0xf0 took 0 us=
ecs
[    1.424905] pci 0000:01:00.0: PME# supported from D0 D3hot D3cold
[    1.425064] pci 0000:01:00.1: [10de:10fa] type 00 class 0x040300
[    1.425085] pci 0000:01:00.1: reg 0x10: [mem 0xee000000-0xee003fff]
[    1.425306] pci 0000:00:01.0: PCI bridge to [bus 01]
[    1.425310] pci 0000:00:01.0:   bridge window [io  0x3000-0x3fff]
[    1.425314] pci 0000:00:01.0:   bridge window [mem 0xed000000-0xee0fff=
ff]
[    1.425318] pci 0000:00:01.0:   bridge window [mem 0xc0000000-0xd1ffff=
ff 64bit pref]
[    1.425394] pci 0000:04:00.0: calling  quirk_cmd_compl+0x0/0x70 @ 1
[    1.425398] pci 0000:04:00.0: quirk_cmd_compl+0x0/0x70 took 0 usecs
[    1.425401] pci 0000:04:00.0: calling  quirk_no_aersid+0x0/0x30 @ 1
[    1.425406] pci 0000:04:00.0: quirk_no_aersid+0x0/0x30 took 0 usecs
[    1.425410] pci 0000:04:00.0: [8086:15ea] type 01 class 0x060400
[    1.425466] pci 0000:04:00.0: enabling Extended Tags
[    1.425494] pci 0000:04:00.0: calling  quirk_igfx_skip_te_disable+0x0/=
0x60 @ 1
[    1.425499] pci 0000:04:00.0: quirk_igfx_skip_te_disable+0x0/0x60 took=
 0 usecs
[    1.425503] pci 0000:04:00.0: calling  pci_fixup_transparent_bridge+0x=
0/0x20 @ 1
[    1.425508] pci 0000:04:00.0: pci_fixup_transparent_bridge+0x0/0x20 to=
ok 0 usecs
[    1.425592] pci 0000:04:00.0: supports D1 D2
[    1.425594] pci 0000:04:00.0: PME# supported from D0 D1 D2 D3hot D3col=
d
[    1.425687] pci 0000:04:00.0: PTM enabled, 4ns granularity
[    1.425775] pci 0000:00:1c.0: PCI bridge to [bus 04-51]
[    1.425781] pci 0000:00:1c.0:   bridge window [mem 0xd4000000-0xec1fff=
ff]
[    1.425787] pci 0000:00:1c.0:   bridge window [mem 0x6000000000-0x603f=
ffffff 64bit pref]
[    1.425865] pci 0000:05:00.0: calling  quirk_cmd_compl+0x0/0x70 @ 1
[    1.425870] pci 0000:05:00.0: quirk_cmd_compl+0x0/0x70 took 0 usecs
[    1.425873] pci 0000:05:00.0: calling  quirk_no_aersid+0x0/0x30 @ 1
[    1.425878] pci 0000:05:00.0: quirk_no_aersid+0x0/0x30 took 0 usecs
[    1.425882] pci 0000:05:00.0: [8086:15ea] type 01 class 0x060400
[    1.425940] pci 0000:05:00.0: enabling Extended Tags
[    1.425968] pci 0000:05:00.0: calling  quirk_igfx_skip_te_disable+0x0/=
0x60 @ 1
[    1.425973] pci 0000:05:00.0: quirk_igfx_skip_te_disable+0x0/0x60 took=
 0 usecs
[    1.425977] pci 0000:05:00.0: calling  pci_fixup_transparent_bridge+0x=
0/0x20 @ 1
[    1.425982] pci 0000:05:00.0: pci_fixup_transparent_bridge+0x0/0x20 to=
ok 0 usecs
[    1.426066] pci 0000:05:00.0: supports D1 D2
[    1.426068] pci 0000:05:00.0: PME# supported from D0 D1 D2 D3hot D3col=
d
[    1.426200] pci 0000:05:01.0: calling  quirk_cmd_compl+0x0/0x70 @ 1
[    1.426205] pci 0000:05:01.0: quirk_cmd_compl+0x0/0x70 took 0 usecs
[    1.426208] pci 0000:05:01.0: calling  quirk_no_aersid+0x0/0x30 @ 1
[    1.426213] pci 0000:05:01.0: quirk_no_aersid+0x0/0x30 took 0 usecs
[    1.426217] pci 0000:05:01.0: [8086:15ea] type 01 class 0x060400
[    1.426276] pci 0000:05:01.0: enabling Extended Tags
[    1.426306] pci 0000:05:01.0: calling  quirk_igfx_skip_te_disable+0x0/=
0x60 @ 1
[    1.426311] pci 0000:05:01.0: quirk_igfx_skip_te_disable+0x0/0x60 took=
 0 usecs
[    1.426316] pci 0000:05:01.0: calling  pci_fixup_transparent_bridge+0x=
0/0x20 @ 1
[    1.426320] pci 0000:05:01.0: pci_fixup_transparent_bridge+0x0/0x20 to=
ok 0 usecs
[    1.426403] pci 0000:05:01.0: supports D1 D2
[    1.426405] pci 0000:05:01.0: PME# supported from D0 D1 D2 D3hot D3col=
d
[    1.426534] pci 0000:05:02.0: calling  quirk_cmd_compl+0x0/0x70 @ 1
[    1.426539] pci 0000:05:02.0: quirk_cmd_compl+0x0/0x70 took 0 usecs
[    1.426541] pci 0000:05:02.0: calling  quirk_no_aersid+0x0/0x30 @ 1
[    1.426546] pci 0000:05:02.0: quirk_no_aersid+0x0/0x30 took 0 usecs
[    1.426550] pci 0000:05:02.0: [8086:15ea] type 01 class 0x060400
[    1.426609] pci 0000:05:02.0: enabling Extended Tags
[    1.426636] pci 0000:05:02.0: calling  quirk_igfx_skip_te_disable+0x0/=
0x60 @ 1
[    1.426641] pci 0000:05:02.0: quirk_igfx_skip_te_disable+0x0/0x60 took=
 0 usecs
[    1.426646] pci 0000:05:02.0: calling  pci_fixup_transparent_bridge+0x=
0/0x20 @ 1
[    1.426650] pci 0000:05:02.0: pci_fixup_transparent_bridge+0x0/0x20 to=
ok 0 usecs
[    1.426732] pci 0000:05:02.0: supports D1 D2
[    1.426734] pci 0000:05:02.0: PME# supported from D0 D1 D2 D3hot D3col=
d
[    1.426880] pci 0000:05:04.0: calling  quirk_cmd_compl+0x0/0x70 @ 1
[    1.426885] pci 0000:05:04.0: quirk_cmd_compl+0x0/0x70 took 0 usecs
[    1.426888] pci 0000:05:04.0: calling  quirk_no_aersid+0x0/0x30 @ 1
[    1.426892] pci 0000:05:04.0: quirk_no_aersid+0x0/0x30 took 0 usecs
[    1.426897] pci 0000:05:04.0: [8086:15ea] type 01 class 0x060400
[    1.426954] pci 0000:05:04.0: enabling Extended Tags
[    1.426985] pci 0000:05:04.0: calling  quirk_igfx_skip_te_disable+0x0/=
0x60 @ 1
[    1.426990] pci 0000:05:04.0: quirk_igfx_skip_te_disable+0x0/0x60 took=
 0 usecs
[    1.426994] pci 0000:05:04.0: calling  pci_fixup_transparent_bridge+0x=
0/0x20 @ 1
[    1.426999] pci 0000:05:04.0: pci_fixup_transparent_bridge+0x0/0x20 to=
ok 0 usecs
[    1.427082] pci 0000:05:04.0: supports D1 D2
[    1.427084] pci 0000:05:04.0: PME# supported from D0 D1 D2 D3hot D3col=
d
[    1.427223] pci 0000:04:00.0: PCI bridge to [bus 05-51]
[    1.427233] pci 0000:04:00.0:   bridge window [mem 0xd4000000-0xec1fff=
ff]
[    1.427240] pci 0000:04:00.0:   bridge window [mem 0x6000000000-0x603f=
ffffff 64bit pref]
[    1.427311] pci 0000:06:00.0: [8086:15eb] type 00 class 0x088000
[    1.427329] pci 0000:06:00.0: reg 0x10: [mem 0xec100000-0xec13ffff]
[    1.427339] pci 0000:06:00.0: reg 0x14: [mem 0xec140000-0xec140fff]
[    1.427387] pci 0000:06:00.0: enabling Extended Tags
[    1.427414] pci 0000:06:00.0: calling  quirk_igfx_skip_te_disable+0x0/=
0x60 @ 1
[    1.427419] pci 0000:06:00.0: quirk_igfx_skip_te_disable+0x0/0x60 took=
 0 usecs
[    1.427508] pci 0000:06:00.0: supports D1 D2
[    1.427510] pci 0000:06:00.0: PME# supported from D0 D1 D2 D3hot D3col=
d
[    1.427644] pci 0000:05:00.0: PCI bridge to [bus 06]
[    1.427654] pci 0000:05:00.0:   bridge window [mem 0xec100000-0xec1fff=
ff]
[    1.427703] pci 0000:05:01.0: PCI bridge to [bus 07-2b]
[    1.427712] pci 0000:05:01.0:   bridge window [mem 0xe0100000-0xec0fff=
ff]
[    1.427720] pci 0000:05:01.0:   bridge window [mem 0x6020000000-0x603f=
ffffff 64bit pref]
[    1.427807] pci 0000:2c:00.0: [8086:15ec] type 00 class 0x0c0330
[    1.427830] pci 0000:2c:00.0: reg 0x10: [mem 0xe0000000-0xe000ffff]
[    1.427909] pci 0000:2c:00.0: enabling Extended Tags
[    1.427941] pci 0000:2c:00.0: calling  quirk_igfx_skip_te_disable+0x0/=
0x60 @ 1
[    1.427946] pci 0000:2c:00.0: quirk_igfx_skip_te_disable+0x0/0x60 took=
 0 usecs
[    1.428046] pci 0000:2c:00.0: supports D1 D2
[    1.428047] pci 0000:2c:00.0: PME# supported from D0 D1 D2 D3hot D3col=
d
[    1.428145] pci 0000:2c:00.0: 8.000 Gb/s available PCIe bandwidth, lim=
ited by 2.5 GT/s PCIe x4 link at 0000:05:02.0 (capable of 31.504 Gb/s wit=
h 8.0 GT/s PCIe x4 link)
[    1.428224] pci 0000:05:02.0: PCI bridge to [bus 2c]
[    1.428233] pci 0000:05:02.0:   bridge window [mem 0xe0000000-0xe00fff=
ff]
[    1.428283] pci 0000:05:04.0: PCI bridge to [bus 2d-51]
[    1.428293] pci 0000:05:04.0:   bridge window [mem 0xd4000000-0xdfffff=
ff]
[    1.428300] pci 0000:05:04.0:   bridge window [mem 0x6000000000-0x601f=
ffffff 64bit pref]
[    1.428507] pci 0000:53:00.0: [8086:7560] type 00 class 0x0d4000
[    1.428530] pci 0000:53:00.0: reg 0x10: [mem 0xee300000-0xee300fff 64b=
it]
[    1.428544] pci 0000:53:00.0: reg 0x18: [mem 0xee301000-0xee3010ff 64b=
it]
[    1.428588] pci 0000:53:00.0: calling  quirk_igfx_skip_te_disable+0x0/=
0x60 @ 1
[    1.428593] pci 0000:53:00.0: quirk_igfx_skip_te_disable+0x0/0x60 took=
 0 usecs
[    1.428767] pci 0000:53:00.0: PME# supported from D0 D3hot D3cold
[    1.429033] pci 0000:00:1c.6: PCI bridge to [bus 53]
[    1.429039] pci 0000:00:1c.6:   bridge window [mem 0xee300000-0xee3fff=
ff]
[    1.429116] pci 0000:54:00.0: [10ec:525a] type 00 class 0xff0000
[    1.429142] pci 0000:54:00.0: reg 0x14: [mem 0xee200000-0xee200fff]
[    1.429259] pci 0000:54:00.0: supports D1 D2
[    1.429261] pci 0000:54:00.0: PME# supported from D1 D2 D3hot D3cold
[    1.429421] pci 0000:00:1c.7: PCI bridge to [bus 54]
[    1.429426] pci 0000:00:1c.7:   bridge window [mem 0xee200000-0xee2fff=
ff]
[    1.429502] pci 0000:55:00.0: [15b7:5006] type 00 class 0x010802
[    1.429524] pci 0000:55:00.0: reg 0x10: [mem 0xee100000-0xee103fff 64b=
it]
[    1.429554] pci 0000:55:00.0: reg 0x20: [mem 0xee104000-0xee1040ff 64b=
it]
[    1.429756] pci 0000:00:1d.0: PCI bridge to [bus 55]
[    1.429761] pci 0000:00:1d.0:   bridge window [mem 0xee100000-0xee1fff=
ff]
[    1.434546] ACPI: EC: interrupt unblocked
[    1.434550] ACPI: EC: event unblocked
[    1.434565] ACPI: EC: EC_CMD/EC_SC=3D0x66, EC_DATA=3D0x62
[    1.434568] ACPI: EC: GPE=3D0x16
[    1.434570] ACPI: \_SB_.PCI0.LPCB.EC__: Boot ECDT EC initialization co=
mplete
[    1.434573] ACPI: \_SB_.PCI0.LPCB.EC__: EC: Used to handle transaction=
s and events
[    1.434622] initcall acpi_init+0x0/0x48d returned 0 after 257812 usecs=

[    1.434627] calling  adxl_init+0x0/0x196 @ 1
[    1.434634] initcall adxl_init+0x0/0x196 returned -19 after 0 usecs
[    1.434637] calling  pnp_init+0x0/0x17 @ 1
[    1.434645] initcall pnp_init+0x0/0x17 returned 0 after 0 usecs
[    1.434649] calling  balloon_init+0x0/0x13c @ 1
[    1.434653] initcall balloon_init+0x0/0x13c returned -19 after 0 usecs=

[    1.434657] calling  xen_setup_shutdown_event+0x0/0x40 @ 1
[    1.434661] initcall xen_setup_shutdown_event+0x0/0x40 returned -19 af=
ter 0 usecs
[    1.434664] calling  xenbus_probe_backend_init+0x0/0x73 @ 1
[    1.434672] initcall xenbus_probe_backend_init+0x0/0x73 returned 0 aft=
er 0 usecs
[    1.434676] calling  xenbus_probe_frontend_init+0x0/0x57 @ 1
[    1.434683] initcall xenbus_probe_frontend_init+0x0/0x57 returned 0 af=
ter 0 usecs
[    1.434687] calling  xen_acpi_pad_init+0x0/0x49 @ 1
[    1.434691] initcall xen_acpi_pad_init+0x0/0x49 returned -19 after 0 u=
secs
[    1.434695] calling  init+0x0/0x8b @ 1
[    1.434699] initcall init+0x0/0x8b returned -19 after 0 usecs
[    1.434702] calling  misc_init+0x0/0xca @ 1
[    1.434709] initcall misc_init+0x0/0xca returned 0 after 0 usecs
[    1.434712] calling  tpm_init+0x0/0xf6 @ 1
[    1.434726] initcall tpm_init+0x0/0xf6 returned 0 after 0 usecs
[    1.434726] calling  iommu_subsys_init+0x0/0x54 @ 1
[    1.434726] iommu: Default domain type: Translated=20
[    1.434726] initcall iommu_subsys_init+0x0/0x54 returned 0 after 0 use=
cs
[    1.434726] calling  vga_arb_device_init+0x0/0x277 @ 1
[    1.434726] pci 0000:00:02.0: vgaarb: VGA device added: decodes=3Dio+m=
em,owns=3Dmem,locks=3Dnone
[    1.434726] pci 0000:01:00.0: vgaarb: VGA device added: decodes=3Dio+m=
em,owns=3Dnone,locks=3Dnone
[    1.434726] pci 0000:00:02.0: vgaarb: no bridge control possible
[    1.434726] pci 0000:01:00.0: vgaarb: bridge control possible
[    1.434726] pci 0000:00:02.0: vgaarb: setting as boot device
[    1.434726] vgaarb: loaded
[    1.434726] initcall vga_arb_device_init+0x0/0x277 returned 0 after 0 =
usecs
[    1.434726] calling  cn_init+0x0/0xe0 @ 1
[    1.434726] initcall cn_init+0x0/0xe0 returned 0 after 0 usecs
[    1.434726] calling  pm860x_i2c_init+0x0/0x35 @ 1
[    1.434726] initcall pm860x_i2c_init+0x0/0x35 returned 0 after 0 usecs=

[    1.434726] calling  wm8400_driver_init+0x0/0x35 @ 1
[    1.434726] initcall wm8400_driver_init+0x0/0x35 returned 0 after 0 us=
ecs
[    1.434726] calling  wm831x_i2c_init+0x0/0x35 @ 1
[    1.434726] initcall wm831x_i2c_init+0x0/0x35 returned 0 after 0 usecs=

[    1.434726] calling  wm831x_spi_init+0x0/0x2d @ 1
[    1.434726] initcall wm831x_spi_init+0x0/0x2d returned 0 after 0 usecs=

[    1.434726] calling  wm8350_i2c_init+0x0/0x19 @ 1
[    1.434726] initcall wm8350_i2c_init+0x0/0x19 returned 0 after 0 usecs=

[    1.434726] calling  tps65910_i2c_init+0x0/0x19 @ 1
[    1.434726] initcall tps65910_i2c_init+0x0/0x19 returned 0 after 0 use=
cs
[    1.434726] calling  tps80031_init+0x0/0x19 @ 1
[    1.434726] initcall tps80031_init+0x0/0x19 returned 0 after 0 usecs
[    1.434726] calling  ezx_pcap_init+0x0/0x19 @ 1
[    1.434726] initcall ezx_pcap_init+0x0/0x19 returned 0 after 0 usecs
[    1.434726] calling  da903x_init+0x0/0x19 @ 1
[    1.434726] initcall da903x_init+0x0/0x19 returned 0 after 0 usecs
[    1.434726] calling  da9052_spi_init+0x0/0x35 @ 1
[    1.434726] initcall da9052_spi_init+0x0/0x35 returned 0 after 0 usecs=

[    1.434726] calling  da9052_i2c_init+0x0/0x35 @ 1
[    1.434726] initcall da9052_i2c_init+0x0/0x35 returned 0 after 0 usecs=

[    1.434726] calling  lp8788_init+0x0/0x19 @ 1
[    1.434726] initcall lp8788_init+0x0/0x19 returned 0 after 0 usecs
[    1.434726] calling  da9055_i2c_init+0x0/0x35 @ 1
[    1.434726] initcall da9055_i2c_init+0x0/0x35 returned 0 after 0 usecs=

[    1.434726] calling  max77843_i2c_init+0x0/0x19 @ 1
[    1.434726] initcall max77843_i2c_init+0x0/0x19 returned 0 after 0 use=
cs
[    1.434726] calling  max8925_i2c_init+0x0/0x35 @ 1
[    1.434726] initcall max8925_i2c_init+0x0/0x35 returned 0 after 0 usec=
s
[    1.434726] calling  max8997_i2c_init+0x0/0x19 @ 1
[    1.434726] initcall max8997_i2c_init+0x0/0x19 returned 0 after 0 usec=
s
[    1.434726] calling  max8998_i2c_init+0x0/0x19 @ 1
[    1.434726] initcall max8998_i2c_init+0x0/0x19 returned 0 after 0 usec=
s
[    1.434726] calling  ab3100_i2c_init+0x0/0x19 @ 1
[    1.434726] initcall ab3100_i2c_init+0x0/0x19 returned 0 after 0 usecs=

[    1.434726] calling  tps6586x_init+0x0/0x19 @ 1
[    1.434726] initcall tps6586x_init+0x0/0x19 returned 0 after 0 usecs
[    1.434726] calling  tps65090_init+0x0/0x19 @ 1
[    1.434726] initcall tps65090_init+0x0/0x19 returned 0 after 0 usecs
[    1.434726] calling  aat2870_init+0x0/0x19 @ 1
[    1.434726] initcall aat2870_init+0x0/0x19 returned 0 after 0 usecs
[    1.434726] calling  palmas_i2c_init+0x0/0x19 @ 1
[    1.434726] initcall palmas_i2c_init+0x0/0x19 returned 0 after 0 usecs=

[    1.434726] calling  rc5t583_i2c_init+0x0/0x19 @ 1
[    1.434726] initcall rc5t583_i2c_init+0x0/0x19 returned 0 after 0 usec=
s
[    1.434726] calling  sec_pmic_init+0x0/0x19 @ 1
[    1.434726] initcall sec_pmic_init+0x0/0x19 returned 0 after 0 usecs
[    1.434726] calling  as3711_i2c_init+0x0/0x19 @ 1
[    1.434726] initcall as3711_i2c_init+0x0/0x19 returned 0 after 0 usecs=

[    1.434726] calling  libnvdimm_init+0x0/0x49 @ 1
[    1.434726] initcall libnvdimm_init+0x0/0x49 returned 0 after 0 usecs
[    1.434726] calling  dax_core_init+0x0/0xc9 @ 1
[    1.434726] initcall dax_core_init+0x0/0xc9 returned 0 after 0 usecs
[    1.434726] calling  dma_buf_init+0x0/0xcf @ 1
[    1.434726] initcall dma_buf_init+0x0/0xcf returned 0 after 0 usecs
[    1.434726] calling  dma_heap_init+0x0/0x80 @ 1
[    1.434726] initcall dma_heap_init+0x0/0x80 returned 0 after 0 usecs
[    1.434726] calling  init_scsi+0x0/0x8d @ 1
[    1.434726] SCSI subsystem initialized
[    1.434726] initcall init_scsi+0x0/0x8d returned 0 after 0 usecs
[    1.434726] calling  ata_init+0x0/0x33c @ 1
[    1.434726] libata version 3.00 loaded.
[    1.434726] initcall ata_init+0x0/0x33c returned 0 after 0 usecs
[    1.434726] calling  phy_init+0x0/0x2c8 @ 1
[    1.434726] initcall phy_init+0x0/0x2c8 returned 0 after 0 usecs
[    1.434726] calling  usb_common_init+0x0/0x27 @ 1
[    1.434726] initcall usb_common_init+0x0/0x27 returned 0 after 0 usecs=

[    1.434726] calling  usb_init+0x0/0x13d @ 1
[    1.434726] ACPI: bus type USB registered
[    1.434726] usbcore: registered new interface driver usbfs
[    1.434726] usbcore: registered new interface driver hub
[    1.434726] usbcore: registered new device driver usb
[    1.434726] initcall usb_init+0x0/0x13d returned 0 after 0 usecs
[    1.434726] calling  xdbc_init+0x0/0x158 @ 1
[    1.434726] initcall xdbc_init+0x0/0x158 returned 0 after 0 usecs
[    1.434726] calling  usb_roles_init+0x0/0x35 @ 1
[    1.434726] initcall usb_roles_init+0x0/0x35 returned 0 after 0 usecs
[    1.434726] calling  serio_init+0x0/0x33 @ 1
[    1.434726] initcall serio_init+0x0/0x33 returned 0 after 0 usecs
[    1.434726] calling  input_init+0x0/0x109 @ 1
[    1.434726] initcall input_init+0x0/0x109 returned 0 after 0 usecs
[    1.434726] calling  rtc_init+0x0/0x52 @ 1
[    1.434726] initcall rtc_init+0x0/0x52 returned 0 after 0 usecs
[    1.434726] calling  dw_i2c_init_driver+0x0/0x19 @ 1
[    1.434726] initcall dw_i2c_init_driver+0x0/0x19 returned 0 after 0 us=
ecs
[    1.434726] calling  pps_init+0x0/0xb5 @ 1
[    1.434726] pps_core: LinuxPPS API ver. 1 registered
[    1.434726] pps_core: Software ver. 5.3.6 - Copyright 2005-2007 Rodolf=
o Giometti <giometti@linux.it>
[    1.434726] initcall pps_init+0x0/0xb5 returned 0 after 0 usecs
[    1.434726] calling  ptp_init+0x0/0xa4 @ 1
[    1.434726] PTP clock support registered
[    1.434726] initcall ptp_init+0x0/0xa4 returned 0 after 0 usecs
[    1.434726] calling  power_supply_class_init+0x0/0x45 @ 1
[    1.434726] initcall power_supply_class_init+0x0/0x45 returned 0 after=
 0 usecs
[    1.434726] calling  hwmon_init+0x0/0xf6 @ 1
[    1.434726] initcall hwmon_init+0x0/0xf6 returned 0 after 0 usecs
[    1.434726] calling  md_init+0x0/0x164 @ 1
[    1.434726] initcall md_init+0x0/0x164 returned 0 after 0 usecs
[    1.434726] calling  edac_init+0x0/0x7b @ 1
[    1.434726] EDAC MC: Ver: 3.0.0
[    1.434726] initcall edac_init+0x0/0x7b returned 0 after 0 usecs
[    1.434726] calling  mmc_init+0x0/0x40 @ 1
[    1.434726] initcall mmc_init+0x0/0x40 returned 0 after 0 usecs
[    1.434726] calling  leds_init+0x0/0x41 @ 1
[    1.434726] initcall leds_init+0x0/0x41 returned 0 after 0 usecs
[    1.434726] calling  dmi_init+0x0/0x123 @ 1
[    1.434726] initcall dmi_init+0x0/0x123 returned 0 after 0 usecs
[    1.434726] calling  efisubsys_init+0x0/0x4f8 @ 1
[    1.434726] Registered efivars operations
[    1.434726] initcall efisubsys_init+0x0/0x4f8 returned 0 after 0 usecs=

[    1.434726] calling  intel_scu_ipc_init+0x0/0x1e @ 1
[    1.434726] initcall intel_scu_ipc_init+0x0/0x1e returned 0 after 0 us=
ecs
[    1.434726] calling  remoteproc_init+0x0/0x35 @ 1
[    1.434726] initcall remoteproc_init+0x0/0x35 returned 0 after 0 usecs=

[    1.434726] calling  devfreq_init+0x0/0xd8 @ 1
[    1.434726] initcall devfreq_init+0x0/0xd8 returned 0 after 0 usecs
[    1.434726] calling  devfreq_event_init+0x0/0x54 @ 1
[    1.434726] initcall devfreq_event_init+0x0/0x54 returned 0 after 0 us=
ecs
[    1.434726] calling  devfreq_simple_ondemand_init+0x0/0x17 @ 1
[    1.434726] initcall devfreq_simple_ondemand_init+0x0/0x17 returned 0 =
after 0 usecs
[    1.434726] calling  devfreq_performance_init+0x0/0x17 @ 1
[    1.434726] initcall devfreq_performance_init+0x0/0x17 returned 0 afte=
r 0 usecs
[    1.434726] calling  devfreq_powersave_init+0x0/0x17 @ 1
[    1.434726] initcall devfreq_powersave_init+0x0/0x17 returned 0 after =
0 usecs
[    1.434726] calling  devfreq_userspace_init+0x0/0x17 @ 1
[    1.434726] initcall devfreq_userspace_init+0x0/0x17 returned 0 after =
0 usecs
[    1.434726] calling  devfreq_passive_init+0x0/0x17 @ 1
[    1.434726] initcall devfreq_passive_init+0x0/0x17 returned 0 after 0 =
usecs
[    1.434726] calling  vme_init+0x0/0x17 @ 1
[    1.434726] initcall vme_init+0x0/0x17 returned 0 after 0 usecs
[    1.434726] calling  ras_init+0x0/0x15 @ 1
[    1.434726] initcall ras_init+0x0/0x15 returned 0 after 0 usecs
[    1.434726] calling  nvmem_init+0x0/0x17 @ 1
[    1.434726] initcall nvmem_init+0x0/0x17 returned 0 after 0 usecs
[    1.434726] calling  proto_init+0x0/0x17 @ 1
[    1.434726] initcall proto_init+0x0/0x17 returned 0 after 0 usecs
[    1.434726] calling  net_dev_init+0x0/0x246 @ 1
[    1.434726] initcall net_dev_init+0x0/0x246 returned 0 after 0 usecs
[    1.434726] calling  neigh_init+0x0/0x8a @ 1
[    1.434726] initcall neigh_init+0x0/0x8a returned 0 after 0 usecs
[    1.434726] calling  fib_notifier_init+0x0/0x17 @ 1
[    1.434726] initcall fib_notifier_init+0x0/0x17 returned 0 after 0 use=
cs
[    1.434726] calling  fib_rules_init+0x0/0xb7 @ 1
[    1.434726] initcall fib_rules_init+0x0/0xb7 returned 0 after 0 usecs
[    1.434726] calling  init_cgroup_netprio+0x0/0x19 @ 1
[    1.434726] initcall init_cgroup_netprio+0x0/0x19 returned 0 after 0 u=
secs
[    1.434726] calling  bpf_lwt_init+0x0/0x1c @ 1
[    1.434726] initcall bpf_lwt_init+0x0/0x1c returned 0 after 0 usecs
[    1.434726] calling  devlink_init+0x0/0x2d @ 1
[    1.434726] initcall devlink_init+0x0/0x2d returned 0 after 0 usecs
[    1.434726] calling  pktsched_init+0x0/0x118 @ 1
[    1.434726] initcall pktsched_init+0x0/0x118 returned 0 after 0 usecs
[    1.434726] calling  tc_filter_init+0x0/0x105 @ 1
[    1.434726] initcall tc_filter_init+0x0/0x105 returned 0 after 0 usecs=

[    1.434726] calling  tc_action_init+0x0/0x5a @ 1
[    1.434726] initcall tc_action_init+0x0/0x5a returned 0 after 0 usecs
[    1.434726] calling  ethnl_init+0x0/0x5d @ 1
[    1.434726] initcall ethnl_init+0x0/0x5d returned 0 after 0 usecs
[    1.434726] calling  nexthop_init+0x0/0xde @ 1
[    1.434726] initcall nexthop_init+0x0/0xde returned 0 after 0 usecs
[    1.434726] calling  cipso_v4_init+0x0/0x69 @ 1
[    1.434726] initcall cipso_v4_init+0x0/0x69 returned 0 after 0 usecs
[    1.434726] calling  wireless_nlevent_init+0x0/0x44 @ 1
[    1.434726] initcall wireless_nlevent_init+0x0/0x44 returned 0 after 0=
 usecs
[    1.434726] calling  netlbl_init+0x0/0x7e @ 1
[    1.434726] NetLabel: Initializing
[    1.434726] NetLabel:  domain hash size =3D 128
[    1.434726] NetLabel:  protocols =3D UNLABELED CIPSOv4 CALIPSO
[    1.434726] NetLabel:  unlabeled traffic allowed by default
[    1.434726] initcall netlbl_init+0x0/0x7e returned 0 after 0 usecs
[    1.434726] calling  rfkill_init+0x0/0x11f @ 1
[    1.434726] initcall rfkill_init+0x0/0x11f returned 0 after 0 usecs
[    1.434726] calling  ncsi_init_netlink+0x0/0x17 @ 1
[    1.434726] initcall ncsi_init_netlink+0x0/0x17 returned 0 after 0 use=
cs
[    1.434726] calling  pci_subsys_init+0x0/0x68 @ 1
[    1.434726] PCI: Using ACPI for IRQ routing
[    1.442767] PCI: pci_cache_line_size set to 64 bytes
[    1.443237] e820: reserve RAM buffer [mem 0x0009f000-0x0009ffff]
[    1.443240] e820: reserve RAM buffer [mem 0x88301018-0x8bffffff]
[    1.443242] e820: reserve RAM buffer [mem 0xa6a37000-0xa7ffffff]
[    1.443244] e820: reserve RAM buffer [mem 0xaa5b7000-0xabffffff]
[    1.443246] e820: reserve RAM buffer [mem 0xafc50000-0xafffffff]
[    1.443248] e820: reserve RAM buffer [mem 0xb8c00000-0xbbffffff]
[    1.443250] e820: reserve RAM buffer [mem 0x83f800000-0x83fffffff]
[    1.443253] initcall pci_subsys_init+0x0/0x68 returned 0 after 11718 u=
secs
[    1.443257] calling  watchdog_init+0x0/0x8f @ 1
[    1.446105] initcall watchdog_init+0x0/0x8f returned 0 after 0 usecs
[    1.446108] calling  pci_eisa_init_early+0x0/0x112 @ 1
